2026-09-21 18:21:04,343 [INFO] local_seo_orchestrator — ============================================================
2026-09-21 18:21:04,343 [INFO] local_seo_orchestrator — Starting Search Sentinel pipeline
2026-09-21 18:21:04,343 [INFO] local_seo_orchestrator — Timestamp: 2026-09-21T18:21:04.343409+00:00
2026-09-21 18:21:04,343 [INFO] local_seo_orchestrator — ============================================================
2026-09-21 18:21:04,343 [INFO] local_seo_orchestrator — [1/5] Scanner Agent: fetching Google Maps rankings...
2026-09-21 18:21:04,343 [INFO] local_seo_orchestrator —       Rotation group A (ISO week 39); 0 subscriber categories always included
2026-09-21 18:21:04,344 [INFO] agents.scanner_agent — Scanner: scanning 'personal injury lawyer in New York NY' in New York, NY
2026-09-21 18:21:06,748 [INFO] agents.scanner_agent — Scanner [serpapi]: 20 results for 'personal injury lawyer in New York NY'
2026-09-21 18:21:10,748 [INFO] agents.scanner_agent — Scanner: scanning 'emergency plumber in New York NY' in New York, NY
2026-09-21 18:21:12,049 [INFO] agents.scanner_agent — Scanner [serpapi]: 20 results for 'emergency plumber in New York NY'
2026-09-21 18:21:16,049 [INFO] agents.scanner_agent — Scanner: scanning 'cosmetic dentist in New York NY' in New York, NY
2026-09-21 18:21:17,851 [INFO] agents.scanner_agent — Scanner [serpapi]: 20 results for 'cosmetic dentist in New York NY'
2026-09-21 18:21:21,852 [INFO] agents.scanner_agent — Scanner: scanning 'luxury real estate agent in New York NY' in New York, NY
2026-09-21 18:21:22,955 [INFO] agents.scanner_agent — Scanner [serpapi]: 20 results for 'luxury real estate agent in New York NY'
2026-09-21 18:21:26,955 [INFO] agents.scanner_agent — Scanner: scanning 'regenerative medicine clinic in New York NY' in New York, NY
2026-09-21 18:21:28,411 [INFO] agents.scanner_agent — Scanner [serpapi]: 20 results for 'regenerative medicine clinic in New York NY'
2026-09-21 18:21:32,412 [INFO] agents.scanner_agent — Scanner: scanning 'personal injury lawyer in Los Angeles CA' in Los Angeles, CA
2026-09-21 18:21:33,468 [WARNING] agents.scanner_agent — Scanner [outscraper] error (attempt 2/3): 402 Client Error: PAYMENT REQUIRED for url: https://api.app.outscraper.com/maps/search-v3?query=personal+injury+lawyer+in+Los+Angeles+CA&limit=20&async=false. Retrying in 5s...
2026-09-21 18:21:40,016 [WARNING] agents.scanner_agent — Scanner [outscraper] error (attempt 3/3): 402 Client Error: PAYMENT REQUIRED for url: https://api.app.outscraper.com/maps/search-v3?query=personal+injury+lawyer+in+Los+Angeles+CA&limit=20&async=false. Retrying in 10s...
2026-09-21 18:21:50,471 [WARNING] agents.scanner_agent — Scanner [outscraper]: exhausted retries for 'personal injury lawyer in Los Angeles CA'. Trying next provider...
2026-09-21 18:22:00,726 [INFO] agents.scanner_agent — Scanner [valueserp]: 20 results for 'personal injury lawyer in Los Angeles CA'
2026-09-21 18:22:04,726 [INFO] agents.scanner_agent — Scanner: scanning 'emergency plumber in Los Angeles CA' in Los Angeles, CA
2026-09-21 18:22:05,131 [WARNING] agents.scanner_agent — Scanner [outscraper] error (attempt 2/3): 402 Client Error: PAYMENT REQUIRED for url: https://api.app.outscraper.com/maps/search-v3?query=emergency+plumber+in+Los+Angeles+CA&limit=20&async=false. Retrying in 5s...
2026-09-21 18:22:11,126 [WARNING] agents.scanner_agent — Scanner [outscraper] error (attempt 3/3): 402 Client Error: PAYMENT REQUIRED for url: https://api.app.outscraper.com/maps/search-v3?query=emergency+plumber+in+Los+Angeles+CA&limit=20&async=false. Retrying in 10s...
2026-09-21 18:22:21,824 [WARNING] agents.scanner_agent — Scanner [outscraper]: exhausted retries for 'emergency plumber in Los Angeles CA'. Trying next provider...
2026-09-21 18:22:52,143 [WARNING] agents.scanner_agent — Scanner [valueserp] error (attempt 2/3): HTTPSConnectionPool(host='api.valueserp.com', port=443): Read timed out. (read timeout=30). Retrying in 5s...
2026-09-21 18:23:27,410 [WARNING] agents.scanner_agent — Scanner [valueserp] error (attempt 3/3): HTTPSConnectionPool(host='api.valueserp.com', port=443): Read timed out. (read timeout=30). Retrying in 10s...
2026-09-21 18:24:07,740 [WARNING] agents.scanner_agent — Scanner [valueserp]: exhausted retries for 'emergency plumber in Los Angeles CA'. Trying next provider...
2026-09-21 18:24:07,740 [ERROR] agents.scanner_agent — Scanner: all providers failed for 'emergency plumber in Los Angeles CA'
2026-09-21 18:24:11,741 [INFO] agents.scanner_agent — Scanner: scanning 'cosmetic dentist in Los Angeles CA' in Los Angeles, CA
2026-09-21 18:24:12,095 [WARNING] agents.scanner_agent — Scanner [outscraper] error (attempt 2/3): 402 Client Error: PAYMENT REQUIRED for url: https://api.app.outscraper.com/maps/search-v3?query=cosmetic+dentist+in+Los+Angeles+CA&limit=20&async=false. Retrying in 5s...
2026-09-21 18:24:17,954 [WARNING] agents.scanner_agent — Scanner [outscraper] error (attempt 3/3): 402 Client Error: PAYMENT REQUIRED for url: https://api.app.outscraper.com/maps/search-v3?query=cosmetic+dentist+in+Los+Angeles+CA&limit=20&async=false. Retrying in 10s...
2026-09-21 18:24:28,367 [WARNING] agents.scanner_agent — Scanner [outscraper]: exhausted retries for 'cosmetic dentist in Los Angeles CA'. Trying next provider...
2026-09-21 18:24:58,579 [WARNING] agents.scanner_agent — Scanner [valueserp] error (attempt 2/3): HTTPSConnectionPool(host='api.valueserp.com', port=443): Read timed out. (read timeout=30). Retrying in 5s...
2026-09-21 18:25:33,907 [WARNING] agents.scanner_agent — Scanner [valueserp] error (attempt 3/3): HTTPSConnectionPool(host='api.valueserp.com', port=443): Read timed out. (read timeout=30). Retrying in 10s...
2026-09-21 18:26:14,157 [WARNING] agents.scanner_agent — Scanner [valueserp]: exhausted retries for 'cosmetic dentist in Los Angeles CA'. Trying next provider...
2026-09-21 18:26:14,157 [ERROR] agents.scanner_agent — Scanner: all providers failed for 'cosmetic dentist in Los Angeles CA'
2026-09-21 18:26:18,157 [INFO] agents.scanner_agent — Scanner: scanning 'luxury real estate agent in Los Angeles CA' in Los Angeles, CA
2026-09-21 18:26:18,513 [WARNING] agents.scanner_agent — Scanner [outscraper] error (attempt 2/3): 402 Client Error: PAYMENT REQUIRED for url: https://api.app.outscraper.com/maps/search-v3?query=luxury+real+estate+agent+in+Los+Angeles+CA&limit=20&async=false. Retrying in 5s...
2026-09-21 18:26:24,146 [WARNING] agents.scanner_agent — Scanner [outscraper] error (attempt 3/3): 402 Client Error: PAYMENT REQUIRED for url: https://api.app.outscraper.com/maps/search-v3?query=luxury+real+estate+agent+in+Los+Angeles+CA&limit=20&async=false. Retrying in 10s...
2026-09-21 18:26:34,639 [WARNING] agents.scanner_agent — Scanner [outscraper]: exhausted retries for 'luxury real estate agent in Los Angeles CA'. Trying next provider...
2026-09-21 18:26:54,729 [INFO] agents.scanner_agent — Scanner [valueserp]: 20 results for 'luxury real estate agent in Los Angeles CA'
2026-09-21 18:26:58,730 [INFO] agents.scanner_agent — Scanner: scanning 'regenerative medicine clinic in Los Angeles CA' in Los Angeles, CA
2026-09-21 18:26:59,078 [WARNING] agents.scanner_agent — Scanner [outscraper] error (attempt 2/3): 402 Client Error: PAYMENT REQUIRED for url: https://api.app.outscraper.com/maps/search-v3?query=regenerative+medicine+clinic+in+Los+Angeles+CA&limit=20&async=false. Retrying in 5s...
2026-09-21 18:27:04,416 [WARNING] agents.scanner_agent — Scanner [outscraper] error (attempt 3/3): 402 Client Error: PAYMENT REQUIRED for url: https://api.app.outscraper.com/maps/search-v3?query=regenerative+medicine+clinic+in+Los+Angeles+CA&limit=20&async=false. Retrying in 10s...
2026-09-21 18:27:14,751 [WARNING] agents.scanner_agent — Scanner [outscraper]: exhausted retries for 'regenerative medicine clinic in Los Angeles CA'. Trying next provider...
2026-09-21 18:27:45,072 [WARNING] agents.scanner_agent — Scanner [valueserp] error (attempt 2/3): HTTPSConnectionPool(host='api.valueserp.com', port=443): Read timed out. (read timeout=30). Retrying in 5s...
2026-09-21 18:28:20,359 [WARNING] agents.scanner_agent — Scanner [valueserp] error (attempt 3/3): HTTPSConnectionPool(host='api.valueserp.com', port=443): Read timed out. (read timeout=30). Retrying in 10s...
2026-09-21 18:29:00,624 [WARNING] agents.scanner_agent — Scanner [valueserp]: exhausted retries for 'regenerative medicine clinic in Los Angeles CA'. Trying next provider...
2026-09-21 18:29:00,624 [ERROR] agents.scanner_agent — Scanner: all providers failed for 'regenerative medicine clinic in Los Angeles CA'
2026-09-21 18:29:04,624 [INFO] agents.scanner_agent — Scanner: scanning 'personal injury lawyer in Chicago IL' in Chicago, IL
2026-09-21 18:29:05,028 [WARNING] agents.scanner_agent — Scanner [outscraper] error (attempt 2/3): 402 Client Error: PAYMENT REQUIRED for url: https://api.app.outscraper.com/maps/search-v3?query=personal+injury+lawyer+in+Chicago+IL&limit=20&async=false. Retrying in 5s...
2026-09-21 18:29:10,362 [WARNING] agents.scanner_agent — Scanner [outscraper] error (attempt 3/3): 402 Client Error: PAYMENT REQUIRED for url: https://api.app.outscraper.com/maps/search-v3?query=personal+injury+lawyer+in+Chicago+IL&limit=20&async=false. Retrying in 10s...
2026-09-21 18:29:20,785 [WARNING] agents.scanner_agent — Scanner [outscraper]: exhausted retries for 'personal injury lawyer in Chicago IL'. Trying next provider...
2026-09-21 18:29:32,974 [INFO] agents.scanner_agent — Scanner [valueserp]: 20 results for 'personal injury lawyer in Chicago IL'
2026-09-21 18:29:36,974 [INFO] agents.scanner_agent — Scanner: scanning 'emergency plumber in Chicago IL' in Chicago, IL
2026-09-21 18:29:37,378 [WARNING] agents.scanner_agent — Scanner [outscraper] error (attempt 2/3): 402 Client Error: PAYMENT REQUIRED for url: https://api.app.outscraper.com/maps/search-v3?query=emergency+plumber+in+Chicago+IL&limit=20&async=false. Retrying in 5s...
2026-09-21 18:29:42,696 [WARNING] agents.scanner_agent — Scanner [outscraper] error (attempt 3/3): 402 Client Error: PAYMENT REQUIRED for url: https://api.app.outscraper.com/maps/search-v3?query=emergency+plumber+in+Chicago+IL&limit=20&async=false. Retrying in 10s...
2026-09-21 18:29:52,999 [WARNING] agents.scanner_agent — Scanner [outscraper]: exhausted retries for 'emergency plumber in Chicago IL'. Trying next provider...
2026-09-21 18:30:23,224 [WARNING] agents.scanner_agent — Scanner [valueserp] error (attempt 2/3): HTTPSConnectionPool(host='api.valueserp.com', port=443): Read timed out. (read timeout=30). Retrying in 5s...
2026-09-21 18:30:58,492 [WARNING] agents.scanner_agent — Scanner [valueserp] error (attempt 3/3): HTTPSConnectionPool(host='api.valueserp.com', port=443): Read timed out. (read timeout=30). Retrying in 10s...
2026-09-21 18:31:38,821 [WARNING] agents.scanner_agent — Scanner [valueserp]: exhausted retries for 'emergency plumber in Chicago IL'. Trying next provider...
2026-09-21 18:31:38,822 [ERROR] agents.scanner_agent — Scanner: all providers failed for 'emergency plumber in Chicago IL'
2026-09-21 18:31:42,822 [INFO] agents.scanner_agent — Scanner: scanning 'cosmetic dentist in Chicago IL' in Chicago, IL
2026-09-21 18:31:43,161 [WARNING] agents.scanner_agent — Scanner [outscraper] error (attempt 2/3): 402 Client Error: PAYMENT REQUIRED for url: https://api.app.outscraper.com/maps/search-v3?query=cosmetic+dentist+in+Chicago+IL&limit=20&async=false. Retrying in 5s...
2026-09-21 18:31:48,763 [WARNING] agents.scanner_agent — Scanner [outscraper] error (attempt 3/3): 402 Client Error: PAYMENT REQUIRED for url: https://api.app.outscraper.com/maps/search-v3?query=cosmetic+dentist+in+Chicago+IL&limit=20&async=false. Retrying in 10s...
2026-09-21 18:31:59,942 [WARNING] agents.scanner_agent — Scanner [outscraper]: exhausted retries for 'cosmetic dentist in Chicago IL'. Trying next provider...
2026-09-21 18:32:30,253 [WARNING] agents.scanner_agent — Scanner [valueserp] error (attempt 2/3): HTTPSConnectionPool(host='api.valueserp.com', port=443): Read timed out. (read timeout=30). Retrying in 5s...
2026-09-21 18:33:05,576 [WARNING] agents.scanner_agent — Scanner [valueserp] error (attempt 3/3): HTTPSConnectionPool(host='api.valueserp.com', port=443): Read timed out. (read timeout=30). Retrying in 10s...
2026-09-21 18:33:45,896 [WARNING] agents.scanner_agent — Scanner [valueserp]: exhausted retries for 'cosmetic dentist in Chicago IL'. Trying next provider...
2026-09-21 18:33:45,896 [ERROR] agents.scanner_agent — Scanner: all providers failed for 'cosmetic dentist in Chicago IL'
2026-09-21 18:33:49,897 [INFO] agents.scanner_agent — Scanner: scanning 'luxury real estate agent in Chicago IL' in Chicago, IL
2026-09-21 18:33:50,256 [WARNING] agents.scanner_agent — Scanner [outscraper] error (attempt 2/3): 402 Client Error: PAYMENT REQUIRED for url: https://api.app.outscraper.com/maps/search-v3?query=luxury+real+estate+agent+in+Chicago+IL&limit=20&async=false. Retrying in 5s...
2026-09-21 18:33:55,590 [WARNING] agents.scanner_agent — Scanner [outscraper] error (attempt 3/3): 402 Client Error: PAYMENT REQUIRED for url: https://api.app.outscraper.com/maps/search-v3?query=luxury+real+estate+agent+in+Chicago+IL&limit=20&async=false. Retrying in 10s...
2026-09-21 18:34:05,937 [WARNING] agents.scanner_agent — Scanner [outscraper]: exhausted retries for 'luxury real estate agent in Chicago IL'. Trying next provider...
2026-09-21 18:34:36,272 [WARNING] agents.scanner_agent — Scanner [valueserp] error (attempt 2/3): HTTPSConnectionPool(host='api.valueserp.com', port=443): Read timed out. (read timeout=30). Retrying in 5s...
2026-09-21 18:35:11,512 [WARNING] agents.scanner_agent — Scanner [valueserp] error (attempt 3/3): HTTPSConnectionPool(host='api.valueserp.com', port=443): Read timed out. (read timeout=30). Retrying in 10s...
2026-09-21 18:35:51,778 [WARNING] agents.scanner_agent — Scanner [valueserp]: exhausted retries for 'luxury real estate agent in Chicago IL'. Trying next provider...
2026-09-21 18:35:51,778 [ERROR] agents.scanner_agent — Scanner: all providers failed for 'luxury real estate agent in Chicago IL'
2026-09-21 18:35:55,778 [INFO] agents.scanner_agent — Scanner: scanning 'regenerative medicine clinic in Chicago IL' in Chicago, IL
2026-09-21 18:35:56,106 [WARNING] agents.scanner_agent — Scanner [outscraper] error (attempt 2/3): 402 Client Error: PAYMENT REQUIRED for url: https://api.app.outscraper.com/maps/search-v3?query=regenerative+medicine+clinic+in+Chicago+IL&limit=20&async=false. Retrying in 5s...
2026-09-21 18:36:01,467 [WARNING] agents.scanner_agent — Scanner [outscraper] error (attempt 3/3): 402 Client Error: PAYMENT REQUIRED for url: https://api.app.outscraper.com/maps/search-v3?query=regenerative+medicine+clinic+in+Chicago+IL&limit=20&async=false. Retrying in 10s...
2026-09-21 18:36:12,211 [WARNING] agents.scanner_agent — Scanner [outscraper]: exhausted retries for 'regenerative medicine clinic in Chicago IL'. Trying next provider...
2026-09-21 18:36:42,531 [WARNING] agents.scanner_agent — Scanner [valueserp] error (attempt 2/3): HTTPSConnectionPool(host='api.valueserp.com', port=443): Read timed out. (read timeout=30). Retrying in 5s...
2026-09-21 18:37:17,801 [WARNING] agents.scanner_agent — Scanner [valueserp] error (attempt 3/3): HTTPSConnectionPool(host='api.valueserp.com', port=443): Read timed out. (read timeout=30). Retrying in 10s...
2026-09-21 18:37:58,074 [WARNING] agents.scanner_agent — Scanner [valueserp]: exhausted retries for 'regenerative medicine clinic in Chicago IL'. Trying next provider...
2026-09-21 18:37:58,074 [ERROR] agents.scanner_agent — Scanner: all providers failed for 'regenerative medicine clinic in Chicago IL'
2026-09-21 18:38:02,074 [INFO] agents.scanner_agent — Scanner: scanning 'personal injury lawyer in Austin TX' in Austin, TX
2026-09-21 18:38:02,473 [WARNING] agents.scanner_agent — Scanner [outscraper] error (attempt 2/3): 402 Client Error: PAYMENT REQUIRED for url: https://api.app.outscraper.com/maps/search-v3?query=personal+injury+lawyer+in+Austin+TX&limit=20&async=false. Retrying in 5s...
2026-09-21 18:38:07,779 [WARNING] agents.scanner_agent — Scanner [outscraper] error (attempt 3/3): 402 Client Error: PAYMENT REQUIRED for url: https://api.app.outscraper.com/maps/search-v3?query=personal+injury+lawyer+in+Austin+TX&limit=20&async=false. Retrying in 10s...
2026-09-21 18:38:18,071 [WARNING] agents.scanner_agent — Scanner [outscraper]: exhausted retries for 'personal injury lawyer in Austin TX'. Trying next provider...
2026-09-21 18:38:48,384 [WARNING] agents.scanner_agent — Scanner [valueserp] error (attempt 2/3): HTTPSConnectionPool(host='api.valueserp.com', port=443): Read timed out. (read timeout=30). Retrying in 5s...
2026-09-21 18:39:23,632 [WARNING] agents.scanner_agent — Scanner [valueserp] error (attempt 3/3): HTTPSConnectionPool(host='api.valueserp.com', port=443): Read timed out. (read timeout=30). Retrying in 10s...
2026-09-21 18:40:03,901 [WARNING] agents.scanner_agent — Scanner [valueserp]: exhausted retries for 'personal injury lawyer in Austin TX'. Trying next provider...
2026-09-21 18:40:03,901 [ERROR] agents.scanner_agent — Scanner: all providers failed for 'personal injury lawyer in Austin TX'
2026-09-21 18:40:07,901 [INFO] agents.scanner_agent — Scanner: scanning 'emergency plumber in Austin TX' in Austin, TX
2026-09-21 18:40:08,211 [WARNING] agents.scanner_agent — Scanner [outscraper] error (attempt 2/3): 402 Client Error: PAYMENT REQUIRED for url: https://api.app.outscraper.com/maps/search-v3?query=emergency+plumber+in+Austin+TX&limit=20&async=false. Retrying in 5s...
2026-09-21 18:40:13,629 [WARNING] agents.scanner_agent — Scanner [outscraper] error (attempt 3/3): 402 Client Error: PAYMENT REQUIRED for url: https://api.app.outscraper.com/maps/search-v3?query=emergency+plumber+in+Austin+TX&limit=20&async=false. Retrying in 10s...
2026-09-21 18:40:23,963 [WARNING] agents.scanner_agent — Scanner [outscraper]: exhausted retries for 'emergency plumber in Austin TX'. Trying next provider...
2026-09-21 18:40:54,195 [WARNING] agents.scanner_agent — Scanner [valueserp] error (attempt 2/3): HTTPSConnectionPool(host='api.valueserp.com', port=443): Read timed out. (read timeout=30). Retrying in 5s...
2026-09-21 18:41:29,521 [WARNING] agents.scanner_agent — Scanner [valueserp] error (attempt 3/3): HTTPSConnectionPool(host='api.valueserp.com', port=443): Read timed out. (read timeout=30). Retrying in 10s...
2026-09-21 18:42:09,851 [WARNING] agents.scanner_agent — Scanner [valueserp]: exhausted retries for 'emergency plumber in Austin TX'. Trying next provider...
2026-09-21 18:42:09,851 [ERROR] agents.scanner_agent — Scanner: all providers failed for 'emergency plumber in Austin TX'
2026-09-21 18:42:13,851 [INFO] agents.scanner_agent — Scanner: scanning 'cosmetic dentist in Austin TX' in Austin, TX
2026-09-21 18:42:14,843 [WARNING] agents.scanner_agent — Scanner [outscraper] error (attempt 2/3): 402 Client Error: PAYMENT REQUIRED for url: https://api.app.outscraper.com/maps/search-v3?query=cosmetic+dentist+in+Austin+TX&limit=20&async=false. Retrying in 5s...
2026-09-21 18:42:20,723 [WARNING] agents.scanner_agent — Scanner [outscraper] error (attempt 3/3): 402 Client Error: PAYMENT REQUIRED for url: https://api.app.outscraper.com/maps/search-v3?query=cosmetic+dentist+in+Austin+TX&limit=20&async=false. Retrying in 10s...
2026-09-21 18:42:31,098 [WARNING] agents.scanner_agent — Scanner [outscraper]: exhausted retries for 'cosmetic dentist in Austin TX'. Trying next provider...
2026-09-21 18:43:01,421 [WARNING] agents.scanner_agent — Scanner [valueserp] error (attempt 2/3): HTTPSConnectionPool(host='api.valueserp.com', port=443): Read timed out. (read timeout=30). Retrying in 5s...
2026-09-21 18:43:36,680 [WARNING] agents.scanner_agent — Scanner [valueserp] error (attempt 3/3): HTTPSConnectionPool(host='api.valueserp.com', port=443): Read timed out. (read timeout=30). Retrying in 10s...
2026-09-21 18:43:50,025 [INFO] agents.scanner_agent — Scanner [valueserp]: 20 results for 'cosmetic dentist in Austin TX'
2026-09-21 18:43:54,025 [INFO] agents.scanner_agent — Scanner: scanning 'luxury real estate agent in Austin TX' in Austin, TX
2026-09-21 18:43:54,383 [WARNING] agents.scanner_agent — Scanner [outscraper] error (attempt 2/3): 402 Client Error: PAYMENT REQUIRED for url: https://api.app.outscraper.com/maps/search-v3?query=luxury+real+estate+agent+in+Austin+TX&limit=20&async=false. Retrying in 5s...
2026-09-21 18:43:59,719 [WARNING] agents.scanner_agent — Scanner [outscraper] error (attempt 3/3): 402 Client Error: PAYMENT REQUIRED for url: https://api.app.outscraper.com/maps/search-v3?query=luxury+real+estate+agent+in+Austin+TX&limit=20&async=false. Retrying in 10s...
2026-09-21 18:44:10,047 [WARNING] agents.scanner_agent — Scanner [outscraper]: exhausted retries for 'luxury real estate agent in Austin TX'. Trying next provider...
2026-09-21 18:44:40,295 [WARNING] agents.scanner_agent — Scanner [valueserp] error (attempt 2/3): HTTPSConnectionPool(host='api.valueserp.com', port=443): Read timed out. (read timeout=30). Retrying in 5s...
2026-09-21 18:45:15,545 [WARNING] agents.scanner_agent — Scanner [valueserp] error (attempt 3/3): HTTPSConnectionPool(host='api.valueserp.com', port=443): Read timed out. (read timeout=30). Retrying in 10s...
2026-09-21 18:45:55,823 [WARNING] agents.scanner_agent — Scanner [valueserp]: exhausted retries for 'luxury real estate agent in Austin TX'. Trying next provider...
2026-09-21 18:45:55,823 [ERROR] agents.scanner_agent — Scanner: all providers failed for 'luxury real estate agent in Austin TX'
2026-09-21 18:45:59,824 [INFO] agents.scanner_agent — Scanner: scanning 'regenerative medicine clinic in Austin TX' in Austin, TX
2026-09-21 18:46:07,207 [WARNING] agents.scanner_agent — Scanner [outscraper] error (attempt 2/3): 402 Client Error: PAYMENT REQUIRED for url: https://api.app.outscraper.com/maps/search-v3?query=regenerative+medicine+clinic+in+Austin+TX&limit=20&async=false. Retrying in 5s...
2026-09-21 18:46:12,633 [WARNING] agents.scanner_agent — Scanner [outscraper] error (attempt 3/3): 402 Client Error: PAYMENT REQUIRED for url: https://api.app.outscraper.com/maps/search-v3?query=regenerative+medicine+clinic+in+Austin+TX&limit=20&async=false. Retrying in 10s...
2026-09-21 18:46:22,944 [WARNING] agents.scanner_agent — Scanner [outscraper]: exhausted retries for 'regenerative medicine clinic in Austin TX'. Trying next provider...
2026-09-21 18:46:53,268 [WARNING] agents.scanner_agent — Scanner [valueserp] error (attempt 2/3): HTTPSConnectionPool(host='api.valueserp.com', port=443): Read timed out. (read timeout=30). Retrying in 5s...
2026-09-21 18:47:28,513 [WARNING] agents.scanner_agent — Scanner [valueserp] error (attempt 3/3): HTTPSConnectionPool(host='api.valueserp.com', port=443): Read timed out. (read timeout=30). Retrying in 10s...
2026-09-21 18:48:08,838 [WARNING] agents.scanner_agent — Scanner [valueserp]: exhausted retries for 'regenerative medicine clinic in Austin TX'. Trying next provider...
2026-09-21 18:48:08,838 [ERROR] agents.scanner_agent — Scanner: all providers failed for 'regenerative medicine clinic in Austin TX'
2026-09-21 18:48:12,838 [INFO] agents.scanner_agent — Scanner: scanning 'personal injury lawyer in Miami FL' in Miami, FL
2026-09-21 18:48:13,277 [WARNING] agents.scanner_agent — Scanner [outscraper] error (attempt 2/3): 402 Client Error: PAYMENT REQUIRED for url: https://api.app.outscraper.com/maps/search-v3?query=personal+injury+lawyer+in+Miami+FL&limit=20&async=false. Retrying in 5s...
2026-09-21 18:48:18,670 [WARNING] agents.scanner_agent — Scanner [outscraper] error (attempt 3/3): 402 Client Error: PAYMENT REQUIRED for url: https://api.app.outscraper.com/maps/search-v3?query=personal+injury+lawyer+in+Miami+FL&limit=20&async=false. Retrying in 10s...
2026-09-21 18:48:29,084 [WARNING] agents.scanner_agent — Scanner [outscraper]: exhausted retries for 'personal injury lawyer in Miami FL'. Trying next provider...
2026-09-21 18:48:59,405 [WARNING] agents.scanner_agent — Scanner [valueserp] error (attempt 2/3): HTTPSConnectionPool(host='api.valueserp.com', port=443): Read timed out. (read timeout=30). Retrying in 5s...
2026-09-21 18:49:34,705 [WARNING] agents.scanner_agent — Scanner [valueserp] error (attempt 3/3): HTTPSConnectionPool(host='api.valueserp.com', port=443): Read timed out. (read timeout=30). Retrying in 10s...
2026-09-21 18:50:15,036 [WARNING] agents.scanner_agent — Scanner [valueserp]: exhausted retries for 'personal injury lawyer in Miami FL'. Trying next provider...
2026-09-21 18:50:15,037 [ERROR] agents.scanner_agent — Scanner: all providers failed for 'personal injury lawyer in Miami FL'
2026-09-21 18:50:19,037 [INFO] agents.scanner_agent — Scanner: scanning 'emergency plumber in Miami FL' in Miami, FL
2026-09-21 18:50:19,570 [WARNING] agents.scanner_agent — Scanner [outscraper] error (attempt 2/3): 402 Client Error: PAYMENT REQUIRED for url: https://api.app.outscraper.com/maps/search-v3?query=emergency+plumber+in+Miami+FL&limit=20&async=false. Retrying in 5s...
2026-09-21 18:50:25,416 [WARNING] agents.scanner_agent — Scanner [outscraper] error (attempt 3/3): 402 Client Error: PAYMENT REQUIRED for url: https://api.app.outscraper.com/maps/search-v3?query=emergency+plumber+in+Miami+FL&limit=20&async=false. Retrying in 10s...
2026-09-21 18:50:35,830 [WARNING] agents.scanner_agent — Scanner [outscraper]: exhausted retries for 'emergency plumber in Miami FL'. Trying next provider...
2026-09-21 18:51:06,073 [WARNING] agents.scanner_agent — Scanner [valueserp] error (attempt 2/3): HTTPSConnectionPool(host='api.valueserp.com', port=443): Read timed out. (read timeout=30). Retrying in 5s...
2026-09-21 18:51:41,339 [WARNING] agents.scanner_agent — Scanner [valueserp] error (attempt 3/3): HTTPSConnectionPool(host='api.valueserp.com', port=443): Read timed out. (read timeout=30). Retrying in 10s...
2026-09-21 18:52:21,568 [WARNING] agents.scanner_agent — Scanner [valueserp]: exhausted retries for 'emergency plumber in Miami FL'. Trying next provider...
2026-09-21 18:52:21,568 [ERROR] agents.scanner_agent — Scanner: all providers failed for 'emergency plumber in Miami FL'
2026-09-21 18:52:25,568 [INFO] agents.scanner_agent — Scanner: scanning 'cosmetic dentist in Miami FL' in Miami, FL
2026-09-21 18:52:25,979 [WARNING] agents.scanner_agent — Scanner [outscraper] error (attempt 2/3): 402 Client Error: PAYMENT REQUIRED for url: https://api.app.outscraper.com/maps/search-v3?query=cosmetic+dentist+in+Miami+FL&limit=20&async=false. Retrying in 5s...
2026-09-21 18:52:31,296 [WARNING] agents.scanner_agent — Scanner [outscraper] error (attempt 3/3): 402 Client Error: PAYMENT REQUIRED for url: https://api.app.outscraper.com/maps/search-v3?query=cosmetic+dentist+in+Miami+FL&limit=20&async=false. Retrying in 10s...
2026-09-21 18:52:41,881 [WARNING] agents.scanner_agent — Scanner [outscraper]: exhausted retries for 'cosmetic dentist in Miami FL'. Trying next provider...
2026-09-21 18:53:12,205 [WARNING] agents.scanner_agent — Scanner [valueserp] error (attempt 2/3): HTTPSConnectionPool(host='api.valueserp.com', port=443): Read timed out. (read timeout=30). Retrying in 5s...
2026-09-21 18:53:21,930 [INFO] agents.scanner_agent — Scanner [valueserp]: 20 results for 'cosmetic dentist in Miami FL'
2026-09-21 18:53:25,930 [INFO] agents.scanner_agent — Scanner: scanning 'luxury real estate agent in Miami FL' in Miami, FL
2026-09-21 18:53:26,252 [WARNING] agents.scanner_agent — Scanner [outscraper] error (attempt 2/3): 402 Client Error: PAYMENT REQUIRED for url: https://api.app.outscraper.com/maps/search-v3?query=luxury+real+estate+agent+in+Miami+FL&limit=20&async=false. Retrying in 5s...
2026-09-21 18:53:31,629 [WARNING] agents.scanner_agent — Scanner [outscraper] error (attempt 3/3): 402 Client Error: PAYMENT REQUIRED for url: https://api.app.outscraper.com/maps/search-v3?query=luxury+real+estate+agent+in+Miami+FL&limit=20&async=false. Retrying in 10s...
2026-09-21 18:53:41,912 [WARNING] agents.scanner_agent — Scanner [outscraper]: exhausted retries for 'luxury real estate agent in Miami FL'. Trying next provider...
2026-09-21 18:54:12,165 [WARNING] agents.scanner_agent — Scanner [valueserp] error (attempt 2/3): HTTPSConnectionPool(host='api.valueserp.com', port=443): Read timed out. (read timeout=30). Retrying in 5s...
2026-09-21 18:54:47,489 [WARNING] agents.scanner_agent — Scanner [valueserp] error (attempt 3/3): HTTPSConnectionPool(host='api.valueserp.com', port=443): Read timed out. (read timeout=30). Retrying in 10s...
2026-09-21 18:55:27,729 [WARNING] agents.scanner_agent — Scanner [valueserp]: exhausted retries for 'luxury real estate agent in Miami FL'. Trying next provider...
2026-09-21 18:55:27,729 [ERROR] agents.scanner_agent — Scanner: all providers failed for 'luxury real estate agent in Miami FL'
2026-09-21 18:55:31,729 [INFO] agents.scanner_agent — Scanner: scanning 'regenerative medicine clinic in Miami FL' in Miami, FL
2026-09-21 18:55:32,064 [WARNING] agents.scanner_agent — Scanner [outscraper] error (attempt 2/3): 402 Client Error: PAYMENT REQUIRED for url: https://api.app.outscraper.com/maps/search-v3?query=regenerative+medicine+clinic+in+Miami+FL&limit=20&async=false. Retrying in 5s...
2026-09-21 18:55:37,464 [WARNING] agents.scanner_agent — Scanner [outscraper] error (attempt 3/3): 402 Client Error: PAYMENT REQUIRED for url: https://api.app.outscraper.com/maps/search-v3?query=regenerative+medicine+clinic+in+Miami+FL&limit=20&async=false. Retrying in 10s...
2026-09-21 18:55:47,895 [WARNING] agents.scanner_agent — Scanner [outscraper]: exhausted retries for 'regenerative medicine clinic in Miami FL'. Trying next provider...
2026-09-21 18:56:18,223 [WARNING] agents.scanner_agent — Scanner [valueserp] error (attempt 2/3): HTTPSConnectionPool(host='api.valueserp.com', port=443): Read timed out. (read timeout=30). Retrying in 5s...
2026-09-21 18:56:53,545 [WARNING] agents.scanner_agent — Scanner [valueserp] error (attempt 3/3): HTTPSConnectionPool(host='api.valueserp.com', port=443): Read timed out. (read timeout=30). Retrying in 10s...
2026-09-21 18:57:33,811 [WARNING] agents.scanner_agent — Scanner [valueserp]: exhausted retries for 'regenerative medicine clinic in Miami FL'. Trying next provider...
2026-09-21 18:57:33,811 [ERROR] agents.scanner_agent — Scanner: all providers failed for 'regenerative medicine clinic in Miami FL'
2026-09-21 18:57:37,812 [INFO] agents.scanner_agent — Scanner: scanning 'personal injury lawyer in Dallas TX' in Dallas, TX
2026-09-21 18:57:38,223 [WARNING] agents.scanner_agent — Scanner [outscraper] error (attempt 2/3): 402 Client Error: PAYMENT REQUIRED for url: https://api.app.outscraper.com/maps/search-v3?query=personal+injury+lawyer+in+Dallas+TX&limit=20&async=false. Retrying in 5s...
2026-09-21 18:57:43,588 [WARNING] agents.scanner_agent — Scanner [outscraper] error (attempt 3/3): 402 Client Error: PAYMENT REQUIRED for url: https://api.app.outscraper.com/maps/search-v3?query=personal+injury+lawyer+in+Dallas+TX&limit=20&async=false. Retrying in 10s...
2026-09-21 18:57:53,997 [WARNING] agents.scanner_agent — Scanner [outscraper]: exhausted retries for 'personal injury lawyer in Dallas TX'. Trying next provider...
2026-09-21 18:58:24,329 [WARNING] agents.scanner_agent — Scanner [valueserp] error (attempt 2/3): HTTPSConnectionPool(host='api.valueserp.com', port=443): Read timed out. (read timeout=30). Retrying in 5s...
2026-09-21 18:58:59,577 [WARNING] agents.scanner_agent — Scanner [valueserp] error (attempt 3/3): HTTPSConnectionPool(host='api.valueserp.com', port=443): Read timed out. (read timeout=30). Retrying in 10s...
2026-09-21 18:59:35,751 [INFO] agents.scanner_agent — Scanner [valueserp]: 20 results for 'personal injury lawyer in Dallas TX'
2026-09-21 18:59:39,751 [INFO] agents.scanner_agent — Scanner: scanning 'emergency plumber in Dallas TX' in Dallas, TX
2026-09-21 18:59:40,128 [WARNING] agents.scanner_agent — Scanner [outscraper] error (attempt 2/3): 402 Client Error: PAYMENT REQUIRED for url: https://api.app.outscraper.com/maps/search-v3?query=emergency+plumber+in+Dallas+TX&limit=20&async=false. Retrying in 5s...
2026-09-21 18:59:45,488 [WARNING] agents.scanner_agent — Scanner [outscraper] error (attempt 3/3): 402 Client Error: PAYMENT REQUIRED for url: https://api.app.outscraper.com/maps/search-v3?query=emergency+plumber+in+Dallas+TX&limit=20&async=false. Retrying in 10s...
2026-09-21 18:59:55,899 [WARNING] agents.scanner_agent — Scanner [outscraper]: exhausted retries for 'emergency plumber in Dallas TX'. Trying next provider...
2026-09-21 19:00:26,228 [WARNING] agents.scanner_agent — Scanner [valueserp] error (attempt 2/3): HTTPSConnectionPool(host='api.valueserp.com', port=443): Read timed out. (read timeout=30). Retrying in 5s...
2026-09-21 19:01:01,493 [WARNING] agents.scanner_agent — Scanner [valueserp] error (attempt 3/3): HTTPSConnectionPool(host='api.valueserp.com', port=443): Read timed out. (read timeout=30). Retrying in 10s...
2026-09-21 19:01:41,763 [WARNING] agents.scanner_agent — Scanner [valueserp]: exhausted retries for 'emergency plumber in Dallas TX'. Trying next provider...
2026-09-21 19:01:41,763 [ERROR] agents.scanner_agent — Scanner: all providers failed for 'emergency plumber in Dallas TX'
2026-09-21 19:01:45,763 [INFO] agents.scanner_agent — Scanner: scanning 'cosmetic dentist in Dallas TX' in Dallas, TX
2026-09-21 19:01:46,125 [WARNING] agents.scanner_agent — Scanner [outscraper] error (attempt 2/3): 402 Client Error: PAYMENT REQUIRED for url: https://api.app.outscraper.com/maps/search-v3?query=cosmetic+dentist+in+Dallas+TX&limit=20&async=false. Retrying in 5s...
2026-09-21 19:01:51,482 [WARNING] agents.scanner_agent — Scanner [outscraper] error (attempt 3/3): 402 Client Error: PAYMENT REQUIRED for url: https://api.app.outscraper.com/maps/search-v3?query=cosmetic+dentist+in+Dallas+TX&limit=20&async=false. Retrying in 10s...
2026-09-21 19:02:02,023 [WARNING] agents.scanner_agent — Scanner [outscraper]: exhausted retries for 'cosmetic dentist in Dallas TX'. Trying next provider...
2026-09-21 19:02:32,267 [WARNING] agents.scanner_agent — Scanner [valueserp] error (attempt 2/3): HTTPSConnectionPool(host='api.valueserp.com', port=443): Read timed out. (read timeout=30). Retrying in 5s...
2026-09-21 19:03:07,594 [WARNING] agents.scanner_agent — Scanner [valueserp] error (attempt 3/3): HTTPSConnectionPool(host='api.valueserp.com', port=443): Read timed out. (read timeout=30). Retrying in 10s...
2026-09-21 19:03:47,850 [WARNING] agents.scanner_agent — Scanner [valueserp]: exhausted retries for 'cosmetic dentist in Dallas TX'. Trying next provider...
2026-09-21 19:03:47,851 [ERROR] agents.scanner_agent — Scanner: all providers failed for 'cosmetic dentist in Dallas TX'
2026-09-21 19:03:51,851 [INFO] agents.scanner_agent — Scanner: scanning 'luxury real estate agent in Dallas TX' in Dallas, TX
2026-09-21 19:03:52,349 [WARNING] agents.scanner_agent — Scanner [outscraper] error (attempt 2/3): 402 Client Error: PAYMENT REQUIRED for url: https://api.app.outscraper.com/maps/search-v3?query=luxury+real+estate+agent+in+Dallas+TX&limit=20&async=false. Retrying in 5s...
2026-09-21 19:03:57,763 [WARNING] agents.scanner_agent — Scanner [outscraper] error (attempt 3/3): 402 Client Error: PAYMENT REQUIRED for url: https://api.app.outscraper.com/maps/search-v3?query=luxury+real+estate+agent+in+Dallas+TX&limit=20&async=false. Retrying in 10s...
2026-09-21 19:04:08,742 [WARNING] agents.scanner_agent — Scanner [outscraper]: exhausted retries for 'luxury real estate agent in Dallas TX'. Trying next provider...
2026-09-21 19:04:39,017 [WARNING] agents.scanner_agent — Scanner [valueserp] error (attempt 2/3): HTTPSConnectionPool(host='api.valueserp.com', port=443): Read timed out. (read timeout=30). Retrying in 5s...
2026-09-21 19:05:14,283 [WARNING] agents.scanner_agent — Scanner [valueserp] error (attempt 3/3): HTTPSConnectionPool(host='api.valueserp.com', port=443): Read timed out. (read timeout=30). Retrying in 10s...
2026-09-21 19:05:54,600 [WARNING] agents.scanner_agent — Scanner [valueserp]: exhausted retries for 'luxury real estate agent in Dallas TX'. Trying next provider...
2026-09-21 19:05:54,600 [ERROR] agents.scanner_agent — Scanner: all providers failed for 'luxury real estate agent in Dallas TX'
2026-09-21 19:05:58,600 [INFO] agents.scanner_agent — Scanner: scanning 'regenerative medicine clinic in Dallas TX' in Dallas, TX
2026-09-21 19:05:59,594 [WARNING] agents.scanner_agent — Scanner [outscraper] error (attempt 2/3): 402 Client Error: PAYMENT REQUIRED for url: https://api.app.outscraper.com/maps/search-v3?query=regenerative+medicine+clinic+in+Dallas+TX&limit=20&async=false. Retrying in 5s...
2026-09-21 19:06:04,930 [WARNING] agents.scanner_agent — Scanner [outscraper] error (attempt 3/3): 402 Client Error: PAYMENT REQUIRED for url: https://api.app.outscraper.com/maps/search-v3?query=regenerative+medicine+clinic+in+Dallas+TX&limit=20&async=false. Retrying in 10s...
2026-09-21 19:06:16,536 [WARNING] agents.scanner_agent — Scanner [outscraper]: exhausted retries for 'regenerative medicine clinic in Dallas TX'. Trying next provider...
2026-09-21 19:06:17,184 [WARNING] agents.scanner_agent — Scanner [valueserp] error (attempt 2/3): 402 Client Error: Payment Required for url: https://api.valueserp.com/search?api_key=D9A9275867E24AE7B4F67C693E753592&q=regenerative+medicine+clinic+in+Dallas+TX&search_type=places. Retrying in 5s...
2026-09-21 19:06:22,609 [WARNING] agents.scanner_agent — Scanner [valueserp] error (attempt 3/3): 402 Client Error: Payment Required for url: https://api.valueserp.com/search?api_key=D9A9275867E24AE7B4F67C693E753592&q=regenerative+medicine+clinic+in+Dallas+TX&search_type=places. Retrying in 10s...
2026-09-21 19:06:32,992 [WARNING] agents.scanner_agent — Scanner [valueserp]: exhausted retries for 'regenerative medicine clinic in Dallas TX'. Trying next provider...
2026-09-21 19:06:32,993 [ERROR] agents.scanner_agent — Scanner: all providers failed for 'regenerative medicine clinic in Dallas TX'
2026-09-21 19:06:36,993 [INFO] agents.scanner_agent — Scanner: scanning 'personal injury lawyer in Phoenix AZ' in Phoenix, AZ
2026-09-21 19:06:37,344 [WARNING] agents.scanner_agent — Scanner [outscraper] error (attempt 2/3): 402 Client Error: PAYMENT REQUIRED for url: https://api.app.outscraper.com/maps/search-v3?query=personal+injury+lawyer+in+Phoenix+AZ&limit=20&async=false. Retrying in 5s...
2026-09-21 19:06:42,661 [WARNING] agents.scanner_agent — Scanner [outscraper] error (attempt 3/3): 402 Client Error: PAYMENT REQUIRED for url: https://api.app.outscraper.com/maps/search-v3?query=personal+injury+lawyer+in+Phoenix+AZ&limit=20&async=false. Retrying in 10s...
2026-09-21 19:06:53,005 [WARNING] agents.scanner_agent — Scanner [outscraper]: exhausted retries for 'personal injury lawyer in Phoenix AZ'. Trying next provider...
2026-09-21 19:06:53,738 [WARNING] agents.scanner_agent — Scanner [valueserp] error (attempt 2/3): 402 Client Error: Payment Required for url: https://api.valueserp.com/search?api_key=D9A9275867E24AE7B4F67C693E753592&q=personal+injury+lawyer+in+Phoenix+AZ&search_type=places. Retrying in 5s...
2026-09-21 19:06:59,093 [WARNING] agents.scanner_agent — Scanner [valueserp] error (attempt 3/3): 402 Client Error: Payment Required for url: https://api.valueserp.com/search?api_key=D9A9275867E24AE7B4F67C693E753592&q=personal+injury+lawyer+in+Phoenix+AZ&search_type=places. Retrying in 10s...
2026-09-21 19:07:09,453 [WARNING] agents.scanner_agent — Scanner [valueserp]: exhausted retries for 'personal injury lawyer in Phoenix AZ'. Trying next provider...
2026-09-21 19:07:09,454 [ERROR] agents.scanner_agent — Scanner: all providers failed for 'personal injury lawyer in Phoenix AZ'
2026-09-21 19:07:13,454 [INFO] agents.scanner_agent — Scanner: scanning 'emergency plumber in Phoenix AZ' in Phoenix, AZ
2026-09-21 19:07:13,877 [WARNING] agents.scanner_agent — Scanner [outscraper] error (attempt 2/3): 402 Client Error: PAYMENT REQUIRED for url: https://api.app.outscraper.com/maps/search-v3?query=emergency+plumber+in+Phoenix+AZ&limit=20&async=false. Retrying in 5s...
2026-09-21 19:07:19,252 [WARNING] agents.scanner_agent — Scanner [outscraper] error (attempt 3/3): 402 Client Error: PAYMENT REQUIRED for url: https://api.app.outscraper.com/maps/search-v3?query=emergency+plumber+in+Phoenix+AZ&limit=20&async=false. Retrying in 10s...
2026-09-21 19:07:29,721 [WARNING] agents.scanner_agent — Scanner [outscraper]: exhausted retries for 'emergency plumber in Phoenix AZ'. Trying next provider...
2026-09-21 19:07:30,212 [WARNING] agents.scanner_agent — Scanner [valueserp] error (attempt 2/3): 402 Client Error: Payment Required for url: https://api.valueserp.com/search?api_key=D9A9275867E24AE7B4F67C693E753592&q=emergency+plumber+in+Phoenix+AZ&search_type=places. Retrying in 5s...
2026-09-21 19:07:35,552 [WARNING] agents.scanner_agent — Scanner [valueserp] error (attempt 3/3): 402 Client Error: Payment Required for url: https://api.valueserp.com/search?api_key=D9A9275867E24AE7B4F67C693E753592&q=emergency+plumber+in+Phoenix+AZ&search_type=places. Retrying in 10s...
2026-09-21 19:07:45,884 [WARNING] agents.scanner_agent — Scanner [valueserp]: exhausted retries for 'emergency plumber in Phoenix AZ'. Trying next provider...
2026-09-21 19:07:45,885 [ERROR] agents.scanner_agent — Scanner: all providers failed for 'emergency plumber in Phoenix AZ'
2026-09-21 19:07:49,885 [INFO] agents.scanner_agent — Scanner: scanning 'cosmetic dentist in Phoenix AZ' in Phoenix, AZ
2026-09-21 19:07:50,507 [WARNING] agents.scanner_agent — Scanner [outscraper] error (attempt 2/3): 402 Client Error: PAYMENT REQUIRED for url: https://api.app.outscraper.com/maps/search-v3?query=cosmetic+dentist+in+Phoenix+AZ&limit=20&async=false. Retrying in 5s...
2026-09-21 19:07:56,115 [WARNING] agents.scanner_agent — Scanner [outscraper] error (attempt 3/3): 402 Client Error: PAYMENT REQUIRED for url: https://api.app.outscraper.com/maps/search-v3?query=cosmetic+dentist+in+Phoenix+AZ&limit=20&async=false. Retrying in 10s...
2026-09-21 19:08:06,478 [WARNING] agents.scanner_agent — Scanner [outscraper]: exhausted retries for 'cosmetic dentist in Phoenix AZ'. Trying next provider...
2026-09-21 19:08:06,923 [WARNING] agents.scanner_agent — Scanner [valueserp] error (attempt 2/3): 402 Client Error: Payment Required for url: https://api.valueserp.com/search?api_key=D9A9275867E24AE7B4F67C693E753592&q=cosmetic+dentist+in+Phoenix+AZ&search_type=places. Retrying in 5s...
2026-09-21 19:08:12,290 [WARNING] agents.scanner_agent — Scanner [valueserp] error (attempt 3/3): 402 Client Error: Payment Required for url: https://api.valueserp.com/search?api_key=D9A9275867E24AE7B4F67C693E753592&q=cosmetic+dentist+in+Phoenix+AZ&search_type=places. Retrying in 10s...
2026-09-21 19:08:22,679 [WARNING] agents.scanner_agent — Scanner [valueserp]: exhausted retries for 'cosmetic dentist in Phoenix AZ'. Trying next provider...
2026-09-21 19:08:22,680 [ERROR] agents.scanner_agent — Scanner: all providers failed for 'cosmetic dentist in Phoenix AZ'
2026-09-21 19:08:26,680 [INFO] agents.scanner_agent — Scanner: scanning 'luxury real estate agent in Phoenix AZ' in Phoenix, AZ
2026-09-21 19:08:27,276 [WARNING] agents.scanner_agent — Scanner [outscraper] error (attempt 2/3): 402 Client Error: PAYMENT REQUIRED for url: https://api.app.outscraper.com/maps/search-v3?query=luxury+real+estate+agent+in+Phoenix+AZ&limit=20&async=false. Retrying in 5s...
2026-09-21 19:08:32,688 [WARNING] agents.scanner_agent — Scanner [outscraper] error (attempt 3/3): 402 Client Error: PAYMENT REQUIRED for url: https://api.app.outscraper.com/maps/search-v3?query=luxury+real+estate+agent+in+Phoenix+AZ&limit=20&async=false. Retrying in 10s...
2026-09-21 19:08:43,128 [WARNING] agents.scanner_agent — Scanner [outscraper]: exhausted retries for 'luxury real estate agent in Phoenix AZ'. Trying next provider...
2026-09-21 19:08:43,483 [WARNING] agents.scanner_agent — Scanner [valueserp] error (attempt 2/3): 402 Client Error: Payment Required for url: https://api.valueserp.com/search?api_key=D9A9275867E24AE7B4F67C693E753592&q=luxury+real+estate+agent+in+Phoenix+AZ&search_type=places. Retrying in 5s...
2026-09-21 19:08:52,542 [WARNING] agents.scanner_agent — Scanner [valueserp] error (attempt 3/3): 402 Client Error: Payment Required for url: https://api.valueserp.com/search?api_key=D9A9275867E24AE7B4F67C693E753592&q=luxury+real+estate+agent+in+Phoenix+AZ&search_type=places. Retrying in 10s...
2026-09-21 19:09:02,904 [WARNING] agents.scanner_agent — Scanner [valueserp]: exhausted retries for 'luxury real estate agent in Phoenix AZ'. Trying next provider...
2026-09-21 19:09:02,905 [ERROR] agents.scanner_agent — Scanner: all providers failed for 'luxury real estate agent in Phoenix AZ'
2026-09-21 19:09:06,906 [INFO] agents.scanner_agent — Scanner: scanning 'regenerative medicine clinic in Phoenix AZ' in Phoenix, AZ
2026-09-21 19:09:07,206 [WARNING] agents.scanner_agent — Scanner [outscraper] error (attempt 2/3): 402 Client Error: PAYMENT REQUIRED for url: https://api.app.outscraper.com/maps/search-v3?query=regenerative+medicine+clinic+in+Phoenix+AZ&limit=20&async=false. Retrying in 5s...
2026-09-21 19:09:12,875 [WARNING] agents.scanner_agent — Scanner [outscraper] error (attempt 3/3): 402 Client Error: PAYMENT REQUIRED for url: https://api.app.outscraper.com/maps/search-v3?query=regenerative+medicine+clinic+in+Phoenix+AZ&limit=20&async=false. Retrying in 10s...
2026-09-21 19:09:23,184 [WARNING] agents.scanner_agent — Scanner [outscraper]: exhausted retries for 'regenerative medicine clinic in Phoenix AZ'. Trying next provider...
2026-09-21 19:09:23,543 [WARNING] agents.scanner_agent — Scanner [valueserp] error (attempt 2/3): 402 Client Error: Payment Required for url: https://api.valueserp.com/search?api_key=D9A9275867E24AE7B4F67C693E753592&q=regenerative+medicine+clinic+in+Phoenix+AZ&search_type=places. Retrying in 5s...
2026-09-21 19:09:28,905 [WARNING] agents.scanner_agent — Scanner [valueserp] error (attempt 3/3): 402 Client Error: Payment Required for url: https://api.valueserp.com/search?api_key=D9A9275867E24AE7B4F67C693E753592&q=regenerative+medicine+clinic+in+Phoenix+AZ&search_type=places. Retrying in 10s...
2026-09-21 19:09:39,264 [WARNING] agents.scanner_agent — Scanner [valueserp]: exhausted retries for 'regenerative medicine clinic in Phoenix AZ'. Trying next provider...
2026-09-21 19:09:39,265 [ERROR] agents.scanner_agent — Scanner: all providers failed for 'regenerative medicine clinic in Phoenix AZ'
2026-09-21 19:09:43,266 [INFO] agents.scanner_agent — Scanner: scanning 'personal injury lawyer in Denver CO' in Denver, CO
2026-09-21 19:09:43,794 [WARNING] agents.scanner_agent — Scanner [outscraper] error (attempt 2/3): 402 Client Error: PAYMENT REQUIRED for url: https://api.app.outscraper.com/maps/search-v3?query=personal+injury+lawyer+in+Denver+CO&limit=20&async=false. Retrying in 5s...
2026-09-21 19:09:49,159 [WARNING] agents.scanner_agent — Scanner [outscraper] error (attempt 3/3): 402 Client Error: PAYMENT REQUIRED for url: https://api.app.outscraper.com/maps/search-v3?query=personal+injury+lawyer+in+Denver+CO&limit=20&async=false. Retrying in 10s...
2026-09-21 19:09:59,468 [WARNING] agents.scanner_agent — Scanner [outscraper]: exhausted retries for 'personal injury lawyer in Denver CO'. Trying next provider...
2026-09-21 19:09:59,821 [WARNING] agents.scanner_agent — Scanner [valueserp] error (attempt 2/3): 402 Client Error: Payment Required for url: https://api.valueserp.com/search?api_key=D9A9275867E24AE7B4F67C693E753592&q=personal+injury+lawyer+in+Denver+CO&search_type=places. Retrying in 5s...
2026-09-21 19:10:05,232 [WARNING] agents.scanner_agent — Scanner [valueserp] error (attempt 3/3): 402 Client Error: Payment Required for url: https://api.valueserp.com/search?api_key=D9A9275867E24AE7B4F67C693E753592&q=personal+injury+lawyer+in+Denver+CO&search_type=places. Retrying in 10s...
2026-09-21 19:10:15,625 [WARNING] agents.scanner_agent — Scanner [valueserp]: exhausted retries for 'personal injury lawyer in Denver CO'. Trying next provider...
2026-09-21 19:10:15,626 [ERROR] agents.scanner_agent — Scanner: all providers failed for 'personal injury lawyer in Denver CO'
2026-09-21 19:10:19,627 [INFO] agents.scanner_agent — Scanner: scanning 'emergency plumber in Denver CO' in Denver, CO
2026-09-21 19:10:20,079 [WARNING] agents.scanner_agent — Scanner [outscraper] error (attempt 2/3): 402 Client Error: PAYMENT REQUIRED for url: https://api.app.outscraper.com/maps/search-v3?query=emergency+plumber+in+Denver+CO&limit=20&async=false. Retrying in 5s...
2026-09-21 19:10:25,383 [WARNING] agents.scanner_agent — Scanner [outscraper] error (attempt 3/3): 402 Client Error: PAYMENT REQUIRED for url: https://api.app.outscraper.com/maps/search-v3?query=emergency+plumber+in+Denver+CO&limit=20&async=false. Retrying in 10s...
2026-09-21 19:10:35,696 [WARNING] agents.scanner_agent — Scanner [outscraper]: exhausted retries for 'emergency plumber in Denver CO'. Trying next provider...
2026-09-21 19:10:36,209 [WARNING] agents.scanner_agent — Scanner [valueserp] error (attempt 2/3): 402 Client Error: Payment Required for url: https://api.valueserp.com/search?api_key=D9A9275867E24AE7B4F67C693E753592&q=emergency+plumber+in+Denver+CO&search_type=places. Retrying in 5s...
2026-09-21 19:10:41,581 [WARNING] agents.scanner_agent — Scanner [valueserp] error (attempt 3/3): 402 Client Error: Payment Required for url: https://api.valueserp.com/search?api_key=D9A9275867E24AE7B4F67C693E753592&q=emergency+plumber+in+Denver+CO&search_type=places. Retrying in 10s...
2026-09-21 19:10:52,017 [WARNING] agents.scanner_agent — Scanner [valueserp]: exhausted retries for 'emergency plumber in Denver CO'. Trying next provider...
2026-09-21 19:10:52,018 [ERROR] agents.scanner_agent — Scanner: all providers failed for 'emergency plumber in Denver CO'
2026-09-21 19:10:56,018 [INFO] agents.scanner_agent — Scanner: scanning 'cosmetic dentist in Denver CO' in Denver, CO
2026-09-21 19:10:56,449 [WARNING] agents.scanner_agent — Scanner [outscraper] error (attempt 2/3): 402 Client Error: PAYMENT REQUIRED for url: https://api.app.outscraper.com/maps/search-v3?query=cosmetic+dentist+in+Denver+CO&limit=20&async=false. Retrying in 5s...
2026-09-21 19:11:02,048 [WARNING] agents.scanner_agent — Scanner [outscraper] error (attempt 3/3): 402 Client Error: PAYMENT REQUIRED for url: https://api.app.outscraper.com/maps/search-v3?query=cosmetic+dentist+in+Denver+CO&limit=20&async=false. Retrying in 10s...
2026-09-21 19:11:12,936 [WARNING] agents.scanner_agent — Scanner [outscraper]: exhausted retries for 'cosmetic dentist in Denver CO'. Trying next provider...
2026-09-21 19:11:13,304 [WARNING] agents.scanner_agent — Scanner [valueserp] error (attempt 2/3): 402 Client Error: Payment Required for url: https://api.valueserp.com/search?api_key=D9A9275867E24AE7B4F67C693E753592&q=cosmetic+dentist+in+Denver+CO&search_type=places. Retrying in 5s...
2026-09-21 19:11:18,665 [WARNING] agents.scanner_agent — Scanner [valueserp] error (attempt 3/3): 402 Client Error: Payment Required for url: https://api.valueserp.com/search?api_key=D9A9275867E24AE7B4F67C693E753592&q=cosmetic+dentist+in+Denver+CO&search_type=places. Retrying in 10s...
2026-09-21 19:11:29,015 [WARNING] agents.scanner_agent — Scanner [valueserp]: exhausted retries for 'cosmetic dentist in Denver CO'. Trying next provider...
2026-09-21 19:11:29,016 [ERROR] agents.scanner_agent — Scanner: all providers failed for 'cosmetic dentist in Denver CO'
2026-09-21 19:11:33,017 [INFO] agents.scanner_agent — Scanner: scanning 'luxury real estate agent in Denver CO' in Denver, CO
2026-09-21 19:11:33,326 [WARNING] agents.scanner_agent — Scanner [outscraper] error (attempt 2/3): 402 Client Error: PAYMENT REQUIRED for url: https://api.app.outscraper.com/maps/search-v3?query=luxury+real+estate+agent+in+Denver+CO&limit=20&async=false. Retrying in 5s...
2026-09-21 19:11:38,634 [WARNING] agents.scanner_agent — Scanner [outscraper] error (attempt 3/3): 402 Client Error: PAYMENT REQUIRED for url: https://api.app.outscraper.com/maps/search-v3?query=luxury+real+estate+agent+in+Denver+CO&limit=20&async=false. Retrying in 10s...
2026-09-21 19:11:48,975 [WARNING] agents.scanner_agent — Scanner [outscraper]: exhausted retries for 'luxury real estate agent in Denver CO'. Trying next provider...
2026-09-21 19:11:49,430 [WARNING] agents.scanner_agent — Scanner [valueserp] error (attempt 2/3): 402 Client Error: Payment Required for url: https://api.valueserp.com/search?api_key=D9A9275867E24AE7B4F67C693E753592&q=luxury+real+estate+agent+in+Denver+CO&search_type=places. Retrying in 5s...
2026-09-21 19:11:54,767 [WARNING] agents.scanner_agent — Scanner [valueserp] error (attempt 3/3): 402 Client Error: Payment Required for url: https://api.valueserp.com/search?api_key=D9A9275867E24AE7B4F67C693E753592&q=luxury+real+estate+agent+in+Denver+CO&search_type=places. Retrying in 10s...
2026-09-21 19:12:06,191 [WARNING] agents.scanner_agent — Scanner [valueserp]: exhausted retries for 'luxury real estate agent in Denver CO'. Trying next provider...
2026-09-21 19:12:06,192 [ERROR] agents.scanner_agent — Scanner: all providers failed for 'luxury real estate agent in Denver CO'
2026-09-21 19:12:10,193 [INFO] agents.scanner_agent — Scanner: scanning 'regenerative medicine clinic in Denver CO' in Denver, CO
2026-09-21 19:12:10,590 [WARNING] agents.scanner_agent — Scanner [outscraper] error (attempt 2/3): 402 Client Error: PAYMENT REQUIRED for url: https://api.app.outscraper.com/maps/search-v3?query=regenerative+medicine+clinic+in+Denver+CO&limit=20&async=false. Retrying in 5s...
2026-09-21 19:12:15,922 [WARNING] agents.scanner_agent — Scanner [outscraper] error (attempt 3/3): 402 Client Error: PAYMENT REQUIRED for url: https://api.app.outscraper.com/maps/search-v3?query=regenerative+medicine+clinic+in+Denver+CO&limit=20&async=false. Retrying in 10s...
2026-09-21 19:12:26,263 [WARNING] agents.scanner_agent — Scanner [outscraper]: exhausted retries for 'regenerative medicine clinic in Denver CO'. Trying next provider...
2026-09-21 19:12:26,699 [WARNING] agents.scanner_agent — Scanner [valueserp] error (attempt 2/3): 402 Client Error: Payment Required for url: https://api.valueserp.com/search?api_key=D9A9275867E24AE7B4F67C693E753592&q=regenerative+medicine+clinic+in+Denver+CO&search_type=places. Retrying in 5s...
2026-09-21 19:12:32,089 [WARNING] agents.scanner_agent — Scanner [valueserp] error (attempt 3/3): 402 Client Error: Payment Required for url: https://api.valueserp.com/search?api_key=D9A9275867E24AE7B4F67C693E753592&q=regenerative+medicine+clinic+in+Denver+CO&search_type=places. Retrying in 10s...
2026-09-21 19:12:42,429 [WARNING] agents.scanner_agent — Scanner [valueserp]: exhausted retries for 'regenerative medicine clinic in Denver CO'. Trying next provider...
2026-09-21 19:12:42,430 [ERROR] agents.scanner_agent — Scanner: all providers failed for 'regenerative medicine clinic in Denver CO'
2026-09-21 19:12:46,431 [INFO] agents.scanner_agent — Scanner: scanning 'personal injury lawyer in Philadelphia PA' in Philadelphia, PA
2026-09-21 19:12:46,790 [WARNING] agents.scanner_agent — Scanner [outscraper] error (attempt 2/3): 402 Client Error: PAYMENT REQUIRED for url: https://api.app.outscraper.com/maps/search-v3?query=personal+injury+lawyer+in+Philadelphia+PA&limit=20&async=false. Retrying in 5s...
2026-09-21 19:12:52,125 [WARNING] agents.scanner_agent — Scanner [outscraper] error (attempt 3/3): 402 Client Error: PAYMENT REQUIRED for url: https://api.app.outscraper.com/maps/search-v3?query=personal+injury+lawyer+in+Philadelphia+PA&limit=20&async=false. Retrying in 10s...
2026-09-21 19:13:02,483 [WARNING] agents.scanner_agent — Scanner [outscraper]: exhausted retries for 'personal injury lawyer in Philadelphia PA'. Trying next provider...
2026-09-21 19:13:02,860 [WARNING] agents.scanner_agent — Scanner [valueserp] error (attempt 2/3): 402 Client Error: Payment Required for url: https://api.valueserp.com/search?api_key=D9A9275867E24AE7B4F67C693E753592&q=personal+injury+lawyer+in+Philadelphia+PA&search_type=places. Retrying in 5s...
2026-09-21 19:13:08,272 [WARNING] agents.scanner_agent — Scanner [valueserp] error (attempt 3/3): 402 Client Error: Payment Required for url: https://api.valueserp.com/search?api_key=D9A9275867E24AE7B4F67C693E753592&q=personal+injury+lawyer+in+Philadelphia+PA&search_type=places. Retrying in 10s...
2026-09-21 19:13:18,694 [WARNING] agents.scanner_agent — Scanner [valueserp]: exhausted retries for 'personal injury lawyer in Philadelphia PA'. Trying next provider...
2026-09-21 19:13:18,695 [ERROR] agents.scanner_agent — Scanner: all providers failed for 'personal injury lawyer in Philadelphia PA'
2026-09-21 19:13:22,695 [INFO] agents.scanner_agent — Scanner: scanning 'emergency plumber in Philadelphia PA' in Philadelphia, PA
2026-09-21 19:13:23,032 [WARNING] agents.scanner_agent — Scanner [outscraper] error (attempt 2/3): 402 Client Error: PAYMENT REQUIRED for url: https://api.app.outscraper.com/maps/search-v3?query=emergency+plumber+in+Philadelphia+PA&limit=20&async=false. Retrying in 5s...
2026-09-21 19:13:28,369 [WARNING] agents.scanner_agent — Scanner [outscraper] error (attempt 3/3): 402 Client Error: PAYMENT REQUIRED for url: https://api.app.outscraper.com/maps/search-v3?query=emergency+plumber+in+Philadelphia+PA&limit=20&async=false. Retrying in 10s...
2026-09-21 19:13:38,946 [WARNING] agents.scanner_agent — Scanner [outscraper]: exhausted retries for 'emergency plumber in Philadelphia PA'. Trying next provider...
2026-09-21 19:13:39,393 [WARNING] agents.scanner_agent — Scanner [valueserp] error (attempt 2/3): 402 Client Error: Payment Required for url: https://api.valueserp.com/search?api_key=D9A9275867E24AE7B4F67C693E753592&q=emergency+plumber+in+Philadelphia+PA&search_type=places. Retrying in 5s...
2026-09-21 19:13:45,129 [WARNING] agents.scanner_agent — Scanner [valueserp] error (attempt 3/3): 402 Client Error: Payment Required for url: https://api.valueserp.com/search?api_key=D9A9275867E24AE7B4F67C693E753592&q=emergency+plumber+in+Philadelphia+PA&search_type=places. Retrying in 10s...
2026-09-21 19:13:55,490 [WARNING] agents.scanner_agent — Scanner [valueserp]: exhausted retries for 'emergency plumber in Philadelphia PA'. Trying next provider...
2026-09-21 19:13:55,491 [ERROR] agents.scanner_agent — Scanner: all providers failed for 'emergency plumber in Philadelphia PA'
2026-09-21 19:13:59,492 [INFO] agents.scanner_agent — Scanner: scanning 'cosmetic dentist in Philadelphia PA' in Philadelphia, PA
2026-09-21 19:13:59,900 [WARNING] agents.scanner_agent — Scanner [outscraper] error (attempt 2/3): 402 Client Error: PAYMENT REQUIRED for url: https://api.app.outscraper.com/maps/search-v3?query=cosmetic+dentist+in+Philadelphia+PA&limit=20&async=false. Retrying in 5s...
2026-09-21 19:14:05,287 [WARNING] agents.scanner_agent — Scanner [outscraper] error (attempt 3/3): 402 Client Error: PAYMENT REQUIRED for url: https://api.app.outscraper.com/maps/search-v3?query=cosmetic+dentist+in+Philadelphia+PA&limit=20&async=false. Retrying in 10s...
2026-09-21 19:14:15,593 [WARNING] agents.scanner_agent — Scanner [outscraper]: exhausted retries for 'cosmetic dentist in Philadelphia PA'. Trying next provider...
2026-09-21 19:14:15,952 [WARNING] agents.scanner_agent — Scanner [valueserp] error (attempt 2/3): 402 Client Error: Payment Required for url: https://api.valueserp.com/search?api_key=D9A9275867E24AE7B4F67C693E753592&q=cosmetic+dentist+in+Philadelphia+PA&search_type=places. Retrying in 5s...
2026-09-21 19:14:21,296 [WARNING] agents.scanner_agent — Scanner [valueserp] error (attempt 3/3): 402 Client Error: Payment Required for url: https://api.valueserp.com/search?api_key=D9A9275867E24AE7B4F67C693E753592&q=cosmetic+dentist+in+Philadelphia+PA&search_type=places. Retrying in 10s...
2026-09-21 19:14:31,661 [WARNING] agents.scanner_agent — Scanner [valueserp]: exhausted retries for 'cosmetic dentist in Philadelphia PA'. Trying next provider...
2026-09-21 19:14:31,663 [ERROR] agents.scanner_agent — Scanner: all providers failed for 'cosmetic dentist in Philadelphia PA'
2026-09-21 19:14:35,663 [INFO] agents.scanner_agent — Scanner: scanning 'luxury real estate agent in Philadelphia PA' in Philadelphia, PA
2026-09-21 19:14:36,069 [WARNING] agents.scanner_agent — Scanner [outscraper] error (attempt 2/3): 402 Client Error: PAYMENT REQUIRED for url: https://api.app.outscraper.com/maps/search-v3?query=luxury+real+estate+agent+in+Philadelphia+PA&limit=20&async=false. Retrying in 5s...
2026-09-21 19:14:41,477 [WARNING] agents.scanner_agent — Scanner [outscraper] error (attempt 3/3): 402 Client Error: PAYMENT REQUIRED for url: https://api.app.outscraper.com/maps/search-v3?query=luxury+real+estate+agent+in+Philadelphia+PA&limit=20&async=false. Retrying in 10s...
2026-09-21 19:14:51,883 [WARNING] agents.scanner_agent — Scanner [outscraper]: exhausted retries for 'luxury real estate agent in Philadelphia PA'. Trying next provider...
2026-09-21 19:14:52,249 [WARNING] agents.scanner_agent — Scanner [valueserp] error (attempt 2/3): 402 Client Error: Payment Required for url: https://api.valueserp.com/search?api_key=D9A9275867E24AE7B4F67C693E753592&q=luxury+real+estate+agent+in+Philadelphia+PA&search_type=places. Retrying in 5s...
2026-09-21 19:14:57,610 [WARNING] agents.scanner_agent — Scanner [valueserp] error (attempt 3/3): 402 Client Error: Payment Required for url: https://api.valueserp.com/search?api_key=D9A9275867E24AE7B4F67C693E753592&q=luxury+real+estate+agent+in+Philadelphia+PA&search_type=places. Retrying in 10s...
2026-09-21 19:15:08,007 [WARNING] agents.scanner_agent — Scanner [valueserp]: exhausted retries for 'luxury real estate agent in Philadelphia PA'. Trying next provider...
2026-09-21 19:15:08,008 [ERROR] agents.scanner_agent — Scanner: all providers failed for 'luxury real estate agent in Philadelphia PA'
2026-09-21 19:15:12,008 [INFO] agents.scanner_agent — Scanner: scanning 'regenerative medicine clinic in Philadelphia PA' in Philadelphia, PA
2026-09-21 19:15:12,324 [WARNING] agents.scanner_agent — Scanner [outscraper] error (attempt 2/3): 402 Client Error: PAYMENT REQUIRED for url: https://api.app.outscraper.com/maps/search-v3?query=regenerative+medicine+clinic+in+Philadelphia+PA&limit=20&async=false. Retrying in 5s...
2026-09-21 19:15:17,603 [WARNING] agents.scanner_agent — Scanner [outscraper] error (attempt 3/3): 402 Client Error: PAYMENT REQUIRED for url: https://api.app.outscraper.com/maps/search-v3?query=regenerative+medicine+clinic+in+Philadelphia+PA&limit=20&async=false. Retrying in 10s...
2026-09-21 19:15:28,439 [WARNING] agents.scanner_agent — Scanner [outscraper]: exhausted retries for 'regenerative medicine clinic in Philadelphia PA'. Trying next provider...
2026-09-21 19:15:33,321 [WARNING] agents.scanner_agent — Scanner [valueserp] error (attempt 2/3): 402 Client Error: Payment Required for url: https://api.valueserp.com/search?api_key=D9A9275867E24AE7B4F67C693E753592&q=regenerative+medicine+clinic+in+Philadelphia+PA&search_type=places. Retrying in 5s...
2026-09-21 19:15:42,248 [WARNING] agents.scanner_agent — Scanner [valueserp] error (attempt 3/3): 402 Client Error: Payment Required for url: https://api.valueserp.com/search?api_key=D9A9275867E24AE7B4F67C693E753592&q=regenerative+medicine+clinic+in+Philadelphia+PA&search_type=places. Retrying in 10s...
2026-09-21 19:15:54,113 [WARNING] agents.scanner_agent — Scanner [valueserp]: exhausted retries for 'regenerative medicine clinic in Philadelphia PA'. Trying next provider...
2026-09-21 19:15:54,114 [ERROR] agents.scanner_agent — Scanner: all providers failed for 'regenerative medicine clinic in Philadelphia PA'
2026-09-21 19:15:58,115 [INFO] agents.scanner_agent — Scanner: scanning 'personal injury lawyer in Houston TX' in Houston, TX
2026-09-21 19:15:58,529 [WARNING] agents.scanner_agent — Scanner [outscraper] error (attempt 2/3): 402 Client Error: PAYMENT REQUIRED for url: https://api.app.outscraper.com/maps/search-v3?query=personal+injury+lawyer+in+Houston+TX&limit=20&async=false. Retrying in 5s...
2026-09-21 19:16:04,375 [WARNING] agents.scanner_agent — Scanner [outscraper] error (attempt 3/3): 402 Client Error: PAYMENT REQUIRED for url: https://api.app.outscraper.com/maps/search-v3?query=personal+injury+lawyer+in+Houston+TX&limit=20&async=false. Retrying in 10s...
2026-09-21 19:16:14,785 [WARNING] agents.scanner_agent — Scanner [outscraper]: exhausted retries for 'personal injury lawyer in Houston TX'. Trying next provider...
2026-09-21 19:16:15,772 [WARNING] agents.scanner_agent — Scanner [valueserp] error (attempt 2/3): 402 Client Error: Payment Required for url: https://api.valueserp.com/search?api_key=D9A9275867E24AE7B4F67C693E753592&q=personal+injury+lawyer+in+Houston+TX&search_type=places. Retrying in 5s...
2026-09-21 19:16:21,996 [WARNING] agents.scanner_agent — Scanner [valueserp] error (attempt 3/3): 402 Client Error: Payment Required for url: https://api.valueserp.com/search?api_key=D9A9275867E24AE7B4F67C693E753592&q=personal+injury+lawyer+in+Houston+TX&search_type=places. Retrying in 10s...
2026-09-21 19:16:32,659 [WARNING] agents.scanner_agent — Scanner [valueserp]: exhausted retries for 'personal injury lawyer in Houston TX'. Trying next provider...
2026-09-21 19:16:32,660 [ERROR] agents.scanner_agent — Scanner: all providers failed for 'personal injury lawyer in Houston TX'
2026-09-21 19:16:36,660 [INFO] agents.scanner_agent — Scanner: scanning 'emergency plumber in Houston TX' in Houston, TX
2026-09-21 19:16:36,971 [WARNING] agents.scanner_agent — Scanner [outscraper] error (attempt 2/3): 402 Client Error: PAYMENT REQUIRED for url: https://api.app.outscraper.com/maps/search-v3?query=emergency+plumber+in+Houston+TX&limit=20&async=false. Retrying in 5s...
2026-09-21 19:16:42,755 [WARNING] agents.scanner_agent — Scanner [outscraper] error (attempt 3/3): 402 Client Error: PAYMENT REQUIRED for url: https://api.app.outscraper.com/maps/search-v3?query=emergency+plumber+in+Houston+TX&limit=20&async=false. Retrying in 10s...
2026-09-21 19:16:53,093 [WARNING] agents.scanner_agent — Scanner [outscraper]: exhausted retries for 'emergency plumber in Houston TX'. Trying next provider...
2026-09-21 19:16:53,459 [WARNING] agents.scanner_agent — Scanner [valueserp] error (attempt 2/3): 402 Client Error: Payment Required for url: https://api.valueserp.com/search?api_key=D9A9275867E24AE7B4F67C693E753592&q=emergency+plumber+in+Houston+TX&search_type=places. Retrying in 5s...
2026-09-21 19:16:58,829 [WARNING] agents.scanner_agent — Scanner [valueserp] error (attempt 3/3): 402 Client Error: Payment Required for url: https://api.valueserp.com/search?api_key=D9A9275867E24AE7B4F67C693E753592&q=emergency+plumber+in+Houston+TX&search_type=places. Retrying in 10s...
2026-09-21 19:17:09,218 [WARNING] agents.scanner_agent — Scanner [valueserp]: exhausted retries for 'emergency plumber in Houston TX'. Trying next provider...
2026-09-21 19:17:09,219 [ERROR] agents.scanner_agent — Scanner: all providers failed for 'emergency plumber in Houston TX'
2026-09-21 19:17:13,220 [INFO] agents.scanner_agent — Scanner: scanning 'cosmetic dentist in Houston TX' in Houston, TX
2026-09-21 19:17:13,680 [WARNING] agents.scanner_agent — Scanner [outscraper] error (attempt 2/3): 402 Client Error: PAYMENT REQUIRED for url: https://api.app.outscraper.com/maps/search-v3?query=cosmetic+dentist+in+Houston+TX&limit=20&async=false. Retrying in 5s...
2026-09-21 19:17:18,986 [WARNING] agents.scanner_agent — Scanner [outscraper] error (attempt 3/3): 402 Client Error: PAYMENT REQUIRED for url: https://api.app.outscraper.com/maps/search-v3?query=cosmetic+dentist+in+Houston+TX&limit=20&async=false. Retrying in 10s...
2026-09-21 19:17:29,309 [WARNING] agents.scanner_agent — Scanner [outscraper]: exhausted retries for 'cosmetic dentist in Houston TX'. Trying next provider...
2026-09-21 19:17:29,651 [WARNING] agents.scanner_agent — Scanner [valueserp] error (attempt 2/3): 402 Client Error: Payment Required for url: https://api.valueserp.com/search?api_key=D9A9275867E24AE7B4F67C693E753592&q=cosmetic+dentist+in+Houston+TX&search_type=places. Retrying in 5s...
2026-09-21 19:17:38,372 [WARNING] agents.scanner_agent — Scanner [valueserp] error (attempt 3/3): 402 Client Error: Payment Required for url: https://api.valueserp.com/search?api_key=D9A9275867E24AE7B4F67C693E753592&q=cosmetic+dentist+in+Houston+TX&search_type=places. Retrying in 10s...
2026-09-21 19:17:48,746 [WARNING] agents.scanner_agent — Scanner [valueserp]: exhausted retries for 'cosmetic dentist in Houston TX'. Trying next provider...
2026-09-21 19:17:48,747 [ERROR] agents.scanner_agent — Scanner: all providers failed for 'cosmetic dentist in Houston TX'
2026-09-21 19:17:52,748 [INFO] agents.scanner_agent — Scanner: scanning 'luxury real estate agent in Houston TX' in Houston, TX
2026-09-21 19:17:53,169 [WARNING] agents.scanner_agent — Scanner [outscraper] error (attempt 2/3): 402 Client Error: PAYMENT REQUIRED for url: https://api.app.outscraper.com/maps/search-v3?query=luxury+real+estate+agent+in+Houston+TX&limit=20&async=false. Retrying in 5s...
2026-09-21 19:17:58,501 [WARNING] agents.scanner_agent — Scanner [outscraper] error (attempt 3/3): 402 Client Error: PAYMENT REQUIRED for url: https://api.app.outscraper.com/maps/search-v3?query=luxury+real+estate+agent+in+Houston+TX&limit=20&async=false. Retrying in 10s...
2026-09-21 19:18:08,840 [WARNING] agents.scanner_agent — Scanner [outscraper]: exhausted retries for 'luxury real estate agent in Houston TX'. Trying next provider...
2026-09-21 19:18:09,220 [WARNING] agents.scanner_agent — Scanner [valueserp] error (attempt 2/3): 402 Client Error: Payment Required for url: https://api.valueserp.com/search?api_key=D9A9275867E24AE7B4F67C693E753592&q=luxury+real+estate+agent+in+Houston+TX&search_type=places. Retrying in 5s...
2026-09-21 19:18:16,545 [WARNING] agents.scanner_agent — Scanner [valueserp] error (attempt 3/3): 402 Client Error: Payment Required for url: https://api.valueserp.com/search?api_key=D9A9275867E24AE7B4F67C693E753592&q=luxury+real+estate+agent+in+Houston+TX&search_type=places. Retrying in 10s...
2026-09-21 19:18:26,875 [WARNING] agents.scanner_agent — Scanner [valueserp]: exhausted retries for 'luxury real estate agent in Houston TX'. Trying next provider...
2026-09-21 19:18:26,876 [ERROR] agents.scanner_agent — Scanner: all providers failed for 'luxury real estate agent in Houston TX'
2026-09-21 19:18:30,876 [INFO] agents.scanner_agent — Scanner: scanning 'regenerative medicine clinic in Houston TX' in Houston, TX
2026-09-21 19:18:31,220 [WARNING] agents.scanner_agent — Scanner [outscraper] error (attempt 2/3): 402 Client Error: PAYMENT REQUIRED for url: https://api.app.outscraper.com/maps/search-v3?query=regenerative+medicine+clinic+in+Houston+TX&limit=20&async=false. Retrying in 5s...
2026-09-21 19:18:36,530 [WARNING] agents.scanner_agent — Scanner [outscraper] error (attempt 3/3): 402 Client Error: PAYMENT REQUIRED for url: https://api.app.outscraper.com/maps/search-v3?query=regenerative+medicine+clinic+in+Houston+TX&limit=20&async=false. Retrying in 10s...
2026-09-21 19:18:46,881 [WARNING] agents.scanner_agent — Scanner [outscraper]: exhausted retries for 'regenerative medicine clinic in Houston TX'. Trying next provider...
2026-09-21 19:18:47,299 [WARNING] agents.scanner_agent — Scanner [valueserp] error (attempt 2/3): 402 Client Error: Payment Required for url: https://api.valueserp.com/search?api_key=D9A9275867E24AE7B4F67C693E753592&q=regenerative+medicine+clinic+in+Houston+TX&search_type=places. Retrying in 5s...
2026-09-21 19:18:53,589 [WARNING] agents.scanner_agent — Scanner [valueserp] error (attempt 3/3): 402 Client Error: Payment Required for url: https://api.valueserp.com/search?api_key=D9A9275867E24AE7B4F67C693E753592&q=regenerative+medicine+clinic+in+Houston+TX&search_type=places. Retrying in 10s...
2026-09-21 19:19:03,953 [WARNING] agents.scanner_agent — Scanner [valueserp]: exhausted retries for 'regenerative medicine clinic in Houston TX'. Trying next provider...
2026-09-21 19:19:03,954 [ERROR] agents.scanner_agent — Scanner: all providers failed for 'regenerative medicine clinic in Houston TX'
2026-09-21 19:19:07,955 [INFO] agents.scanner_agent — Scanner: scanning 'personal injury lawyer in San Francisco CA' in San Francisco, CA
2026-09-21 19:19:08,256 [WARNING] agents.scanner_agent — Scanner [outscraper] error (attempt 2/3): 402 Client Error: PAYMENT REQUIRED for url: https://api.app.outscraper.com/maps/search-v3?query=personal+injury+lawyer+in+San+Francisco+CA&limit=20&async=false. Retrying in 5s...
2026-09-21 19:19:13,604 [WARNING] agents.scanner_agent — Scanner [outscraper] error (attempt 3/3): 402 Client Error: PAYMENT REQUIRED for url: https://api.app.outscraper.com/maps/search-v3?query=personal+injury+lawyer+in+San+Francisco+CA&limit=20&async=false. Retrying in 10s...
2026-09-21 19:19:23,914 [WARNING] agents.scanner_agent — Scanner [outscraper]: exhausted retries for 'personal injury lawyer in San Francisco CA'. Trying next provider...
2026-09-21 19:19:24,254 [WARNING] agents.scanner_agent — Scanner [valueserp] error (attempt 2/3): 402 Client Error: Payment Required for url: https://api.valueserp.com/search?api_key=D9A9275867E24AE7B4F67C693E753592&q=personal+injury+lawyer+in+San+Francisco+CA&search_type=places. Retrying in 5s...
2026-09-21 19:19:29,592 [WARNING] agents.scanner_agent — Scanner [valueserp] error (attempt 3/3): 402 Client Error: Payment Required for url: https://api.valueserp.com/search?api_key=D9A9275867E24AE7B4F67C693E753592&q=personal+injury+lawyer+in+San+Francisco+CA&search_type=places. Retrying in 10s...
2026-09-21 19:19:42,021 [WARNING] agents.scanner_agent — Scanner [valueserp]: exhausted retries for 'personal injury lawyer in San Francisco CA'. Trying next provider...
2026-09-21 19:19:42,022 [ERROR] agents.scanner_agent — Scanner: all providers failed for 'personal injury lawyer in San Francisco CA'
2026-09-21 19:19:46,023 [INFO] agents.scanner_agent — Scanner: scanning 'emergency plumber in San Francisco CA' in San Francisco, CA
2026-09-21 19:19:46,341 [WARNING] agents.scanner_agent — Scanner [outscraper] error (attempt 2/3): 402 Client Error: PAYMENT REQUIRED for url: https://api.app.outscraper.com/maps/search-v3?query=emergency+plumber+in+San+Francisco+CA&limit=20&async=false. Retrying in 5s...
2026-09-21 19:19:51,649 [WARNING] agents.scanner_agent — Scanner [outscraper] error (attempt 3/3): 402 Client Error: PAYMENT REQUIRED for url: https://api.app.outscraper.com/maps/search-v3?query=emergency+plumber+in+San+Francisco+CA&limit=20&async=false. Retrying in 10s...
2026-09-21 19:20:03,383 [WARNING] agents.scanner_agent — Scanner [outscraper]: exhausted retries for 'emergency plumber in San Francisco CA'. Trying next provider...
2026-09-21 19:20:03,819 [WARNING] agents.scanner_agent — Scanner [valueserp] error (attempt 2/3): 402 Client Error: Payment Required for url: https://api.valueserp.com/search?api_key=D9A9275867E24AE7B4F67C693E753592&q=emergency+plumber+in+San+Francisco+CA&search_type=places. Retrying in 5s...
2026-09-21 19:20:09,219 [WARNING] agents.scanner_agent — Scanner [valueserp] error (attempt 3/3): 402 Client Error: Payment Required for url: https://api.valueserp.com/search?api_key=D9A9275867E24AE7B4F67C693E753592&q=emergency+plumber+in+San+Francisco+CA&search_type=places. Retrying in 10s...
2026-09-21 19:20:19,578 [WARNING] agents.scanner_agent — Scanner [valueserp]: exhausted retries for 'emergency plumber in San Francisco CA'. Trying next provider...
2026-09-21 19:20:19,579 [ERROR] agents.scanner_agent — Scanner: all providers failed for 'emergency plumber in San Francisco CA'
2026-09-21 19:20:23,580 [INFO] agents.scanner_agent — Scanner: scanning 'cosmetic dentist in San Francisco CA' in San Francisco, CA
2026-09-21 19:20:23,985 [WARNING] agents.scanner_agent — Scanner [outscraper] error (attempt 2/3): 402 Client Error: PAYMENT REQUIRED for url: https://api.app.outscraper.com/maps/search-v3?query=cosmetic+dentist+in+San+Francisco+CA&limit=20&async=false. Retrying in 5s...
2026-09-21 19:20:29,402 [WARNING] agents.scanner_agent — Scanner [outscraper] error (attempt 3/3): 402 Client Error: PAYMENT REQUIRED for url: https://api.app.outscraper.com/maps/search-v3?query=cosmetic+dentist+in+San+Francisco+CA&limit=20&async=false. Retrying in 10s...
2026-09-21 19:20:39,743 [WARNING] agents.scanner_agent — Scanner [outscraper]: exhausted retries for 'cosmetic dentist in San Francisco CA'. Trying next provider...
2026-09-21 19:20:40,177 [WARNING] agents.scanner_agent — Scanner [valueserp] error (attempt 2/3): 402 Client Error: Payment Required for url: https://api.valueserp.com/search?api_key=D9A9275867E24AE7B4F67C693E753592&q=cosmetic+dentist+in+San+Francisco+CA&search_type=places. Retrying in 5s...
2026-09-21 19:20:45,619 [WARNING] agents.scanner_agent — Scanner [valueserp] error (attempt 3/3): 402 Client Error: Payment Required for url: https://api.valueserp.com/search?api_key=D9A9275867E24AE7B4F67C693E753592&q=cosmetic+dentist+in+San+Francisco+CA&search_type=places. Retrying in 10s...
2026-09-21 19:20:55,955 [WARNING] agents.scanner_agent — Scanner [valueserp]: exhausted retries for 'cosmetic dentist in San Francisco CA'. Trying next provider...
2026-09-21 19:20:55,956 [ERROR] agents.scanner_agent — Scanner: all providers failed for 'cosmetic dentist in San Francisco CA'
2026-09-21 19:20:59,957 [INFO] agents.scanner_agent — Scanner: scanning 'luxury real estate agent in San Francisco CA' in San Francisco, CA
2026-09-21 19:21:00,359 [WARNING] agents.scanner_agent — Scanner [outscraper] error (attempt 2/3): 402 Client Error: PAYMENT REQUIRED for url: https://api.app.outscraper.com/maps/search-v3?query=luxury+real+estate+agent+in+San+Francisco+CA&limit=20&async=false. Retrying in 5s...
2026-09-21 19:21:05,770 [WARNING] agents.scanner_agent — Scanner [outscraper] error (attempt 3/3): 402 Client Error: PAYMENT REQUIRED for url: https://api.app.outscraper.com/maps/search-v3?query=luxury+real+estate+agent+in+San+Francisco+CA&limit=20&async=false. Retrying in 10s...
2026-09-21 19:21:16,311 [WARNING] agents.scanner_agent — Scanner [outscraper]: exhausted retries for 'luxury real estate agent in San Francisco CA'. Trying next provider...
2026-09-21 19:21:16,701 [WARNING] agents.scanner_agent — Scanner [valueserp] error (attempt 2/3): 402 Client Error: Payment Required for url: https://api.valueserp.com/search?api_key=D9A9275867E24AE7B4F67C693E753592&q=luxury+real+estate+agent+in+San+Francisco+CA&search_type=places. Retrying in 5s...
2026-09-21 19:21:22,055 [WARNING] agents.scanner_agent — Scanner [valueserp] error (attempt 3/3): 402 Client Error: Payment Required for url: https://api.valueserp.com/search?api_key=D9A9275867E24AE7B4F67C693E753592&q=luxury+real+estate+agent+in+San+Francisco+CA&search_type=places. Retrying in 10s...
2026-09-21 19:21:32,429 [WARNING] agents.scanner_agent — Scanner [valueserp]: exhausted retries for 'luxury real estate agent in San Francisco CA'. Trying next provider...
2026-09-21 19:21:32,430 [ERROR] agents.scanner_agent — Scanner: all providers failed for 'luxury real estate agent in San Francisco CA'
2026-09-21 19:21:36,430 [INFO] agents.scanner_agent — Scanner: scanning 'regenerative medicine clinic in San Francisco CA' in San Francisco, CA
2026-09-21 19:21:36,760 [WARNING] agents.scanner_agent — Scanner [outscraper] error (attempt 2/3): 402 Client Error: PAYMENT REQUIRED for url: https://api.app.outscraper.com/maps/search-v3?query=regenerative+medicine+clinic+in+San+Francisco+CA&limit=20&async=false. Retrying in 5s...
2026-09-21 19:21:42,386 [WARNING] agents.scanner_agent — Scanner [outscraper] error (attempt 3/3): 402 Client Error: PAYMENT REQUIRED for url: https://api.app.outscraper.com/maps/search-v3?query=regenerative+medicine+clinic+in+San+Francisco+CA&limit=20&async=false. Retrying in 10s...
2026-09-21 19:21:52,704 [WARNING] agents.scanner_agent — Scanner [outscraper]: exhausted retries for 'regenerative medicine clinic in San Francisco CA'. Trying next provider...
2026-09-21 19:21:53,715 [WARNING] agents.scanner_agent — Scanner [valueserp] error (attempt 2/3): 402 Client Error: Payment Required for url: https://api.valueserp.com/search?api_key=D9A9275867E24AE7B4F67C693E753592&q=regenerative+medicine+clinic+in+San+Francisco+CA&search_type=places. Retrying in 5s...
2026-09-21 19:21:59,060 [WARNING] agents.scanner_agent — Scanner [valueserp] error (attempt 3/3): 402 Client Error: Payment Required for url: https://api.valueserp.com/search?api_key=D9A9275867E24AE7B4F67C693E753592&q=regenerative+medicine+clinic+in+San+Francisco+CA&search_type=places. Retrying in 10s...
2026-09-21 19:22:09,492 [WARNING] agents.scanner_agent — Scanner [valueserp]: exhausted retries for 'regenerative medicine clinic in San Francisco CA'. Trying next provider...
2026-09-21 19:22:09,493 [ERROR] agents.scanner_agent — Scanner: all providers failed for 'regenerative medicine clinic in San Francisco CA'
2026-09-21 19:22:13,494 [INFO] agents.scanner_agent — Scanner: scanning 'personal injury lawyer in Seattle WA' in Seattle, WA
2026-09-21 19:22:13,774 [WARNING] agents.scanner_agent — Scanner [outscraper] error (attempt 2/3): 402 Client Error: PAYMENT REQUIRED for url: https://api.app.outscraper.com/maps/search-v3?query=personal+injury+lawyer+in+Seattle+WA&limit=20&async=false. Retrying in 5s...
2026-09-21 19:22:19,195 [WARNING] agents.scanner_agent — Scanner [outscraper] error (attempt 3/3): 402 Client Error: PAYMENT REQUIRED for url: https://api.app.outscraper.com/maps/search-v3?query=personal+injury+lawyer+in+Seattle+WA&limit=20&async=false. Retrying in 10s...
2026-09-21 19:22:29,544 [WARNING] agents.scanner_agent — Scanner [outscraper]: exhausted retries for 'personal injury lawyer in Seattle WA'. Trying next provider...
2026-09-21 19:22:29,883 [WARNING] agents.scanner_agent — Scanner [valueserp] error (attempt 2/3): 402 Client Error: Payment Required for url: https://api.valueserp.com/search?api_key=D9A9275867E24AE7B4F67C693E753592&q=personal+injury+lawyer+in+Seattle+WA&search_type=places. Retrying in 5s...
2026-09-21 19:22:35,231 [WARNING] agents.scanner_agent — Scanner [valueserp] error (attempt 3/3): 402 Client Error: Payment Required for url: https://api.valueserp.com/search?api_key=D9A9275867E24AE7B4F67C693E753592&q=personal+injury+lawyer+in+Seattle+WA&search_type=places. Retrying in 10s...
2026-09-21 19:22:45,561 [WARNING] agents.scanner_agent — Scanner [valueserp]: exhausted retries for 'personal injury lawyer in Seattle WA'. Trying next provider...
2026-09-21 19:22:45,562 [ERROR] agents.scanner_agent — Scanner: all providers failed for 'personal injury lawyer in Seattle WA'
2026-09-21 19:22:49,563 [INFO] agents.scanner_agent — Scanner: scanning 'emergency plumber in Seattle WA' in Seattle, WA
2026-09-21 19:22:49,971 [WARNING] agents.scanner_agent — Scanner [outscraper] error (attempt 2/3): 402 Client Error: PAYMENT REQUIRED for url: https://api.app.outscraper.com/maps/search-v3?query=emergency+plumber+in+Seattle+WA&limit=20&async=false. Retrying in 5s...
2026-09-21 19:22:55,446 [WARNING] agents.scanner_agent — Scanner [outscraper] error (attempt 3/3): 402 Client Error: PAYMENT REQUIRED for url: https://api.app.outscraper.com/maps/search-v3?query=emergency+plumber+in+Seattle+WA&limit=20&async=false. Retrying in 10s...
2026-09-21 19:23:05,756 [WARNING] agents.scanner_agent — Scanner [outscraper]: exhausted retries for 'emergency plumber in Seattle WA'. Trying next provider...
2026-09-21 19:23:06,108 [WARNING] agents.scanner_agent — Scanner [valueserp] error (attempt 2/3): 402 Client Error: Payment Required for url: https://api.valueserp.com/search?api_key=D9A9275867E24AE7B4F67C693E753592&q=emergency+plumber+in+Seattle+WA&search_type=places. Retrying in 5s...
2026-09-21 19:23:11,446 [WARNING] agents.scanner_agent — Scanner [valueserp] error (attempt 3/3): 402 Client Error: Payment Required for url: https://api.valueserp.com/search?api_key=D9A9275867E24AE7B4F67C693E753592&q=emergency+plumber+in+Seattle+WA&search_type=places. Retrying in 10s...
2026-09-21 19:23:21,788 [WARNING] agents.scanner_agent — Scanner [valueserp]: exhausted retries for 'emergency plumber in Seattle WA'. Trying next provider...
2026-09-21 19:23:21,789 [ERROR] agents.scanner_agent — Scanner: all providers failed for 'emergency plumber in Seattle WA'
2026-09-21 19:23:25,790 [INFO] agents.scanner_agent — Scanner: scanning 'cosmetic dentist in Seattle WA' in Seattle, WA
2026-09-21 19:23:26,264 [WARNING] agents.scanner_agent — Scanner [outscraper] error (attempt 2/3): 402 Client Error: PAYMENT REQUIRED for url: https://api.app.outscraper.com/maps/search-v3?query=cosmetic+dentist+in+Seattle+WA&limit=20&async=false. Retrying in 5s...
2026-09-21 19:23:31,625 [WARNING] agents.scanner_agent — Scanner [outscraper] error (attempt 3/3): 402 Client Error: PAYMENT REQUIRED for url: https://api.app.outscraper.com/maps/search-v3?query=cosmetic+dentist+in+Seattle+WA&limit=20&async=false. Retrying in 10s...
2026-09-21 19:23:41,944 [WARNING] agents.scanner_agent — Scanner [outscraper]: exhausted retries for 'cosmetic dentist in Seattle WA'. Trying next provider...
2026-09-21 19:23:42,301 [WARNING] agents.scanner_agent — Scanner [valueserp] error (attempt 2/3): 402 Client Error: Payment Required for url: https://api.valueserp.com/search?api_key=D9A9275867E24AE7B4F67C693E753592&q=cosmetic+dentist+in+Seattle+WA&search_type=places. Retrying in 5s...
2026-09-21 19:23:47,679 [WARNING] agents.scanner_agent — Scanner [valueserp] error (attempt 3/3): 402 Client Error: Payment Required for url: https://api.valueserp.com/search?api_key=D9A9275867E24AE7B4F67C693E753592&q=cosmetic+dentist+in+Seattle+WA&search_type=places. Retrying in 10s...
2026-09-21 19:23:58,018 [WARNING] agents.scanner_agent — Scanner [valueserp]: exhausted retries for 'cosmetic dentist in Seattle WA'. Trying next provider...
2026-09-21 19:23:58,019 [ERROR] agents.scanner_agent — Scanner: all providers failed for 'cosmetic dentist in Seattle WA'
2026-09-21 19:24:02,020 [INFO] agents.scanner_agent — Scanner: scanning 'luxury real estate agent in Seattle WA' in Seattle, WA
2026-09-21 19:24:02,543 [WARNING] agents.scanner_agent — Scanner [outscraper] error (attempt 2/3): 402 Client Error: PAYMENT REQUIRED for url: https://api.app.outscraper.com/maps/search-v3?query=luxury+real+estate+agent+in+Seattle+WA&limit=20&async=false. Retrying in 5s...
2026-09-21 19:24:07,850 [WARNING] agents.scanner_agent — Scanner [outscraper] error (attempt 3/3): 402 Client Error: PAYMENT REQUIRED for url: https://api.app.outscraper.com/maps/search-v3?query=luxury+real+estate+agent+in+Seattle+WA&limit=20&async=false. Retrying in 10s...
2026-09-21 19:24:18,768 [WARNING] agents.scanner_agent — Scanner [outscraper]: exhausted retries for 'luxury real estate agent in Seattle WA'. Trying next provider...
2026-09-21 19:24:19,210 [WARNING] agents.scanner_agent — Scanner [valueserp] error (attempt 2/3): 402 Client Error: Payment Required for url: https://api.valueserp.com/search?api_key=D9A9275867E24AE7B4F67C693E753592&q=luxury+real+estate+agent+in+Seattle+WA&search_type=places. Retrying in 5s...
2026-09-21 19:24:24,583 [WARNING] agents.scanner_agent — Scanner [valueserp] error (attempt 3/3): 402 Client Error: Payment Required for url: https://api.valueserp.com/search?api_key=D9A9275867E24AE7B4F67C693E753592&q=luxury+real+estate+agent+in+Seattle+WA&search_type=places. Retrying in 10s...
2026-09-21 19:24:34,947 [WARNING] agents.scanner_agent — Scanner [valueserp]: exhausted retries for 'luxury real estate agent in Seattle WA'. Trying next provider...
2026-09-21 19:24:34,948 [ERROR] agents.scanner_agent — Scanner: all providers failed for 'luxury real estate agent in Seattle WA'
2026-09-21 19:24:38,948 [INFO] agents.scanner_agent — Scanner: scanning 'regenerative medicine clinic in Seattle WA' in Seattle, WA
2026-09-21 19:24:39,279 [WARNING] agents.scanner_agent — Scanner [outscraper] error (attempt 2/3): 402 Client Error: PAYMENT REQUIRED for url: https://api.app.outscraper.com/maps/search-v3?query=regenerative+medicine+clinic+in+Seattle+WA&limit=20&async=false. Retrying in 5s...
2026-09-21 19:24:45,023 [WARNING] agents.scanner_agent — Scanner [outscraper] error (attempt 3/3): 402 Client Error: PAYMENT REQUIRED for url: https://api.app.outscraper.com/maps/search-v3?query=regenerative+medicine+clinic+in+Seattle+WA&limit=20&async=false. Retrying in 10s...
2026-09-21 19:24:55,577 [WARNING] agents.scanner_agent — Scanner [outscraper]: exhausted retries for 'regenerative medicine clinic in Seattle WA'. Trying next provider...
2026-09-21 19:24:55,949 [WARNING] agents.scanner_agent — Scanner [valueserp] error (attempt 2/3): 402 Client Error: Payment Required for url: https://api.valueserp.com/search?api_key=D9A9275867E24AE7B4F67C693E753592&q=regenerative+medicine+clinic+in+Seattle+WA&search_type=places. Retrying in 5s...
2026-09-21 19:25:01,320 [WARNING] agents.scanner_agent — Scanner [valueserp] error (attempt 3/3): 402 Client Error: Payment Required for url: https://api.valueserp.com/search?api_key=D9A9275867E24AE7B4F67C693E753592&q=regenerative+medicine+clinic+in+Seattle+WA&search_type=places. Retrying in 10s...
2026-09-21 19:25:11,655 [WARNING] agents.scanner_agent — Scanner [valueserp]: exhausted retries for 'regenerative medicine clinic in Seattle WA'. Trying next provider...
2026-09-21 19:25:11,656 [ERROR] agents.scanner_agent — Scanner: all providers failed for 'regenerative medicine clinic in Seattle WA'
2026-09-21 19:25:15,657 [INFO] agents.scanner_agent — Scanner: rotation group A — scanned 60, skipped 60 off-week combos
2026-09-21 19:25:15,657 [INFO] agents.scanner_agent — Scanner: monthly usage after this run — SerpAPI 245/245, Outscraper 0/95, ValueSERP 6/95
2026-09-21 19:25:15,657 [INFO] local_seo_orchestrator —       Scanned 60 categories
2026-09-21 19:25:15,657 [INFO] local_seo_orchestrator — [2/5] Analyzer Agent: detecting rank changes...
2026-09-21 19:25:16,074 [INFO] agents.analyzer_agent — Analyzer: found 20 rank drop alerts across 60 categories
2026-09-21 19:25:16,081 [INFO] local_seo_orchestrator —       Found 20 rank drop alerts
2026-09-21 19:25:16,097 [INFO] local_seo_orchestrator — [3/5] Outreach Agent: sending teaser emails for 20 drops...
2026-09-21 19:25:16,360 [INFO] agents.outreach_agent — Found email Greensteinmilbauersocial@gmail.com on https://www.nyclawfirm.com/nyc-personal-injury-lawyer/?utm_source=google+&utm_medium=organic&utm_campaign=gbp+&utm_term=New+York+Personal+Injury+Lawyer
2026-09-21 19:25:16,361 [INFO] agents.outreach_agent — Outreach: subject variant 0 for Greenstein & Pittari, LLP
2026-09-21 19:25:16,548 [INFO] agents.email_sender — Resend: sent to Greensteinmilbauersocial@gmail.com (id=01a0c56e-0350-718c-8c27-bd8c0ba05757)
2026-09-21 19:25:16,548 [INFO] agents.outreach_agent — Outreach[resend]: teaser email sent to Greensteinmilbauersocial@gmail.com (Greenstein & Pittari, LLP)
2026-09-21 19:25:19,734 [INFO] agents.outreach_agent — Found email info@brandonjbroderick.com on https://www.brandonjbroderick.com/new-york/personal-injury-lawyer-new-york-city?utm_campaign=gmb
2026-09-21 19:25:19,735 [INFO] agents.outreach_agent — Outreach: subject variant 1 for New York City Personal Injury Attorney at Law, Brandon J. Broderick
2026-09-21 19:25:19,852 [INFO] agents.email_sender — Resend: sent to info@brandonjbroderick.com (id=01a0c56e-1029-738f-9d38-191d9877e8fa)
2026-09-21 19:25:19,853 [INFO] agents.outreach_agent — Outreach[resend]: teaser email sent to info@brandonjbroderick.com (New York City Personal Injury Attorney at Law, Brandon J. Broderick)
2026-09-21 19:25:23,067 [INFO] agents.outreach_agent — Found email nycinjuryattorneys@gmail.com on https://nyc-injury-attorneys.com/
2026-09-21 19:25:23,068 [INFO] agents.outreach_agent — Outreach: subject variant 2 for NYC Injury Attorneys P.C.
2026-09-21 19:25:23,184 [INFO] agents.email_sender — Resend: sent to nycinjuryattorneys@gmail.com (id=01a0c56e-1d38-70c8-bdbd-82a68c973e29)
2026-09-21 19:25:23,185 [INFO] agents.outreach_agent — Outreach[resend]: teaser email sent to nycinjuryattorneys@gmail.com (NYC Injury Attorneys P.C.)
2026-09-21 19:25:32,189 [INFO] agents.outreach_agent — Found email 24hourplumbinghomerepair@gmail.com on http://www.plumbingandhomerepair.com/
2026-09-21 19:25:32,192 [INFO] agents.outreach_agent — Outreach: subject variant 1 for 24 Hr. Emergency Plumbing & Hot Water Heater
2026-09-21 19:25:32,307 [INFO] agents.email_sender — Resend: sent to 24hourplumbinghomerepair@gmail.com (id=01a0c56e-40d7-77d5-8591-da844fe8bf12)
2026-09-21 19:25:32,308 [INFO] agents.outreach_agent — Outreach[resend]: teaser email sent to 24hourplumbinghomerepair@gmail.com (24 Hr. Emergency Plumbing & Hot Water Heater)
2026-09-21 19:25:35,803 [INFO] agents.outreach_agent — Outreach: no valid email for Nearest Emergency Plumber 24 7 Heating & AC of Manhattan (got: None)
2026-09-21 19:25:35,803 [INFO] agents.outreach_agent — Outreach: no valid email for Plumbing emergency service 24 7 (got: None)
2026-09-21 19:25:36,414 [INFO] agents.outreach_agent — Outreach: no valid email for Emergency Heights Plumbing LIC (got: None)
2026-09-21 19:25:37,502 [INFO] agents.outreach_agent — Outreach: no valid email for RR Plumbing Roto-Rooter (got: None)
2026-09-21 19:25:38,064 [INFO] agents.outreach_agent — Outreach: no valid email for Local Plumber 24 7 of Manhattan (got: None)
2026-09-21 19:25:43,828 [INFO] agents.outreach_agent — Outreach: no valid email for 24 Hour Emergency Plumber NYC - Brooklyn (got: None)
2026-09-21 19:25:43,887 [INFO] agents.outreach_agent — Found email care@makingyousmile.nyc on https://makingyousmile.nyc/?utm_source=GMB&utm_medium=WebsiteURL
2026-09-21 19:25:43,888 [INFO] agents.outreach_agent — Outreach: subject variant 0 for Making You Smile Cosmetic Dentist Studio NYC: Dr. Ziad Jalbout DDS
2026-09-21 19:25:44,001 [INFO] agents.email_sender — Resend: sent to care@makingyousmile.nyc (id=01a0c56e-6e8f-7206-9b9f-e1f215dc9c60)
2026-09-21 19:25:44,001 [INFO] agents.outreach_agent — Outreach[resend]: teaser email sent to care@makingyousmile.nyc (Making You Smile Cosmetic Dentist Studio NYC: Dr. Ziad Jalbout DDS)
2026-09-21 19:25:47,730 [INFO] agents.outreach_agent — Found email info@dralex.nyc on https://dralex.nyc/
2026-09-21 19:25:47,731 [INFO] agents.outreach_agent — Outreach: subject variant 2 for Dr. Alex Rubinov - NYC Cosmetic Dentist
2026-09-21 19:25:47,845 [INFO] agents.email_sender — Resend: sent to info@dralex.nyc (id=01a0c56e-7d8a-701b-90f8-a2d17baffae2)
2026-09-21 19:25:47,845 [INFO] agents.outreach_agent — Outreach[resend]: teaser email sent to info@dralex.nyc (Dr. Alex Rubinov - NYC Cosmetic Dentist)
2026-09-21 19:25:54,242 [INFO] agents.outreach_agent — Found email SmileArtsofNY@gmail.com on http://www.smileartsofny.com/
2026-09-21 19:25:54,243 [INFO] agents.outreach_agent — Outreach: subject variant 1 for Smile Arts of NY
2026-09-21 19:25:54,373 [INFO] agents.email_sender — Resend: sent to SmileArtsofNY@gmail.com (id=01a0c56e-9700-7667-ba3c-8eba3680656e)
2026-09-21 19:25:54,374 [INFO] agents.outreach_agent — Outreach[resend]: teaser email sent to SmileArtsofNY@gmail.com (Smile Arts of NY)
2026-09-21 19:25:57,636 [INFO] agents.outreach_agent — Found email impallari@gmail.com on https://www.thenycluxuryhomes.com/
2026-09-21 19:25:57,638 [INFO] agents.outreach_agent — Outreach: subject variant 1 for The NYC Luxury Homes (By Appointment Only)
2026-09-21 19:25:57,744 [INFO] agents.email_sender — Resend: sent to impallari@gmail.com (id=01a0c56e-a439-746c-9588-6a2a39f955da)
2026-09-21 19:25:57,745 [INFO] agents.outreach_agent — Outreach[resend]: teaser email sent to impallari@gmail.com (The NYC Luxury Homes (By Appointment Only))
2026-09-21 19:26:01,182 [INFO] agents.outreach_agent — Outreach: no valid email for Luxury NYC Living (got: None)
2026-09-21 19:26:01,595 [INFO] agents.outreach_agent — Outreach: no valid email for Luxian International Realty (got: None)
2026-09-21 19:26:06,489 [INFO] agents.outreach_agent — Outreach: no valid email for Stem Cells Specialist NY (got: None)
2026-09-21 19:26:07,131 [INFO] agents.outreach_agent — Outreach: no valid email for Regain Maintain Regenerative Medicine (got: None)
2026-09-21 19:26:07,132 [INFO] agents.outreach_agent — Outreach: no valid email for Park Avenue Regenerative Medicine (got: None)
2026-09-21 19:26:07,132 [INFO] agents.outreach_agent — Outreach: no valid email for Northeast Ohio Regenerative Medicine (got: None)
2026-09-21 19:26:07,132 [INFO] agents.outreach_agent — Outreach batch complete: sent=8 (subscribers=0), no_email=12, failed=0
2026-09-21 19:26:07,132 [INFO] local_seo_orchestrator — [4/5] Fulfillment: registering 8 alerts for payment...
2026-09-21 19:26:07,220 [INFO] agents.fulfillment_agent — Fulfillment: registered 8 alerts for post-payment delivery
2026-09-21 19:26:07,222 [INFO] local_seo_orchestrator — [5/5] Monitor Agent: recording stats...
2026-09-21 19:26:08,680 [INFO] local_seo_orchestrator — ============================================================
2026-09-21 19:26:08,680 [INFO] local_seo_orchestrator — Pipeline complete. 20 rank drop alerts, emails sent.
2026-09-21 19:26:08,680 [INFO] local_seo_orchestrator — ============================================================
