2026-07-20 14:59:49,474 [INFO] local_seo_orchestrator — ============================================================
2026-07-20 14:59:49,475 [INFO] local_seo_orchestrator — Starting Search Sentinel pipeline
2026-07-20 14:59:49,475 [INFO] local_seo_orchestrator — Timestamp: 2026-07-20T14:59:49.475114+00:00
2026-07-20 14:59:49,475 [INFO] local_seo_orchestrator — ============================================================
2026-07-20 14:59:49,475 [INFO] local_seo_orchestrator — [1/5] Scanner Agent: fetching Google Maps rankings...
2026-07-20 14:59:49,475 [INFO] local_seo_orchestrator —       Rotation group B (ISO week 30); 0 subscriber categories always included
2026-07-20 14:59:49,475 [INFO] agents.scanner_agent — Scanner: scanning 'personal injury lawyer in Atlanta GA' in Atlanta, GA
2026-07-20 14:59:50,529 [INFO] agents.scanner_agent — Scanner [serpapi]: 20 results for 'personal injury lawyer in Atlanta GA'
2026-07-20 14:59:54,529 [INFO] agents.scanner_agent — Scanner: scanning 'emergency plumber in Atlanta GA' in Atlanta, GA
2026-07-20 14:59:55,797 [INFO] agents.scanner_agent — Scanner [serpapi]: 20 results for 'emergency plumber in Atlanta GA'
2026-07-20 14:59:59,797 [INFO] agents.scanner_agent — Scanner: scanning 'cosmetic dentist in Atlanta GA' in Atlanta, GA
2026-07-20 15:00:01,863 [INFO] agents.scanner_agent — Scanner [serpapi]: 20 results for 'cosmetic dentist in Atlanta GA'
2026-07-20 15:00:05,863 [INFO] agents.scanner_agent — Scanner: scanning 'luxury real estate agent in Atlanta GA' in Atlanta, GA
2026-07-20 15:00:07,378 [INFO] agents.scanner_agent — Scanner [serpapi]: 20 results for 'luxury real estate agent in Atlanta GA'
2026-07-20 15:00:11,379 [INFO] agents.scanner_agent — Scanner: scanning 'regenerative medicine clinic in Atlanta GA' in Atlanta, GA
2026-07-20 15:00:13,611 [INFO] agents.scanner_agent — Scanner [serpapi]: 20 results for 'regenerative medicine clinic in Atlanta GA'
2026-07-20 15:00:17,611 [INFO] agents.scanner_agent — Scanner: scanning 'personal injury lawyer in Boston MA' in Boston, MA
2026-07-20 15:00:18,802 [WARNING] agents.scanner_agent — Scanner [outscraper] error (attempt 2/3): 402 Client Error: PAYMENT REQUIRED for url: https://api.app.outscraper.com/maps/search-v3?query=personal+injury+lawyer+in+Boston+MA&limit=20&async=false. Retrying in 5s...
2026-07-20 15:00:25,219 [WARNING] agents.scanner_agent — Scanner [outscraper] error (attempt 3/3): 402 Client Error: PAYMENT REQUIRED for url: https://api.app.outscraper.com/maps/search-v3?query=personal+injury+lawyer+in+Boston+MA&limit=20&async=false. Retrying in 10s...
2026-07-20 15:00:40,352 [WARNING] agents.scanner_agent — Scanner [outscraper]: exhausted retries for 'personal injury lawyer in Boston MA'. Trying next provider...
2026-07-20 15:00:49,364 [INFO] agents.scanner_agent — Scanner [valueserp]: 20 results for 'personal injury lawyer in Boston MA'
2026-07-20 15:00:53,365 [INFO] agents.scanner_agent — Scanner: scanning 'emergency plumber in Boston MA' in Boston, MA
2026-07-20 15:00:54,764 [WARNING] agents.scanner_agent — Scanner [outscraper] error (attempt 2/3): 402 Client Error: PAYMENT REQUIRED for url: https://api.app.outscraper.com/maps/search-v3?query=emergency+plumber+in+Boston+MA&limit=20&async=false. Retrying in 5s...
2026-07-20 15:01:00,183 [WARNING] agents.scanner_agent — Scanner [outscraper] error (attempt 3/3): 402 Client Error: PAYMENT REQUIRED for url: https://api.app.outscraper.com/maps/search-v3?query=emergency+plumber+in+Boston+MA&limit=20&async=false. Retrying in 10s...
2026-07-20 15:01:10,533 [WARNING] agents.scanner_agent — Scanner [outscraper]: exhausted retries for 'emergency plumber in Boston MA'. Trying next provider...
2026-07-20 15:01:26,973 [INFO] agents.scanner_agent — Scanner [valueserp]: 20 results for 'emergency plumber in Boston MA'
2026-07-20 15:01:30,974 [INFO] agents.scanner_agent — Scanner: scanning 'cosmetic dentist in Boston MA' in Boston, MA
2026-07-20 15:01:31,390 [WARNING] agents.scanner_agent — Scanner [outscraper] error (attempt 2/3): 402 Client Error: PAYMENT REQUIRED for url: https://api.app.outscraper.com/maps/search-v3?query=cosmetic+dentist+in+Boston+MA&limit=20&async=false. Retrying in 5s...
2026-07-20 15:01:36,824 [WARNING] agents.scanner_agent — Scanner [outscraper] error (attempt 3/3): 402 Client Error: PAYMENT REQUIRED for url: https://api.app.outscraper.com/maps/search-v3?query=cosmetic+dentist+in+Boston+MA&limit=20&async=false. Retrying in 10s...
2026-07-20 15:01:47,249 [WARNING] agents.scanner_agent — Scanner [outscraper]: exhausted retries for 'cosmetic dentist in Boston MA'. Trying next provider...
2026-07-20 15:01:54,956 [INFO] agents.scanner_agent — Scanner [valueserp]: 20 results for 'cosmetic dentist in Boston MA'
2026-07-20 15:01:58,956 [INFO] agents.scanner_agent — Scanner: scanning 'luxury real estate agent in Boston MA' in Boston, MA
2026-07-20 15:01:59,307 [WARNING] agents.scanner_agent — Scanner [outscraper] error (attempt 2/3): 402 Client Error: PAYMENT REQUIRED for url: https://api.app.outscraper.com/maps/search-v3?query=luxury+real+estate+agent+in+Boston+MA&limit=20&async=false. Retrying in 5s...
2026-07-20 15:02:04,879 [WARNING] agents.scanner_agent — Scanner [outscraper] error (attempt 3/3): 402 Client Error: PAYMENT REQUIRED for url: https://api.app.outscraper.com/maps/search-v3?query=luxury+real+estate+agent+in+Boston+MA&limit=20&async=false. Retrying in 10s...
2026-07-20 15:02:15,339 [WARNING] agents.scanner_agent — Scanner [outscraper]: exhausted retries for 'luxury real estate agent in Boston MA'. Trying next provider...
2026-07-20 15:02:45,622 [WARNING] agents.scanner_agent — Scanner [valueserp] error (attempt 2/3): HTTPSConnectionPool(host='api.valueserp.com', port=443): Read timed out. (read timeout=30). Retrying in 5s...
2026-07-20 15:03:20,135 [INFO] agents.scanner_agent — Scanner [valueserp]: 20 results for 'luxury real estate agent in Boston MA'
2026-07-20 15:03:24,135 [INFO] agents.scanner_agent — Scanner: scanning 'regenerative medicine clinic in Boston MA' in Boston, MA
2026-07-20 15:03:24,597 [WARNING] agents.scanner_agent — Scanner [outscraper] error (attempt 2/3): 402 Client Error: PAYMENT REQUIRED for url: https://api.app.outscraper.com/maps/search-v3?query=regenerative+medicine+clinic+in+Boston+MA&limit=20&async=false. Retrying in 5s...
2026-07-20 15:03:30,117 [WARNING] agents.scanner_agent — Scanner [outscraper] error (attempt 3/3): 402 Client Error: PAYMENT REQUIRED for url: https://api.app.outscraper.com/maps/search-v3?query=regenerative+medicine+clinic+in+Boston+MA&limit=20&async=false. Retrying in 10s...
2026-07-20 15:03:40,534 [WARNING] agents.scanner_agent — Scanner [outscraper]: exhausted retries for 'regenerative medicine clinic in Boston MA'. Trying next provider...
2026-07-20 15:03:56,872 [INFO] agents.scanner_agent — Scanner [valueserp]: 11 results for 'regenerative medicine clinic in Boston MA'
2026-07-20 15:04:00,872 [INFO] agents.scanner_agent — Scanner: scanning 'personal injury lawyer in San Diego CA' in San Diego, CA
2026-07-20 15:04:01,250 [WARNING] agents.scanner_agent — Scanner [outscraper] error (attempt 2/3): 402 Client Error: PAYMENT REQUIRED for url: https://api.app.outscraper.com/maps/search-v3?query=personal+injury+lawyer+in+San+Diego+CA&limit=20&async=false. Retrying in 5s...
2026-07-20 15:04:06,612 [WARNING] agents.scanner_agent — Scanner [outscraper] error (attempt 3/3): 402 Client Error: PAYMENT REQUIRED for url: https://api.app.outscraper.com/maps/search-v3?query=personal+injury+lawyer+in+San+Diego+CA&limit=20&async=false. Retrying in 10s...
2026-07-20 15:04:17,039 [WARNING] agents.scanner_agent — Scanner [outscraper]: exhausted retries for 'personal injury lawyer in San Diego CA'. Trying next provider...
2026-07-20 15:04:25,973 [INFO] agents.scanner_agent — Scanner [valueserp]: 20 results for 'personal injury lawyer in San Diego CA'
2026-07-20 15:04:29,974 [INFO] agents.scanner_agent — Scanner: scanning 'emergency plumber in San Diego CA' in San Diego, CA
2026-07-20 15:04:30,340 [WARNING] agents.scanner_agent — Scanner [outscraper] error (attempt 2/3): 402 Client Error: PAYMENT REQUIRED for url: https://api.app.outscraper.com/maps/search-v3?query=emergency+plumber+in+San+Diego+CA&limit=20&async=false. Retrying in 5s...
2026-07-20 15:04:35,695 [WARNING] agents.scanner_agent — Scanner [outscraper] error (attempt 3/3): 402 Client Error: PAYMENT REQUIRED for url: https://api.app.outscraper.com/maps/search-v3?query=emergency+plumber+in+San+Diego+CA&limit=20&async=false. Retrying in 10s...
2026-07-20 15:04:46,050 [WARNING] agents.scanner_agent — Scanner [outscraper]: exhausted retries for 'emergency plumber in San Diego CA'. Trying next provider...
2026-07-20 15:05:09,342 [INFO] agents.scanner_agent — Scanner [valueserp]: 20 results for 'emergency plumber in San Diego CA'
2026-07-20 15:05:13,342 [INFO] agents.scanner_agent — Scanner: scanning 'cosmetic dentist in San Diego CA' in San Diego, CA
2026-07-20 15:05:13,698 [WARNING] agents.scanner_agent — Scanner [outscraper] error (attempt 2/3): 402 Client Error: PAYMENT REQUIRED for url: https://api.app.outscraper.com/maps/search-v3?query=cosmetic+dentist+in+San+Diego+CA&limit=20&async=false. Retrying in 5s...
2026-07-20 15:05:19,084 [WARNING] agents.scanner_agent — Scanner [outscraper] error (attempt 3/3): 402 Client Error: PAYMENT REQUIRED for url: https://api.app.outscraper.com/maps/search-v3?query=cosmetic+dentist+in+San+Diego+CA&limit=20&async=false. Retrying in 10s...
2026-07-20 15:05:29,543 [WARNING] agents.scanner_agent — Scanner [outscraper]: exhausted retries for 'cosmetic dentist in San Diego CA'. Trying next provider...
2026-07-20 15:05:48,360 [INFO] agents.scanner_agent — Scanner [valueserp]: 20 results for 'cosmetic dentist in San Diego CA'
2026-07-20 15:05:52,360 [INFO] agents.scanner_agent — Scanner: scanning 'luxury real estate agent in San Diego CA' in San Diego, CA
2026-07-20 15:05:52,891 [WARNING] agents.scanner_agent — Scanner [outscraper] error (attempt 2/3): 402 Client Error: PAYMENT REQUIRED for url: https://api.app.outscraper.com/maps/search-v3?query=luxury+real+estate+agent+in+San+Diego+CA&limit=20&async=false. Retrying in 5s...
2026-07-20 15:05:58,363 [WARNING] agents.scanner_agent — Scanner [outscraper] error (attempt 3/3): 402 Client Error: PAYMENT REQUIRED for url: https://api.app.outscraper.com/maps/search-v3?query=luxury+real+estate+agent+in+San+Diego+CA&limit=20&async=false. Retrying in 10s...
2026-07-20 15:06:08,761 [WARNING] agents.scanner_agent — Scanner [outscraper]: exhausted retries for 'luxury real estate agent in San Diego CA'. Trying next provider...
2026-07-20 15:06:12,266 [INFO] agents.scanner_agent — Scanner [valueserp]: 20 results for 'luxury real estate agent in San Diego CA'
2026-07-20 15:06:16,266 [INFO] agents.scanner_agent — Scanner: scanning 'regenerative medicine clinic in San Diego CA' in San Diego, CA
2026-07-20 15:06:16,710 [WARNING] agents.scanner_agent — Scanner [outscraper] error (attempt 2/3): 402 Client Error: PAYMENT REQUIRED for url: https://api.app.outscraper.com/maps/search-v3?query=regenerative+medicine+clinic+in+San+Diego+CA&limit=20&async=false. Retrying in 5s...
2026-07-20 15:06:22,065 [WARNING] agents.scanner_agent — Scanner [outscraper] error (attempt 3/3): 402 Client Error: PAYMENT REQUIRED for url: https://api.app.outscraper.com/maps/search-v3?query=regenerative+medicine+clinic+in+San+Diego+CA&limit=20&async=false. Retrying in 10s...
2026-07-20 15:06:32,516 [WARNING] agents.scanner_agent — Scanner [outscraper]: exhausted retries for 'regenerative medicine clinic in San Diego CA'. Trying next provider...
2026-07-20 15:06:40,222 [INFO] agents.scanner_agent — Scanner [valueserp]: 20 results for 'regenerative medicine clinic in San Diego CA'
2026-07-20 15:06:44,222 [INFO] agents.scanner_agent — Scanner: scanning 'personal injury lawyer in Las Vegas NV' in Las Vegas, NV
2026-07-20 15:06:44,647 [WARNING] agents.scanner_agent — Scanner [outscraper] error (attempt 2/3): 402 Client Error: PAYMENT REQUIRED for url: https://api.app.outscraper.com/maps/search-v3?query=personal+injury+lawyer+in+Las+Vegas+NV&limit=20&async=false. Retrying in 5s...
2026-07-20 15:06:50,093 [WARNING] agents.scanner_agent — Scanner [outscraper] error (attempt 3/3): 402 Client Error: PAYMENT REQUIRED for url: https://api.app.outscraper.com/maps/search-v3?query=personal+injury+lawyer+in+Las+Vegas+NV&limit=20&async=false. Retrying in 10s...
2026-07-20 15:07:00,564 [WARNING] agents.scanner_agent — Scanner [outscraper]: exhausted retries for 'personal injury lawyer in Las Vegas NV'. Trying next provider...
2026-07-20 15:07:08,482 [INFO] agents.scanner_agent — Scanner [valueserp]: 20 results for 'personal injury lawyer in Las Vegas NV'
2026-07-20 15:07:12,482 [INFO] agents.scanner_agent — Scanner: scanning 'emergency plumber in Las Vegas NV' in Las Vegas, NV
2026-07-20 15:07:12,956 [WARNING] agents.scanner_agent — Scanner [outscraper] error (attempt 2/3): 402 Client Error: PAYMENT REQUIRED for url: https://api.app.outscraper.com/maps/search-v3?query=emergency+plumber+in+Las+Vegas+NV&limit=20&async=false. Retrying in 5s...
2026-07-20 15:07:18,309 [WARNING] agents.scanner_agent — Scanner [outscraper] error (attempt 3/3): 402 Client Error: PAYMENT REQUIRED for url: https://api.app.outscraper.com/maps/search-v3?query=emergency+plumber+in+Las+Vegas+NV&limit=20&async=false. Retrying in 10s...
2026-07-20 15:07:28,800 [WARNING] agents.scanner_agent — Scanner [outscraper]: exhausted retries for 'emergency plumber in Las Vegas NV'. Trying next provider...
2026-07-20 15:07:39,141 [INFO] agents.scanner_agent — Scanner [valueserp]: 20 results for 'emergency plumber in Las Vegas NV'
2026-07-20 15:07:43,141 [INFO] agents.scanner_agent — Scanner: scanning 'cosmetic dentist in Las Vegas NV' in Las Vegas, NV
2026-07-20 15:07:43,499 [WARNING] agents.scanner_agent — Scanner [outscraper] error (attempt 2/3): 402 Client Error: PAYMENT REQUIRED for url: https://api.app.outscraper.com/maps/search-v3?query=cosmetic+dentist+in+Las+Vegas+NV&limit=20&async=false. Retrying in 5s...
2026-07-20 15:07:48,931 [WARNING] agents.scanner_agent — Scanner [outscraper] error (attempt 3/3): 402 Client Error: PAYMENT REQUIRED for url: https://api.app.outscraper.com/maps/search-v3?query=cosmetic+dentist+in+Las+Vegas+NV&limit=20&async=false. Retrying in 10s...
2026-07-20 15:07:59,279 [WARNING] agents.scanner_agent — Scanner [outscraper]: exhausted retries for 'cosmetic dentist in Las Vegas NV'. Trying next provider...
2026-07-20 15:08:05,315 [INFO] agents.scanner_agent — Scanner [valueserp]: 20 results for 'cosmetic dentist in Las Vegas NV'
2026-07-20 15:08:09,315 [INFO] agents.scanner_agent — Scanner: scanning 'luxury real estate agent in Las Vegas NV' in Las Vegas, NV
2026-07-20 15:08:09,735 [WARNING] agents.scanner_agent — Scanner [outscraper] error (attempt 2/3): 402 Client Error: PAYMENT REQUIRED for url: https://api.app.outscraper.com/maps/search-v3?query=luxury+real+estate+agent+in+Las+Vegas+NV&limit=20&async=false. Retrying in 5s...
2026-07-20 15:08:15,151 [WARNING] agents.scanner_agent — Scanner [outscraper] error (attempt 3/3): 402 Client Error: PAYMENT REQUIRED for url: https://api.app.outscraper.com/maps/search-v3?query=luxury+real+estate+agent+in+Las+Vegas+NV&limit=20&async=false. Retrying in 10s...
2026-07-20 15:08:25,579 [WARNING] agents.scanner_agent — Scanner [outscraper]: exhausted retries for 'luxury real estate agent in Las Vegas NV'. Trying next provider...
2026-07-20 15:08:36,241 [INFO] agents.scanner_agent — Scanner [valueserp]: 20 results for 'luxury real estate agent in Las Vegas NV'
2026-07-20 15:08:40,241 [INFO] agents.scanner_agent — Scanner: scanning 'regenerative medicine clinic in Las Vegas NV' in Las Vegas, NV
2026-07-20 15:08:40,616 [WARNING] agents.scanner_agent — Scanner [outscraper] error (attempt 2/3): 402 Client Error: PAYMENT REQUIRED for url: https://api.app.outscraper.com/maps/search-v3?query=regenerative+medicine+clinic+in+Las+Vegas+NV&limit=20&async=false. Retrying in 5s...
2026-07-20 15:08:45,981 [WARNING] agents.scanner_agent — Scanner [outscraper] error (attempt 3/3): 402 Client Error: PAYMENT REQUIRED for url: https://api.app.outscraper.com/maps/search-v3?query=regenerative+medicine+clinic+in+Las+Vegas+NV&limit=20&async=false. Retrying in 10s...
2026-07-20 15:08:56,341 [WARNING] agents.scanner_agent — Scanner [outscraper]: exhausted retries for 'regenerative medicine clinic in Las Vegas NV'. Trying next provider...
2026-07-20 15:09:03,273 [INFO] agents.scanner_agent — Scanner [valueserp]: 20 results for 'regenerative medicine clinic in Las Vegas NV'
2026-07-20 15:09:07,273 [INFO] agents.scanner_agent — Scanner: scanning 'personal injury lawyer in Washington DC' in Washington, DC
2026-07-20 15:09:07,625 [WARNING] agents.scanner_agent — Scanner [outscraper] error (attempt 2/3): 402 Client Error: PAYMENT REQUIRED for url: https://api.app.outscraper.com/maps/search-v3?query=personal+injury+lawyer+in+Washington+DC&limit=20&async=false. Retrying in 5s...
2026-07-20 15:09:12,978 [WARNING] agents.scanner_agent — Scanner [outscraper] error (attempt 3/3): 402 Client Error: PAYMENT REQUIRED for url: https://api.app.outscraper.com/maps/search-v3?query=personal+injury+lawyer+in+Washington+DC&limit=20&async=false. Retrying in 10s...
2026-07-20 15:09:23,400 [WARNING] agents.scanner_agent — Scanner [outscraper]: exhausted retries for 'personal injury lawyer in Washington DC'. Trying next provider...
2026-07-20 15:09:31,506 [INFO] agents.scanner_agent — Scanner [valueserp]: 20 results for 'personal injury lawyer in Washington DC'
2026-07-20 15:09:35,506 [INFO] agents.scanner_agent — Scanner: scanning 'emergency plumber in Washington DC' in Washington, DC
2026-07-20 15:09:35,858 [WARNING] agents.scanner_agent — Scanner [outscraper] error (attempt 2/3): 402 Client Error: PAYMENT REQUIRED for url: https://api.app.outscraper.com/maps/search-v3?query=emergency+plumber+in+Washington+DC&limit=20&async=false. Retrying in 5s...
2026-07-20 15:09:41,413 [WARNING] agents.scanner_agent — Scanner [outscraper] error (attempt 3/3): 402 Client Error: PAYMENT REQUIRED for url: https://api.app.outscraper.com/maps/search-v3?query=emergency+plumber+in+Washington+DC&limit=20&async=false. Retrying in 10s...
2026-07-20 15:09:51,768 [WARNING] agents.scanner_agent — Scanner [outscraper]: exhausted retries for 'emergency plumber in Washington DC'. Trying next provider...
2026-07-20 15:10:22,035 [WARNING] agents.scanner_agent — Scanner [valueserp] error (attempt 2/3): HTTPSConnectionPool(host='api.valueserp.com', port=443): Read timed out. (read timeout=30). Retrying in 5s...
2026-07-20 15:10:49,169 [INFO] agents.scanner_agent — Scanner [valueserp]: 20 results for 'emergency plumber in Washington DC'
2026-07-20 15:10:53,170 [INFO] agents.scanner_agent — Scanner: scanning 'cosmetic dentist in Washington DC' in Washington, DC
2026-07-20 15:10:53,620 [WARNING] agents.scanner_agent — Scanner [outscraper] error (attempt 2/3): 402 Client Error: PAYMENT REQUIRED for url: https://api.app.outscraper.com/maps/search-v3?query=cosmetic+dentist+in+Washington+DC&limit=20&async=false. Retrying in 5s...
2026-07-20 15:10:58,989 [WARNING] agents.scanner_agent — Scanner [outscraper] error (attempt 3/3): 402 Client Error: PAYMENT REQUIRED for url: https://api.app.outscraper.com/maps/search-v3?query=cosmetic+dentist+in+Washington+DC&limit=20&async=false. Retrying in 10s...
2026-07-20 15:11:09,431 [WARNING] agents.scanner_agent — Scanner [outscraper]: exhausted retries for 'cosmetic dentist in Washington DC'. Trying next provider...
2026-07-20 15:11:16,599 [INFO] agents.scanner_agent — Scanner [valueserp]: 20 results for 'cosmetic dentist in Washington DC'
2026-07-20 15:11:20,599 [INFO] agents.scanner_agent — Scanner: scanning 'luxury real estate agent in Washington DC' in Washington, DC
2026-07-20 15:11:21,022 [WARNING] agents.scanner_agent — Scanner [outscraper] error (attempt 2/3): 402 Client Error: PAYMENT REQUIRED for url: https://api.app.outscraper.com/maps/search-v3?query=luxury+real+estate+agent+in+Washington+DC&limit=20&async=false. Retrying in 5s...
2026-07-20 15:11:26,614 [WARNING] agents.scanner_agent — Scanner [outscraper] error (attempt 3/3): 402 Client Error: PAYMENT REQUIRED for url: https://api.app.outscraper.com/maps/search-v3?query=luxury+real+estate+agent+in+Washington+DC&limit=20&async=false. Retrying in 10s...
2026-07-20 15:11:37,108 [WARNING] agents.scanner_agent — Scanner [outscraper]: exhausted retries for 'luxury real estate agent in Washington DC'. Trying next provider...
2026-07-20 15:11:40,308 [INFO] agents.scanner_agent — Scanner [valueserp]: 20 results for 'luxury real estate agent in Washington DC'
2026-07-20 15:11:44,308 [INFO] agents.scanner_agent — Scanner: scanning 'regenerative medicine clinic in Washington DC' in Washington, DC
2026-07-20 15:11:44,973 [WARNING] agents.scanner_agent — Scanner [outscraper] error (attempt 2/3): 402 Client Error: PAYMENT REQUIRED for url: https://api.app.outscraper.com/maps/search-v3?query=regenerative+medicine+clinic+in+Washington+DC&limit=20&async=false. Retrying in 5s...
2026-07-20 15:11:50,350 [WARNING] agents.scanner_agent — Scanner [outscraper] error (attempt 3/3): 402 Client Error: PAYMENT REQUIRED for url: https://api.app.outscraper.com/maps/search-v3?query=regenerative+medicine+clinic+in+Washington+DC&limit=20&async=false. Retrying in 10s...
2026-07-20 15:12:00,919 [WARNING] agents.scanner_agent — Scanner [outscraper]: exhausted retries for 'regenerative medicine clinic in Washington DC'. Trying next provider...
2026-07-20 15:12:06,709 [INFO] agents.scanner_agent — Scanner [valueserp]: 11 results for 'regenerative medicine clinic in Washington DC'
2026-07-20 15:12:10,709 [INFO] agents.scanner_agent — Scanner: scanning 'personal injury lawyer in Nashville TN' in Nashville, TN
2026-07-20 15:12:11,109 [WARNING] agents.scanner_agent — Scanner [outscraper] error (attempt 2/3): 402 Client Error: PAYMENT REQUIRED for url: https://api.app.outscraper.com/maps/search-v3?query=personal+injury+lawyer+in+Nashville+TN&limit=20&async=false. Retrying in 5s...
2026-07-20 15:12:16,592 [WARNING] agents.scanner_agent — Scanner [outscraper] error (attempt 3/3): 402 Client Error: PAYMENT REQUIRED for url: https://api.app.outscraper.com/maps/search-v3?query=personal+injury+lawyer+in+Nashville+TN&limit=20&async=false. Retrying in 10s...
2026-07-20 15:12:26,945 [WARNING] agents.scanner_agent — Scanner [outscraper]: exhausted retries for 'personal injury lawyer in Nashville TN'. Trying next provider...
2026-07-20 15:12:36,569 [INFO] agents.scanner_agent — Scanner [valueserp]: 20 results for 'personal injury lawyer in Nashville TN'
2026-07-20 15:12:40,570 [INFO] agents.scanner_agent — Scanner: scanning 'emergency plumber in Nashville TN' in Nashville, TN
2026-07-20 15:12:40,922 [WARNING] agents.scanner_agent — Scanner [outscraper] error (attempt 2/3): 402 Client Error: PAYMENT REQUIRED for url: https://api.app.outscraper.com/maps/search-v3?query=emergency+plumber+in+Nashville+TN&limit=20&async=false. Retrying in 5s...
2026-07-20 15:12:46,344 [WARNING] agents.scanner_agent — Scanner [outscraper] error (attempt 3/3): 402 Client Error: PAYMENT REQUIRED for url: https://api.app.outscraper.com/maps/search-v3?query=emergency+plumber+in+Nashville+TN&limit=20&async=false. Retrying in 10s...
2026-07-20 15:12:56,688 [WARNING] agents.scanner_agent — Scanner [outscraper]: exhausted retries for 'emergency plumber in Nashville TN'. Trying next provider...
2026-07-20 15:13:06,982 [INFO] agents.scanner_agent — Scanner [valueserp]: 20 results for 'emergency plumber in Nashville TN'
2026-07-20 15:13:10,983 [INFO] agents.scanner_agent — Scanner: scanning 'cosmetic dentist in Nashville TN' in Nashville, TN
2026-07-20 15:13:11,364 [WARNING] agents.scanner_agent — Scanner [outscraper] error (attempt 2/3): 402 Client Error: PAYMENT REQUIRED for url: https://api.app.outscraper.com/maps/search-v3?query=cosmetic+dentist+in+Nashville+TN&limit=20&async=false. Retrying in 5s...
2026-07-20 15:13:16,750 [WARNING] agents.scanner_agent — Scanner [outscraper] error (attempt 3/3): 402 Client Error: PAYMENT REQUIRED for url: https://api.app.outscraper.com/maps/search-v3?query=cosmetic+dentist+in+Nashville+TN&limit=20&async=false. Retrying in 10s...
2026-07-20 15:13:27,130 [WARNING] agents.scanner_agent — Scanner [outscraper]: exhausted retries for 'cosmetic dentist in Nashville TN'. Trying next provider...
2026-07-20 15:13:57,423 [WARNING] agents.scanner_agent — Scanner [valueserp] error (attempt 2/3): HTTPSConnectionPool(host='api.valueserp.com', port=443): Read timed out. (read timeout=30). Retrying in 5s...
2026-07-20 15:14:17,176 [INFO] agents.scanner_agent — Scanner [valueserp]: 20 results for 'cosmetic dentist in Nashville TN'
2026-07-20 15:14:21,176 [INFO] agents.scanner_agent — Scanner: scanning 'luxury real estate agent in Nashville TN' in Nashville, TN
2026-07-20 15:14:21,557 [WARNING] agents.scanner_agent — Scanner [outscraper] error (attempt 2/3): 402 Client Error: PAYMENT REQUIRED for url: https://api.app.outscraper.com/maps/search-v3?query=luxury+real+estate+agent+in+Nashville+TN&limit=20&async=false. Retrying in 5s...
2026-07-20 15:14:26,927 [WARNING] agents.scanner_agent — Scanner [outscraper] error (attempt 3/3): 402 Client Error: PAYMENT REQUIRED for url: https://api.app.outscraper.com/maps/search-v3?query=luxury+real+estate+agent+in+Nashville+TN&limit=20&async=false. Retrying in 10s...
2026-07-20 15:14:37,319 [WARNING] agents.scanner_agent — Scanner [outscraper]: exhausted retries for 'luxury real estate agent in Nashville TN'. Trying next provider...
2026-07-20 15:14:56,350 [INFO] agents.scanner_agent — Scanner [valueserp]: 20 results for 'luxury real estate agent in Nashville TN'
2026-07-20 15:15:00,350 [INFO] agents.scanner_agent — Scanner: scanning 'regenerative medicine clinic in Nashville TN' in Nashville, TN
2026-07-20 15:15:00,737 [WARNING] agents.scanner_agent — Scanner [outscraper] error (attempt 2/3): 402 Client Error: PAYMENT REQUIRED for url: https://api.app.outscraper.com/maps/search-v3?query=regenerative+medicine+clinic+in+Nashville+TN&limit=20&async=false. Retrying in 5s...
2026-07-20 15:15:06,221 [WARNING] agents.scanner_agent — Scanner [outscraper] error (attempt 3/3): 402 Client Error: PAYMENT REQUIRED for url: https://api.app.outscraper.com/maps/search-v3?query=regenerative+medicine+clinic+in+Nashville+TN&limit=20&async=false. Retrying in 10s...
2026-07-20 15:15:16,660 [WARNING] agents.scanner_agent — Scanner [outscraper]: exhausted retries for 'regenerative medicine clinic in Nashville TN'. Trying next provider...
2026-07-20 15:15:33,798 [INFO] agents.scanner_agent — Scanner [valueserp]: 20 results for 'regenerative medicine clinic in Nashville TN'
2026-07-20 15:15:37,798 [INFO] agents.scanner_agent — Scanner: scanning 'personal injury lawyer in Charlotte NC' in Charlotte, NC
2026-07-20 15:15:38,147 [WARNING] agents.scanner_agent — Scanner [outscraper] error (attempt 2/3): 402 Client Error: PAYMENT REQUIRED for url: https://api.app.outscraper.com/maps/search-v3?query=personal+injury+lawyer+in+Charlotte+NC&limit=20&async=false. Retrying in 5s...
2026-07-20 15:15:43,553 [WARNING] agents.scanner_agent — Scanner [outscraper] error (attempt 3/3): 402 Client Error: PAYMENT REQUIRED for url: https://api.app.outscraper.com/maps/search-v3?query=personal+injury+lawyer+in+Charlotte+NC&limit=20&async=false. Retrying in 10s...
2026-07-20 15:15:53,988 [WARNING] agents.scanner_agent — Scanner [outscraper]: exhausted retries for 'personal injury lawyer in Charlotte NC'. Trying next provider...
2026-07-20 15:16:08,907 [INFO] agents.scanner_agent — Scanner [valueserp]: 20 results for 'personal injury lawyer in Charlotte NC'
2026-07-20 15:16:12,907 [INFO] agents.scanner_agent — Scanner: scanning 'emergency plumber in Charlotte NC' in Charlotte, NC
2026-07-20 15:16:13,265 [WARNING] agents.scanner_agent — Scanner [outscraper] error (attempt 2/3): 402 Client Error: PAYMENT REQUIRED for url: https://api.app.outscraper.com/maps/search-v3?query=emergency+plumber+in+Charlotte+NC&limit=20&async=false. Retrying in 5s...
2026-07-20 15:16:18,623 [WARNING] agents.scanner_agent — Scanner [outscraper] error (attempt 3/3): 402 Client Error: PAYMENT REQUIRED for url: https://api.app.outscraper.com/maps/search-v3?query=emergency+plumber+in+Charlotte+NC&limit=20&async=false. Retrying in 10s...
2026-07-20 15:16:29,004 [WARNING] agents.scanner_agent — Scanner [outscraper]: exhausted retries for 'emergency plumber in Charlotte NC'. Trying next provider...
2026-07-20 15:16:46,843 [INFO] agents.scanner_agent — Scanner [valueserp]: 20 results for 'emergency plumber in Charlotte NC'
2026-07-20 15:16:50,843 [INFO] agents.scanner_agent — Scanner: scanning 'cosmetic dentist in Charlotte NC' in Charlotte, NC
2026-07-20 15:16:51,178 [WARNING] agents.scanner_agent — Scanner [outscraper] error (attempt 2/3): 402 Client Error: PAYMENT REQUIRED for url: https://api.app.outscraper.com/maps/search-v3?query=cosmetic+dentist+in+Charlotte+NC&limit=20&async=false. Retrying in 5s...
2026-07-20 15:16:56,680 [WARNING] agents.scanner_agent — Scanner [outscraper] error (attempt 3/3): 402 Client Error: PAYMENT REQUIRED for url: https://api.app.outscraper.com/maps/search-v3?query=cosmetic+dentist+in+Charlotte+NC&limit=20&async=false. Retrying in 10s...
2026-07-20 15:17:07,242 [WARNING] agents.scanner_agent — Scanner [outscraper]: exhausted retries for 'cosmetic dentist in Charlotte NC'. Trying next provider...
2026-07-20 15:17:13,698 [INFO] agents.scanner_agent — Scanner [valueserp]: 20 results for 'cosmetic dentist in Charlotte NC'
2026-07-20 15:17:17,698 [INFO] agents.scanner_agent — Scanner: scanning 'luxury real estate agent in Charlotte NC' in Charlotte, NC
2026-07-20 15:17:18,086 [WARNING] agents.scanner_agent — Scanner [outscraper] error (attempt 2/3): 402 Client Error: PAYMENT REQUIRED for url: https://api.app.outscraper.com/maps/search-v3?query=luxury+real+estate+agent+in+Charlotte+NC&limit=20&async=false. Retrying in 5s...
2026-07-20 15:17:23,462 [WARNING] agents.scanner_agent — Scanner [outscraper] error (attempt 3/3): 402 Client Error: PAYMENT REQUIRED for url: https://api.app.outscraper.com/maps/search-v3?query=luxury+real+estate+agent+in+Charlotte+NC&limit=20&async=false. Retrying in 10s...
2026-07-20 15:17:33,826 [WARNING] agents.scanner_agent — Scanner [outscraper]: exhausted retries for 'luxury real estate agent in Charlotte NC'. Trying next provider...
2026-07-20 15:17:44,565 [INFO] agents.scanner_agent — Scanner [valueserp]: 20 results for 'luxury real estate agent in Charlotte NC'
2026-07-20 15:17:48,566 [INFO] agents.scanner_agent — Scanner: scanning 'regenerative medicine clinic in Charlotte NC' in Charlotte, NC
2026-07-20 15:17:49,053 [WARNING] agents.scanner_agent — Scanner [outscraper] error (attempt 2/3): 402 Client Error: PAYMENT REQUIRED for url: https://api.app.outscraper.com/maps/search-v3?query=regenerative+medicine+clinic+in+Charlotte+NC&limit=20&async=false. Retrying in 5s...
2026-07-20 15:17:54,451 [WARNING] agents.scanner_agent — Scanner [outscraper] error (attempt 3/3): 402 Client Error: PAYMENT REQUIRED for url: https://api.app.outscraper.com/maps/search-v3?query=regenerative+medicine+clinic+in+Charlotte+NC&limit=20&async=false. Retrying in 10s...
2026-07-20 15:18:04,892 [WARNING] agents.scanner_agent — Scanner [outscraper]: exhausted retries for 'regenerative medicine clinic in Charlotte NC'. Trying next provider...
2026-07-20 15:18:08,213 [INFO] agents.scanner_agent — Scanner [valueserp]: 12 results for 'regenerative medicine clinic in Charlotte NC'
2026-07-20 15:18:12,213 [INFO] agents.scanner_agent — Scanner: scanning 'personal injury lawyer in Tampa FL' in Tampa, FL
2026-07-20 15:18:12,590 [WARNING] agents.scanner_agent — Scanner [outscraper] error (attempt 2/3): 402 Client Error: PAYMENT REQUIRED for url: https://api.app.outscraper.com/maps/search-v3?query=personal+injury+lawyer+in+Tampa+FL&limit=20&async=false. Retrying in 5s...
2026-07-20 15:18:17,967 [WARNING] agents.scanner_agent — Scanner [outscraper] error (attempt 3/3): 402 Client Error: PAYMENT REQUIRED for url: https://api.app.outscraper.com/maps/search-v3?query=personal+injury+lawyer+in+Tampa+FL&limit=20&async=false. Retrying in 10s...
2026-07-20 15:18:28,472 [WARNING] agents.scanner_agent — Scanner [outscraper]: exhausted retries for 'personal injury lawyer in Tampa FL'. Trying next provider...
2026-07-20 15:18:32,742 [INFO] agents.scanner_agent — Scanner [valueserp]: 20 results for 'personal injury lawyer in Tampa FL'
2026-07-20 15:18:36,742 [INFO] agents.scanner_agent — Scanner: scanning 'emergency plumber in Tampa FL' in Tampa, FL
2026-07-20 15:18:37,149 [WARNING] agents.scanner_agent — Scanner [outscraper] error (attempt 2/3): 402 Client Error: PAYMENT REQUIRED for url: https://api.app.outscraper.com/maps/search-v3?query=emergency+plumber+in+Tampa+FL&limit=20&async=false. Retrying in 5s...
2026-07-20 15:18:42,548 [WARNING] agents.scanner_agent — Scanner [outscraper] error (attempt 3/3): 402 Client Error: PAYMENT REQUIRED for url: https://api.app.outscraper.com/maps/search-v3?query=emergency+plumber+in+Tampa+FL&limit=20&async=false. Retrying in 10s...
2026-07-20 15:18:52,913 [WARNING] agents.scanner_agent — Scanner [outscraper]: exhausted retries for 'emergency plumber in Tampa FL'. Trying next provider...
2026-07-20 15:19:00,382 [INFO] agents.scanner_agent — Scanner [valueserp]: 20 results for 'emergency plumber in Tampa FL'
2026-07-20 15:19:04,382 [INFO] agents.scanner_agent — Scanner: scanning 'cosmetic dentist in Tampa FL' in Tampa, FL
2026-07-20 15:19:04,867 [WARNING] agents.scanner_agent — Scanner [outscraper] error (attempt 2/3): 402 Client Error: PAYMENT REQUIRED for url: https://api.app.outscraper.com/maps/search-v3?query=cosmetic+dentist+in+Tampa+FL&limit=20&async=false. Retrying in 5s...
2026-07-20 15:19:10,267 [WARNING] agents.scanner_agent — Scanner [outscraper] error (attempt 3/3): 402 Client Error: PAYMENT REQUIRED for url: https://api.app.outscraper.com/maps/search-v3?query=cosmetic+dentist+in+Tampa+FL&limit=20&async=false. Retrying in 10s...
2026-07-20 15:19:20,634 [WARNING] agents.scanner_agent — Scanner [outscraper]: exhausted retries for 'cosmetic dentist in Tampa FL'. Trying next provider...
2026-07-20 15:19:24,244 [INFO] agents.scanner_agent — Scanner [valueserp]: 20 results for 'cosmetic dentist in Tampa FL'
2026-07-20 15:19:28,244 [INFO] agents.scanner_agent — Scanner: scanning 'luxury real estate agent in Tampa FL' in Tampa, FL
2026-07-20 15:19:28,583 [WARNING] agents.scanner_agent — Scanner [outscraper] error (attempt 2/3): 402 Client Error: PAYMENT REQUIRED for url: https://api.app.outscraper.com/maps/search-v3?query=luxury+real+estate+agent+in+Tampa+FL&limit=20&async=false. Retrying in 5s...
2026-07-20 15:19:33,942 [WARNING] agents.scanner_agent — Scanner [outscraper] error (attempt 3/3): 402 Client Error: PAYMENT REQUIRED for url: https://api.app.outscraper.com/maps/search-v3?query=luxury+real+estate+agent+in+Tampa+FL&limit=20&async=false. Retrying in 10s...
2026-07-20 15:19:44,364 [WARNING] agents.scanner_agent — Scanner [outscraper]: exhausted retries for 'luxury real estate agent in Tampa FL'. Trying next provider...
2026-07-20 15:19:48,969 [INFO] agents.scanner_agent — Scanner [valueserp]: 20 results for 'luxury real estate agent in Tampa FL'
2026-07-20 15:19:52,969 [INFO] agents.scanner_agent — Scanner: scanning 'regenerative medicine clinic in Tampa FL' in Tampa, FL
2026-07-20 15:19:53,311 [WARNING] agents.scanner_agent — Scanner [outscraper] error (attempt 2/3): 402 Client Error: PAYMENT REQUIRED for url: https://api.app.outscraper.com/maps/search-v3?query=regenerative+medicine+clinic+in+Tampa+FL&limit=20&async=false. Retrying in 5s...
2026-07-20 15:19:58,711 [WARNING] agents.scanner_agent — Scanner [outscraper] error (attempt 3/3): 402 Client Error: PAYMENT REQUIRED for url: https://api.app.outscraper.com/maps/search-v3?query=regenerative+medicine+clinic+in+Tampa+FL&limit=20&async=false. Retrying in 10s...
2026-07-20 15:20:09,074 [WARNING] agents.scanner_agent — Scanner [outscraper]: exhausted retries for 'regenerative medicine clinic in Tampa FL'. Trying next provider...
2026-07-20 15:20:17,719 [INFO] agents.scanner_agent — Scanner [valueserp]: 20 results for 'regenerative medicine clinic in Tampa FL'
2026-07-20 15:20:21,719 [INFO] agents.scanner_agent — Scanner: scanning 'personal injury lawyer in Portland OR' in Portland, OR
2026-07-20 15:20:22,270 [WARNING] agents.scanner_agent — Scanner [outscraper] error (attempt 2/3): 402 Client Error: PAYMENT REQUIRED for url: https://api.app.outscraper.com/maps/search-v3?query=personal+injury+lawyer+in+Portland+OR&limit=20&async=false. Retrying in 5s...
2026-07-20 15:20:27,749 [WARNING] agents.scanner_agent — Scanner [outscraper] error (attempt 3/3): 402 Client Error: PAYMENT REQUIRED for url: https://api.app.outscraper.com/maps/search-v3?query=personal+injury+lawyer+in+Portland+OR&limit=20&async=false. Retrying in 10s...
2026-07-20 15:20:38,166 [WARNING] agents.scanner_agent — Scanner [outscraper]: exhausted retries for 'personal injury lawyer in Portland OR'. Trying next provider...
2026-07-20 15:20:46,074 [INFO] agents.scanner_agent — Scanner [valueserp]: 20 results for 'personal injury lawyer in Portland OR'
2026-07-20 15:20:50,075 [INFO] agents.scanner_agent — Scanner: scanning 'emergency plumber in Portland OR' in Portland, OR
2026-07-20 15:20:50,431 [WARNING] agents.scanner_agent — Scanner [outscraper] error (attempt 2/3): 402 Client Error: PAYMENT REQUIRED for url: https://api.app.outscraper.com/maps/search-v3?query=emergency+plumber+in+Portland+OR&limit=20&async=false. Retrying in 5s...
2026-07-20 15:20:56,404 [WARNING] agents.scanner_agent — Scanner [outscraper] error (attempt 3/3): 402 Client Error: PAYMENT REQUIRED for url: https://api.app.outscraper.com/maps/search-v3?query=emergency+plumber+in+Portland+OR&limit=20&async=false. Retrying in 10s...
2026-07-20 15:21:06,751 [WARNING] agents.scanner_agent — Scanner [outscraper]: exhausted retries for 'emergency plumber in Portland OR'. Trying next provider...
2026-07-20 15:21:14,935 [INFO] agents.scanner_agent — Scanner [valueserp]: 20 results for 'emergency plumber in Portland OR'
2026-07-20 15:21:18,935 [INFO] agents.scanner_agent — Scanner: scanning 'cosmetic dentist in Portland OR' in Portland, OR
2026-07-20 15:21:20,395 [WARNING] agents.scanner_agent — Scanner [outscraper] error (attempt 2/3): 402 Client Error: PAYMENT REQUIRED for url: https://api.app.outscraper.com/maps/search-v3?query=cosmetic+dentist+in+Portland+OR&limit=20&async=false. Retrying in 5s...
2026-07-20 15:21:25,722 [WARNING] agents.scanner_agent — Scanner [outscraper] error (attempt 3/3): 402 Client Error: PAYMENT REQUIRED for url: https://api.app.outscraper.com/maps/search-v3?query=cosmetic+dentist+in+Portland+OR&limit=20&async=false. Retrying in 10s...
2026-07-20 15:21:36,983 [WARNING] agents.scanner_agent — Scanner [outscraper]: exhausted retries for 'cosmetic dentist in Portland OR'. Trying next provider...
2026-07-20 15:21:57,739 [INFO] agents.scanner_agent — Scanner [valueserp]: 20 results for 'cosmetic dentist in Portland OR'
2026-07-20 15:22:01,739 [INFO] agents.scanner_agent — Scanner: scanning 'luxury real estate agent in Portland OR' in Portland, OR
2026-07-20 15:22:02,106 [WARNING] agents.scanner_agent — Scanner [outscraper] error (attempt 2/3): 402 Client Error: PAYMENT REQUIRED for url: https://api.app.outscraper.com/maps/search-v3?query=luxury+real+estate+agent+in+Portland+OR&limit=20&async=false. Retrying in 5s...
2026-07-20 15:22:07,503 [WARNING] agents.scanner_agent — Scanner [outscraper] error (attempt 3/3): 402 Client Error: PAYMENT REQUIRED for url: https://api.app.outscraper.com/maps/search-v3?query=luxury+real+estate+agent+in+Portland+OR&limit=20&async=false. Retrying in 10s...
2026-07-20 15:22:17,832 [WARNING] agents.scanner_agent — Scanner [outscraper]: exhausted retries for 'luxury real estate agent in Portland OR'. Trying next provider...
2026-07-20 15:22:21,205 [INFO] agents.scanner_agent — Scanner [valueserp]: 20 results for 'luxury real estate agent in Portland OR'
2026-07-20 15:22:25,206 [INFO] agents.scanner_agent — Scanner: scanning 'regenerative medicine clinic in Portland OR' in Portland, OR
2026-07-20 15:22:25,556 [WARNING] agents.scanner_agent — Scanner [outscraper] error (attempt 2/3): 402 Client Error: PAYMENT REQUIRED for url: https://api.app.outscraper.com/maps/search-v3?query=regenerative+medicine+clinic+in+Portland+OR&limit=20&async=false. Retrying in 5s...
2026-07-20 15:22:30,969 [WARNING] agents.scanner_agent — Scanner [outscraper] error (attempt 3/3): 402 Client Error: PAYMENT REQUIRED for url: https://api.app.outscraper.com/maps/search-v3?query=regenerative+medicine+clinic+in+Portland+OR&limit=20&async=false. Retrying in 10s...
2026-07-20 15:22:42,759 [WARNING] agents.scanner_agent — Scanner [outscraper]: exhausted retries for 'regenerative medicine clinic in Portland OR'. Trying next provider...
2026-07-20 15:22:46,917 [INFO] agents.scanner_agent — Scanner [valueserp]: 20 results for 'regenerative medicine clinic in Portland OR'
2026-07-20 15:22:50,917 [INFO] agents.scanner_agent — Scanner: scanning 'personal injury lawyer in Minneapolis MN' in Minneapolis, MN
2026-07-20 15:22:51,298 [WARNING] agents.scanner_agent — Scanner [outscraper] error (attempt 2/3): 402 Client Error: PAYMENT REQUIRED for url: https://api.app.outscraper.com/maps/search-v3?query=personal+injury+lawyer+in+Minneapolis+MN&limit=20&async=false. Retrying in 5s...
2026-07-20 15:22:56,672 [WARNING] agents.scanner_agent — Scanner [outscraper] error (attempt 3/3): 402 Client Error: PAYMENT REQUIRED for url: https://api.app.outscraper.com/maps/search-v3?query=personal+injury+lawyer+in+Minneapolis+MN&limit=20&async=false. Retrying in 10s...
2026-07-20 15:23:07,027 [WARNING] agents.scanner_agent — Scanner [outscraper]: exhausted retries for 'personal injury lawyer in Minneapolis MN'. Trying next provider...
2026-07-20 15:23:17,489 [INFO] agents.scanner_agent — Scanner [valueserp]: 20 results for 'personal injury lawyer in Minneapolis MN'
2026-07-20 15:23:21,489 [INFO] agents.scanner_agent — Scanner: scanning 'emergency plumber in Minneapolis MN' in Minneapolis, MN
2026-07-20 15:23:22,110 [WARNING] agents.scanner_agent — Scanner [outscraper] error (attempt 2/3): 402 Client Error: PAYMENT REQUIRED for url: https://api.app.outscraper.com/maps/search-v3?query=emergency+plumber+in+Minneapolis+MN&limit=20&async=false. Retrying in 5s...
2026-07-20 15:23:27,615 [WARNING] agents.scanner_agent — Scanner [outscraper] error (attempt 3/3): 402 Client Error: PAYMENT REQUIRED for url: https://api.app.outscraper.com/maps/search-v3?query=emergency+plumber+in+Minneapolis+MN&limit=20&async=false. Retrying in 10s...
2026-07-20 15:23:38,058 [WARNING] agents.scanner_agent — Scanner [outscraper]: exhausted retries for 'emergency plumber in Minneapolis MN'. Trying next provider...
2026-07-20 15:23:44,686 [INFO] agents.scanner_agent — Scanner [valueserp]: 20 results for 'emergency plumber in Minneapolis MN'
2026-07-20 15:23:48,686 [INFO] agents.scanner_agent — Scanner: scanning 'cosmetic dentist in Minneapolis MN' in Minneapolis, MN
2026-07-20 15:23:49,060 [WARNING] agents.scanner_agent — Scanner [outscraper] error (attempt 2/3): 402 Client Error: PAYMENT REQUIRED for url: https://api.app.outscraper.com/maps/search-v3?query=cosmetic+dentist+in+Minneapolis+MN&limit=20&async=false. Retrying in 5s...
2026-07-20 15:24:54,326 [WARNING] agents.scanner_agent — Scanner [outscraper] error (attempt 3/3): 402 Client Error: PAYMENT REQUIRED for url: https://api.app.outscraper.com/maps/search-v3?query=cosmetic+dentist+in+Minneapolis+MN&limit=20&async=false. Retrying in 10s...
2026-07-20 15:26:04,629 [WARNING] agents.scanner_agent — Scanner [outscraper]: exhausted retries for 'cosmetic dentist in Minneapolis MN'. Trying next provider...
2026-07-20 15:26:16,737 [INFO] agents.scanner_agent — Scanner [valueserp]: 20 results for 'cosmetic dentist in Minneapolis MN'
2026-07-20 15:26:20,737 [INFO] agents.scanner_agent — Scanner: scanning 'luxury real estate agent in Minneapolis MN' in Minneapolis, MN
2026-07-20 15:26:21,410 [WARNING] agents.scanner_agent — Scanner [outscraper] error (attempt 2/3): 402 Client Error: PAYMENT REQUIRED for url: https://api.app.outscraper.com/maps/search-v3?query=luxury+real+estate+agent+in+Minneapolis+MN&limit=20&async=false. Retrying in 5s...
2026-07-20 15:26:27,039 [WARNING] agents.scanner_agent — Scanner [outscraper] error (attempt 3/3): 402 Client Error: PAYMENT REQUIRED for url: https://api.app.outscraper.com/maps/search-v3?query=luxury+real+estate+agent+in+Minneapolis+MN&limit=20&async=false. Retrying in 10s...
2026-07-20 15:26:59,449 [WARNING] agents.scanner_agent — Scanner [outscraper]: exhausted retries for 'luxury real estate agent in Minneapolis MN'. Trying next provider...
2026-07-20 15:27:08,565 [INFO] agents.scanner_agent — Scanner [valueserp]: 20 results for 'luxury real estate agent in Minneapolis MN'
2026-07-20 15:27:12,566 [INFO] agents.scanner_agent — Scanner: scanning 'regenerative medicine clinic in Minneapolis MN' in Minneapolis, MN
2026-07-20 15:28:12,918 [WARNING] agents.scanner_agent — Scanner [outscraper] error (attempt 2/3): HTTPSConnectionPool(host='api.app.outscraper.com', port=443): Read timed out. (read timeout=60). Retrying in 5s...
2026-07-20 15:28:57,894 [WARNING] agents.scanner_agent — Scanner [outscraper] error (attempt 3/3): HTTPSConnectionPool(host='api.app.outscraper.com', port=443): Read timed out. (read timeout=60). Retrying in 10s...
2026-07-20 15:30:08,137 [WARNING] agents.scanner_agent — Scanner [outscraper]: exhausted retries for 'regenerative medicine clinic in Minneapolis MN'. Trying next provider...
2026-07-20 15:30:11,622 [INFO] agents.scanner_agent — Scanner [valueserp]: 16 results for 'regenerative medicine clinic in Minneapolis MN'
2026-07-20 15:30:15,623 [INFO] agents.scanner_agent — Scanner: scanning 'personal injury lawyer in San Antonio TX' in San Antonio, TX
2026-07-20 15:31:15,895 [WARNING] agents.scanner_agent — Scanner [outscraper] error (attempt 2/3): HTTPSConnectionPool(host='api.app.outscraper.com', port=443): Read timed out. (read timeout=60). Retrying in 5s...
2026-07-20 15:32:21,238 [WARNING] agents.scanner_agent — Scanner [outscraper] error (attempt 3/3): HTTPSConnectionPool(host='api.app.outscraper.com', port=443): Read timed out. (read timeout=60). Retrying in 10s...
2026-07-20 15:33:04,735 [WARNING] agents.scanner_agent — Scanner [outscraper]: exhausted retries for 'personal injury lawyer in San Antonio TX'. Trying next provider...
2026-07-20 15:33:09,571 [INFO] agents.scanner_agent — Scanner [valueserp]: 20 results for 'personal injury lawyer in San Antonio TX'
2026-07-20 15:33:13,571 [INFO] agents.scanner_agent — Scanner: scanning 'emergency plumber in San Antonio TX' in San Antonio, TX
2026-07-20 15:34:13,836 [WARNING] agents.scanner_agent — Scanner [outscraper] error (attempt 2/3): HTTPSConnectionPool(host='api.app.outscraper.com', port=443): Read timed out. (read timeout=60). Retrying in 5s...
2026-07-20 15:35:19,124 [WARNING] agents.scanner_agent — Scanner [outscraper] error (attempt 3/3): HTTPSConnectionPool(host='api.app.outscraper.com', port=443): Read timed out. (read timeout=60). Retrying in 10s...
2026-07-20 15:35:29,511 [WARNING] agents.scanner_agent — Scanner [outscraper]: exhausted retries for 'emergency plumber in San Antonio TX'. Trying next provider...
2026-07-20 15:35:38,876 [INFO] agents.scanner_agent — Scanner [valueserp]: 20 results for 'emergency plumber in San Antonio TX'
2026-07-20 15:35:42,876 [INFO] agents.scanner_agent — Scanner: scanning 'cosmetic dentist in San Antonio TX' in San Antonio, TX
2026-07-20 15:35:43,269 [WARNING] agents.scanner_agent — Scanner [outscraper] error (attempt 2/3): 402 Client Error: PAYMENT REQUIRED for url: https://api.app.outscraper.com/maps/search-v3?query=cosmetic+dentist+in+San+Antonio+TX&limit=20&async=false. Retrying in 5s...
2026-07-20 15:36:48,509 [WARNING] agents.scanner_agent — Scanner [outscraper] error (attempt 3/3): 402 Client Error: PAYMENT REQUIRED for url: https://api.app.outscraper.com/maps/search-v3?query=cosmetic+dentist+in+San+Antonio+TX&limit=20&async=false. Retrying in 10s...
2026-07-20 15:37:44,034 [WARNING] agents.scanner_agent — Scanner [outscraper]: exhausted retries for 'cosmetic dentist in San Antonio TX'. Trying next provider...
2026-07-20 15:37:51,996 [INFO] agents.scanner_agent — Scanner [valueserp]: 20 results for 'cosmetic dentist in San Antonio TX'
2026-07-20 15:37:55,996 [INFO] agents.scanner_agent — Scanner: scanning 'luxury real estate agent in San Antonio TX' in San Antonio, TX
2026-07-20 15:38:56,246 [WARNING] agents.scanner_agent — Scanner [outscraper] error (attempt 2/3): HTTPSConnectionPool(host='api.app.outscraper.com', port=443): Read timed out. (read timeout=60). Retrying in 5s...
2026-07-20 15:39:01,765 [WARNING] agents.scanner_agent — Scanner [outscraper] error (attempt 3/3): HTTPSConnectionPool(host='api.app.outscraper.com', port=443): Read timed out. (read timeout=60). Retrying in 10s...
2026-07-20 15:39:12,182 [WARNING] agents.scanner_agent — Scanner [outscraper]: exhausted retries for 'luxury real estate agent in San Antonio TX'. Trying next provider...
2026-07-20 15:39:26,487 [INFO] agents.scanner_agent — Scanner [valueserp]: 20 results for 'luxury real estate agent in San Antonio TX'
2026-07-20 15:39:30,487 [INFO] agents.scanner_agent — Scanner: scanning 'regenerative medicine clinic in San Antonio TX' in San Antonio, TX
2026-07-20 15:40:30,819 [WARNING] agents.scanner_agent — Scanner [outscraper] error (attempt 2/3): HTTPSConnectionPool(host='api.app.outscraper.com', port=443): Read timed out. (read timeout=60). Retrying in 5s...
2026-07-20 15:40:36,289 [WARNING] agents.scanner_agent — Scanner [outscraper] error (attempt 3/3): HTTPSConnectionPool(host='api.app.outscraper.com', port=443): Read timed out. (read timeout=60). Retrying in 10s...
2026-07-20 15:41:46,662 [WARNING] agents.scanner_agent — Scanner [outscraper]: exhausted retries for 'regenerative medicine clinic in San Antonio TX'. Trying next provider...
2026-07-20 15:42:09,616 [INFO] agents.scanner_agent — Scanner [valueserp]: 20 results for 'regenerative medicine clinic in San Antonio TX'
2026-07-20 15:42:13,616 [INFO] agents.scanner_agent — Scanner: scanning 'personal injury lawyer in Orlando FL' in Orlando, FL
2026-07-20 15:42:14,662 [WARNING] agents.scanner_agent — Scanner [outscraper] error (attempt 2/3): 402 Client Error: PAYMENT REQUIRED for url: https://api.app.outscraper.com/maps/search-v3?query=personal+injury+lawyer+in+Orlando+FL&limit=20&async=false. Retrying in 5s...
2026-07-20 15:43:20,068 [WARNING] agents.scanner_agent — Scanner [outscraper] error (attempt 3/3): 402 Client Error: PAYMENT REQUIRED for url: https://api.app.outscraper.com/maps/search-v3?query=personal+injury+lawyer+in+Orlando+FL&limit=20&async=false. Retrying in 10s...
2026-07-20 15:43:30,923 [WARNING] agents.scanner_agent — Scanner [outscraper]: exhausted retries for 'personal injury lawyer in Orlando FL'. Trying next provider...
2026-07-20 15:43:52,795 [INFO] agents.scanner_agent — Scanner [valueserp]: 20 results for 'personal injury lawyer in Orlando FL'
2026-07-20 15:43:56,795 [INFO] agents.scanner_agent — Scanner: scanning 'emergency plumber in Orlando FL' in Orlando, FL
2026-07-20 15:44:57,157 [WARNING] agents.scanner_agent — Scanner [outscraper] error (attempt 2/3): HTTPSConnectionPool(host='api.app.outscraper.com', port=443): Read timed out. (read timeout=60). Retrying in 5s...
2026-07-20 15:45:03,015 [WARNING] agents.scanner_agent — Scanner [outscraper] error (attempt 3/3): HTTPSConnectionPool(host='api.app.outscraper.com', port=443): Read timed out. (read timeout=60). Retrying in 10s...
2026-07-20 15:45:15,404 [WARNING] agents.scanner_agent — Scanner [outscraper]: exhausted retries for 'emergency plumber in Orlando FL'. Trying next provider...
2026-07-20 15:45:20,147 [INFO] agents.scanner_agent — Scanner [valueserp]: 20 results for 'emergency plumber in Orlando FL'
2026-07-20 15:45:24,148 [INFO] agents.scanner_agent — Scanner: scanning 'cosmetic dentist in Orlando FL' in Orlando, FL
2026-07-20 15:45:24,872 [WARNING] agents.scanner_agent — Scanner [outscraper] error (attempt 2/3): 402 Client Error: PAYMENT REQUIRED for url: https://api.app.outscraper.com/maps/search-v3?query=cosmetic+dentist+in+Orlando+FL&limit=20&async=false. Retrying in 5s...
2026-07-20 15:46:30,265 [WARNING] agents.scanner_agent — Scanner [outscraper] error (attempt 3/3): 402 Client Error: PAYMENT REQUIRED for url: https://api.app.outscraper.com/maps/search-v3?query=cosmetic+dentist+in+Orlando+FL&limit=20&async=false. Retrying in 10s...
2026-07-20 15:46:40,603 [WARNING] agents.scanner_agent — Scanner [outscraper]: exhausted retries for 'cosmetic dentist in Orlando FL'. Trying next provider...
2026-07-20 15:46:47,178 [INFO] agents.scanner_agent — Scanner [valueserp]: 20 results for 'cosmetic dentist in Orlando FL'
2026-07-20 15:46:51,178 [INFO] agents.scanner_agent — Scanner: scanning 'luxury real estate agent in Orlando FL' in Orlando, FL
2026-07-20 15:46:51,665 [WARNING] agents.scanner_agent — Scanner [outscraper] error (attempt 2/3): 402 Client Error: PAYMENT REQUIRED for url: https://api.app.outscraper.com/maps/search-v3?query=luxury+real+estate+agent+in+Orlando+FL&limit=20&async=false. Retrying in 5s...
2026-07-20 15:47:56,945 [WARNING] agents.scanner_agent — Scanner [outscraper] error (attempt 3/3): 402 Client Error: PAYMENT REQUIRED for url: https://api.app.outscraper.com/maps/search-v3?query=luxury+real+estate+agent+in+Orlando+FL&limit=20&async=false. Retrying in 10s...
2026-07-20 15:49:07,247 [WARNING] agents.scanner_agent — Scanner [outscraper]: exhausted retries for 'luxury real estate agent in Orlando FL'. Trying next provider...
2026-07-20 15:49:14,511 [INFO] agents.scanner_agent — Scanner [valueserp]: 20 results for 'luxury real estate agent in Orlando FL'
2026-07-20 15:49:18,511 [INFO] agents.scanner_agent — Scanner: scanning 'regenerative medicine clinic in Orlando FL' in Orlando, FL
2026-07-20 15:50:18,905 [WARNING] agents.scanner_agent — Scanner [outscraper] error (attempt 2/3): HTTPSConnectionPool(host='api.app.outscraper.com', port=443): Read timed out. (read timeout=60). Retrying in 5s...
2026-07-20 15:50:24,369 [WARNING] agents.scanner_agent — Scanner [outscraper] error (attempt 3/3): HTTPSConnectionPool(host='api.app.outscraper.com', port=443): Read timed out. (read timeout=60). Retrying in 10s...
2026-07-20 15:50:34,719 [WARNING] agents.scanner_agent — Scanner [outscraper]: exhausted retries for 'regenerative medicine clinic in Orlando FL'. Trying next provider...
2026-07-20 15:51:04,631 [INFO] agents.scanner_agent — Scanner [valueserp]: 20 results for 'regenerative medicine clinic in Orlando FL'
2026-07-20 15:51:08,631 [INFO] agents.scanner_agent — Scanner: rotation group B — scanned 60, skipped 60 off-week combos
2026-07-20 15:51:08,631 [INFO] agents.scanner_agent — Scanner: monthly usage after this run — SerpAPI 245/245, Outscraper 0/95, ValueSERP 55/95
2026-07-20 15:51:08,631 [INFO] local_seo_orchestrator —       Scanned 60 categories
2026-07-20 15:51:08,632 [INFO] local_seo_orchestrator — [2/5] Analyzer Agent: detecting rank changes...
2026-07-20 15:51:08,989 [INFO] agents.analyzer_agent — Analyzer: found 11 rank drop alerts across 60 categories
2026-07-20 15:51:08,998 [INFO] local_seo_orchestrator —       Found 11 rank drop alerts
2026-07-20 15:51:09,004 [INFO] local_seo_orchestrator — [3/5] Outreach Agent: sending teaser emails for 11 drops...
2026-07-20 15:51:11,985 [INFO] agents.outreach_agent — Outreach: no valid email for Bader Law - Personal Injury Attorneys (got: None)
2026-07-20 15:51:12,362 [INFO] agents.outreach_agent — Found email info@butlerfirm.com on https://butlerfirm.com/?utm_source=google&utm_medium=organic&utm_campaign=gmb-lisiting&utm_content=atlanta-office
2026-07-20 15:51:12,364 [INFO] agents.outreach_agent — Outreach: subject variant 0 for Butler Kahn: Wrongful Death & Serious Injury Lawyers
2026-07-20 15:51:12,507 [INFO] agents.email_sender — Resend: sent to info@butlerfirm.com (id=7e9546f5-3ab9-4c53-8cbb-a0ffd149a39d)
2026-07-20 15:51:12,508 [INFO] agents.outreach_agent — Outreach[resend]: teaser email sent to info@butlerfirm.com (Butler Kahn: Wrongful Death & Serious Injury Lawyers)
2026-07-20 15:51:18,463 [INFO] agents.outreach_agent — Found email clients@youtechagency.com on https://atlinjurylawyers.com/?utm_source=GMB&utm_medium=local
2026-07-20 15:51:18,464 [INFO] agents.outreach_agent — Outreach: subject variant 0 for Graham Scofield Injury Lawyers
2026-07-20 15:51:18,580 [INFO] agents.email_sender — Resend: sent to clients@youtechagency.com (id=868db8bd-b028-40c0-bcf0-7210a3881071)
2026-07-20 15:51:18,581 [INFO] agents.outreach_agent — Outreach[resend]: teaser email sent to clients@youtechagency.com (Graham Scofield Injury Lawyers)
2026-07-20 15:51:27,335 [INFO] agents.outreach_agent — Outreach: no valid email for Peach Plumbing & Drain Atlanta Plumber (got: None)
2026-07-20 15:51:27,537 [INFO] agents.outreach_agent — Found email help@emergencylocalplumber.com on https://emergencylocalplumber.com/atlanta-ga/
2026-07-20 15:51:27,539 [INFO] agents.outreach_agent — Outreach: subject variant 0 for A Plus Priority Plumbing
2026-07-20 15:51:27,770 [INFO] agents.email_sender — Resend: sent to help@emergencylocalplumber.com (id=9f502051-99ff-4635-890b-876367283f96)
2026-07-20 15:51:27,771 [INFO] agents.outreach_agent — Outreach[resend]: teaser email sent to help@emergencylocalplumber.com (A Plus Priority Plumbing)
2026-07-20 15:51:31,135 [INFO] agents.outreach_agent — Found email user@domain.com on http://www.dentiqueatl.com/
2026-07-20 15:51:31,136 [INFO] agents.outreach_agent — Outreach: no valid email for Dentique (got: 'user@domain.com')
2026-07-20 15:51:31,607 [INFO] agents.outreach_agent — Found email info@poncedentalstudio.com on https://www.poncedentalstudio.com/
2026-07-20 15:51:31,609 [INFO] agents.outreach_agent — Outreach: subject variant 0 for Ponce Dental Studio - Atlanta
2026-07-20 15:51:31,735 [INFO] agents.email_sender — Resend: sent to info@poncedentalstudio.com (id=dd7f0048-362f-47b2-89ae-dc2eca2b527c)
2026-07-20 15:51:31,736 [INFO] agents.outreach_agent — Outreach[resend]: teaser email sent to info@poncedentalstudio.com (Ponce Dental Studio - Atlanta)
2026-07-20 15:51:35,046 [INFO] agents.outreach_agent — Found email info@aestheticimplantdentistryofatlanta.com on https://newsmileatlanta.com/home
2026-07-20 15:51:35,048 [INFO] agents.outreach_agent — Outreach: subject variant 1 for Aesthetic & Implant Dentistry of Atlanta
2026-07-20 15:51:35,178 [INFO] agents.email_sender — Resend: sent to info@aestheticimplantdentistryofatlanta.com (id=4aa654cf-f37f-4e4a-905b-f34fe707cab4)
2026-07-20 15:51:35,179 [INFO] agents.outreach_agent — Outreach[resend]: teaser email sent to info@aestheticimplantdentistryofatlanta.com (Aesthetic & Implant Dentistry of Atlanta)
2026-07-20 15:51:38,780 [INFO] agents.outreach_agent — Found email contact@theluxuryrealtorgroup.com on http://www.theluxuryrealtorgroup.com/
2026-07-20 15:51:38,782 [INFO] agents.outreach_agent — Outreach: subject variant 0 for David H Wilson, COMPASS REALTOR - Atlanta Luxury Real Estate
2026-07-20 15:51:38,902 [INFO] agents.email_sender — Resend: sent to contact@theluxuryrealtorgroup.com (id=d09cd687-869a-48b2-8f62-859c1f6332a0)
2026-07-20 15:51:38,902 [INFO] agents.outreach_agent — Outreach[resend]: teaser email sent to contact@theluxuryrealtorgroup.com (David H Wilson, COMPASS REALTOR - Atlanta Luxury Real Estate)
2026-07-20 15:51:42,354 [INFO] agents.outreach_agent — Found email rb@atlluxhomesgroup.com on https://www.atlantaluxuryhomesgroup.com/
2026-07-20 15:51:42,356 [INFO] agents.outreach_agent — Outreach: subject variant 1 for Atlanta Luxury Homes Group
2026-07-20 15:51:42,483 [INFO] agents.email_sender — Resend: sent to rb@atlluxhomesgroup.com (id=85fb537e-25a1-4fc8-830f-3d2638979330)
2026-07-20 15:51:42,484 [INFO] agents.outreach_agent — Outreach[resend]: teaser email sent to rb@atlluxhomesgroup.com (Atlanta Luxury Homes Group)
2026-07-20 15:51:47,806 [INFO] agents.outreach_agent — Found email contact@regenerativejointclinics.com on https://regenerativejointclinics.com/?utm_source=google&utm_medium=organic&utm_campaign=gbp-profile
2026-07-20 15:51:47,807 [INFO] agents.outreach_agent — Outreach: subject variant 1 for Regenerative Joint Clinics
2026-07-20 15:51:47,934 [INFO] agents.email_sender — Resend: sent to contact@regenerativejointclinics.com (id=231fd43d-8734-4a99-9bfb-c3cdc27bbfce)
2026-07-20 15:51:47,935 [INFO] agents.outreach_agent — Outreach[resend]: teaser email sent to contact@regenerativejointclinics.com (Regenerative Joint Clinics)
2026-07-20 15:51:50,935 [INFO] agents.outreach_agent — Outreach batch complete: sent=8 (subscribers=0), no_email=3, failed=0
2026-07-20 15:51:50,935 [INFO] local_seo_orchestrator — [4/5] Fulfillment: registering 8 alerts for payment...
2026-07-20 15:51:50,976 [INFO] agents.fulfillment_agent — Fulfillment: registered 8 alerts for post-payment delivery
2026-07-20 15:51:50,977 [INFO] local_seo_orchestrator — [5/5] Monitor Agent: recording stats...
2026-07-20 15:51:52,206 [INFO] local_seo_orchestrator — ============================================================
2026-07-20 15:51:52,207 [INFO] local_seo_orchestrator — Pipeline complete. 11 rank drop alerts, emails sent.
2026-07-20 15:51:52,207 [INFO] local_seo_orchestrator — ============================================================
