2026-07-06 16:11:25,138 [INFO] local_seo_orchestrator — ============================================================
2026-07-06 16:11:25,138 [INFO] local_seo_orchestrator — Starting Search Sentinel pipeline
2026-07-06 16:11:25,138 [INFO] local_seo_orchestrator — Timestamp: 2026-07-06T16:11:25.138315+00:00
2026-07-06 16:11:25,138 [INFO] local_seo_orchestrator — ============================================================
2026-07-06 16:11:25,138 [INFO] local_seo_orchestrator — [1/5] Scanner Agent: fetching Google Maps rankings...
2026-07-06 16:11:25,138 [INFO] local_seo_orchestrator —       Rotation group B (ISO week 28); 0 subscriber categories always included
2026-07-06 16:11:25,138 [INFO] agents.scanner_agent — Scanner: scanning 'personal injury lawyer in Atlanta GA' in Atlanta, GA
2026-07-06 16:11:26,394 [INFO] agents.scanner_agent — Scanner [serpapi]: 20 results for 'personal injury lawyer in Atlanta GA'
2026-07-06 16:11:30,394 [INFO] agents.scanner_agent — Scanner: scanning 'emergency plumber in Atlanta GA' in Atlanta, GA
2026-07-06 16:11:32,575 [INFO] agents.scanner_agent — Scanner [serpapi]: 20 results for 'emergency plumber in Atlanta GA'
2026-07-06 16:11:36,575 [INFO] agents.scanner_agent — Scanner: scanning 'cosmetic dentist in Atlanta GA' in Atlanta, GA
2026-07-06 16:11:38,377 [INFO] agents.scanner_agent — Scanner [serpapi]: 20 results for 'cosmetic dentist in Atlanta GA'
2026-07-06 16:11:42,377 [INFO] agents.scanner_agent — Scanner: scanning 'luxury real estate agent in Atlanta GA' in Atlanta, GA
2026-07-06 16:11:43,870 [INFO] agents.scanner_agent — Scanner [serpapi]: 20 results for 'luxury real estate agent in Atlanta GA'
2026-07-06 16:11:47,871 [INFO] agents.scanner_agent — Scanner: scanning 'regenerative medicine clinic in Atlanta GA' in Atlanta, GA
2026-07-06 16:11:50,396 [INFO] agents.scanner_agent — Scanner [serpapi]: 20 results for 'regenerative medicine clinic in Atlanta GA'
2026-07-06 16:11:54,396 [INFO] agents.scanner_agent — Scanner: scanning 'personal injury lawyer in Boston MA' in Boston, MA
2026-07-06 16:11:56,217 [INFO] agents.scanner_agent — Scanner [serpapi]: 20 results for 'personal injury lawyer in Boston MA'
2026-07-06 16:12:00,218 [INFO] agents.scanner_agent — Scanner: scanning 'emergency plumber in Boston MA' in Boston, MA
2026-07-06 16:12:02,909 [INFO] agents.scanner_agent — Scanner [serpapi]: 20 results for 'emergency plumber in Boston MA'
2026-07-06 16:12:06,910 [INFO] agents.scanner_agent — Scanner: scanning 'cosmetic dentist in Boston MA' in Boston, MA
2026-07-06 16:12:08,137 [INFO] agents.scanner_agent — Scanner [serpapi]: 20 results for 'cosmetic dentist in Boston MA'
2026-07-06 16:12:12,137 [INFO] agents.scanner_agent — Scanner: scanning 'luxury real estate agent in Boston MA' in Boston, MA
2026-07-06 16:12:13,372 [INFO] agents.scanner_agent — Scanner [serpapi]: 20 results for 'luxury real estate agent in Boston MA'
2026-07-06 16:12:17,373 [INFO] agents.scanner_agent — Scanner: scanning 'regenerative medicine clinic in Boston MA' in Boston, MA
2026-07-06 16:12:18,842 [INFO] agents.scanner_agent — Scanner [serpapi]: 15 results for 'regenerative medicine clinic in Boston MA'
2026-07-06 16:12:22,842 [INFO] agents.scanner_agent — Scanner: scanning 'personal injury lawyer in San Diego CA' in San Diego, CA
2026-07-06 16:12:25,006 [INFO] agents.scanner_agent — Scanner [serpapi]: 20 results for 'personal injury lawyer in San Diego CA'
2026-07-06 16:12:29,007 [INFO] agents.scanner_agent — Scanner: scanning 'emergency plumber in San Diego CA' in San Diego, CA
2026-07-06 16:12:29,987 [INFO] agents.scanner_agent — Scanner [serpapi]: 20 results for 'emergency plumber in San Diego CA'
2026-07-06 16:12:33,988 [INFO] agents.scanner_agent — Scanner: scanning 'cosmetic dentist in San Diego CA' in San Diego, CA
2026-07-06 16:12:36,453 [INFO] agents.scanner_agent — Scanner [serpapi]: 20 results for 'cosmetic dentist in San Diego CA'
2026-07-06 16:12:40,453 [INFO] agents.scanner_agent — Scanner: scanning 'luxury real estate agent in San Diego CA' in San Diego, CA
2026-07-06 16:12:41,529 [INFO] agents.scanner_agent — Scanner [serpapi]: 20 results for 'luxury real estate agent in San Diego CA'
2026-07-06 16:12:45,529 [INFO] agents.scanner_agent — Scanner: scanning 'regenerative medicine clinic in San Diego CA' in San Diego, CA
2026-07-06 16:12:46,686 [INFO] agents.scanner_agent — Scanner [serpapi]: 20 results for 'regenerative medicine clinic in San Diego CA'
2026-07-06 16:12:50,686 [INFO] agents.scanner_agent — Scanner: scanning 'personal injury lawyer in Las Vegas NV' in Las Vegas, NV
2026-07-06 16:12:56,990 [INFO] agents.scanner_agent — Scanner [serpapi]: 20 results for 'personal injury lawyer in Las Vegas NV'
2026-07-06 16:13:00,990 [INFO] agents.scanner_agent — Scanner: scanning 'emergency plumber in Las Vegas NV' in Las Vegas, NV
2026-07-06 16:13:02,732 [INFO] agents.scanner_agent — Scanner [serpapi]: 20 results for 'emergency plumber in Las Vegas NV'
2026-07-06 16:13:06,733 [INFO] agents.scanner_agent — Scanner: scanning 'cosmetic dentist in Las Vegas NV' in Las Vegas, NV
2026-07-06 16:13:08,675 [INFO] agents.scanner_agent — Scanner [serpapi]: 20 results for 'cosmetic dentist in Las Vegas NV'
2026-07-06 16:13:12,675 [INFO] agents.scanner_agent — Scanner: scanning 'luxury real estate agent in Las Vegas NV' in Las Vegas, NV
2026-07-06 16:13:13,656 [INFO] agents.scanner_agent — Scanner [serpapi]: 20 results for 'luxury real estate agent in Las Vegas NV'
2026-07-06 16:13:17,657 [INFO] agents.scanner_agent — Scanner: scanning 'regenerative medicine clinic in Las Vegas NV' in Las Vegas, NV
2026-07-06 16:13:19,436 [INFO] agents.scanner_agent — Scanner [serpapi]: 20 results for 'regenerative medicine clinic in Las Vegas NV'
2026-07-06 16:13:23,436 [INFO] agents.scanner_agent — Scanner: scanning 'personal injury lawyer in Washington DC' in Washington, DC
2026-07-06 16:13:24,402 [INFO] agents.scanner_agent — Scanner [serpapi]: 20 results for 'personal injury lawyer in Washington DC'
2026-07-06 16:13:28,402 [INFO] agents.scanner_agent — Scanner: scanning 'emergency plumber in Washington DC' in Washington, DC
2026-07-06 16:13:29,449 [INFO] agents.scanner_agent — Scanner [serpapi]: 20 results for 'emergency plumber in Washington DC'
2026-07-06 16:13:33,449 [INFO] agents.scanner_agent — Scanner: scanning 'cosmetic dentist in Washington DC' in Washington, DC
2026-07-06 16:13:35,746 [INFO] agents.scanner_agent — Scanner [serpapi]: 20 results for 'cosmetic dentist in Washington DC'
2026-07-06 16:13:39,746 [INFO] agents.scanner_agent — Scanner: scanning 'luxury real estate agent in Washington DC' in Washington, DC
2026-07-06 16:13:40,845 [INFO] agents.scanner_agent — Scanner [serpapi]: 20 results for 'luxury real estate agent in Washington DC'
2026-07-06 16:13:44,845 [INFO] agents.scanner_agent — Scanner: scanning 'regenerative medicine clinic in Washington DC' in Washington, DC
2026-07-06 16:13:46,500 [INFO] agents.scanner_agent — Scanner [serpapi]: 5 results for 'regenerative medicine clinic in Washington DC'
2026-07-06 16:13:50,500 [INFO] agents.scanner_agent — Scanner: scanning 'personal injury lawyer in Nashville TN' in Nashville, TN
2026-07-06 16:13:51,468 [INFO] agents.scanner_agent — Scanner [serpapi]: 20 results for 'personal injury lawyer in Nashville TN'
2026-07-06 16:13:55,469 [INFO] agents.scanner_agent — Scanner: scanning 'emergency plumber in Nashville TN' in Nashville, TN
2026-07-06 16:13:57,535 [INFO] agents.scanner_agent — Scanner [serpapi]: 20 results for 'emergency plumber in Nashville TN'
2026-07-06 16:14:01,535 [INFO] agents.scanner_agent — Scanner: scanning 'cosmetic dentist in Nashville TN' in Nashville, TN
2026-07-06 16:14:03,542 [INFO] agents.scanner_agent — Scanner [serpapi]: 20 results for 'cosmetic dentist in Nashville TN'
2026-07-06 16:14:07,542 [INFO] agents.scanner_agent — Scanner: scanning 'luxury real estate agent in Nashville TN' in Nashville, TN
2026-07-06 16:14:09,779 [INFO] agents.scanner_agent — Scanner [serpapi]: 20 results for 'luxury real estate agent in Nashville TN'
2026-07-06 16:14:13,779 [INFO] agents.scanner_agent — Scanner: scanning 'regenerative medicine clinic in Nashville TN' in Nashville, TN
2026-07-06 16:14:14,642 [INFO] agents.scanner_agent — Scanner [serpapi]: 20 results for 'regenerative medicine clinic in Nashville TN'
2026-07-06 16:14:18,643 [INFO] agents.scanner_agent — Scanner: scanning 'personal injury lawyer in Charlotte NC' in Charlotte, NC
2026-07-06 16:14:19,713 [INFO] agents.scanner_agent — Scanner [serpapi]: 20 results for 'personal injury lawyer in Charlotte NC'
2026-07-06 16:14:23,713 [INFO] agents.scanner_agent — Scanner: scanning 'emergency plumber in Charlotte NC' in Charlotte, NC
2026-07-06 16:14:26,412 [INFO] agents.scanner_agent — Scanner [serpapi]: 20 results for 'emergency plumber in Charlotte NC'
2026-07-06 16:14:30,413 [INFO] agents.scanner_agent — Scanner: scanning 'cosmetic dentist in Charlotte NC' in Charlotte, NC
2026-07-06 16:14:32,228 [INFO] agents.scanner_agent — Scanner [serpapi]: 20 results for 'cosmetic dentist in Charlotte NC'
2026-07-06 16:14:36,229 [INFO] agents.scanner_agent — Scanner: scanning 'luxury real estate agent in Charlotte NC' in Charlotte, NC
2026-07-06 16:14:37,624 [INFO] agents.scanner_agent — Scanner [serpapi]: 20 results for 'luxury real estate agent in Charlotte NC'
2026-07-06 16:14:41,624 [INFO] agents.scanner_agent — Scanner: scanning 'regenerative medicine clinic in Charlotte NC' in Charlotte, NC
2026-07-06 16:14:43,441 [INFO] agents.scanner_agent — Scanner [serpapi]: 16 results for 'regenerative medicine clinic in Charlotte NC'
2026-07-06 16:14:47,441 [INFO] agents.scanner_agent — Scanner: scanning 'personal injury lawyer in Tampa FL' in Tampa, FL
2026-07-06 16:14:50,114 [INFO] agents.scanner_agent — Scanner [serpapi]: 20 results for 'personal injury lawyer in Tampa FL'
2026-07-06 16:14:54,114 [INFO] agents.scanner_agent — Scanner: scanning 'emergency plumber in Tampa FL' in Tampa, FL
2026-07-06 16:14:56,384 [INFO] agents.scanner_agent — Scanner [serpapi]: 20 results for 'emergency plumber in Tampa FL'
2026-07-06 16:15:00,384 [INFO] agents.scanner_agent — Scanner: scanning 'cosmetic dentist in Tampa FL' in Tampa, FL
2026-07-06 16:15:01,537 [INFO] agents.scanner_agent — Scanner [serpapi]: 20 results for 'cosmetic dentist in Tampa FL'
2026-07-06 16:15:05,538 [INFO] agents.scanner_agent — Scanner: scanning 'luxury real estate agent in Tampa FL' in Tampa, FL
2026-07-06 16:15:07,482 [INFO] agents.scanner_agent — Scanner [serpapi]: 20 results for 'luxury real estate agent in Tampa FL'
2026-07-06 16:15:11,483 [INFO] agents.scanner_agent — Scanner: scanning 'regenerative medicine clinic in Tampa FL' in Tampa, FL
2026-07-06 16:15:12,473 [INFO] agents.scanner_agent — Scanner [serpapi]: 20 results for 'regenerative medicine clinic in Tampa FL'
2026-07-06 16:15:16,473 [INFO] agents.scanner_agent — Scanner: scanning 'personal injury lawyer in Portland OR' in Portland, OR
2026-07-06 16:15:18,418 [INFO] agents.scanner_agent — Scanner [serpapi]: 20 results for 'personal injury lawyer in Portland OR'
2026-07-06 16:15:22,418 [INFO] agents.scanner_agent — Scanner: scanning 'emergency plumber in Portland OR' in Portland, OR
2026-07-06 16:15:23,812 [INFO] agents.scanner_agent — Scanner [serpapi]: 20 results for 'emergency plumber in Portland OR'
2026-07-06 16:15:27,812 [INFO] agents.scanner_agent — Scanner: scanning 'cosmetic dentist in Portland OR' in Portland, OR
2026-07-06 16:15:28,948 [INFO] agents.scanner_agent — Scanner [serpapi]: 20 results for 'cosmetic dentist in Portland OR'
2026-07-06 16:15:32,948 [INFO] agents.scanner_agent — Scanner: scanning 'luxury real estate agent in Portland OR' in Portland, OR
2026-07-06 16:15:34,817 [INFO] agents.scanner_agent — Scanner [serpapi]: 20 results for 'luxury real estate agent in Portland OR'
2026-07-06 16:15:38,817 [INFO] agents.scanner_agent — Scanner: scanning 'regenerative medicine clinic in Portland OR' in Portland, OR
2026-07-06 16:15:40,442 [INFO] agents.scanner_agent — Scanner [serpapi]: 20 results for 'regenerative medicine clinic in Portland OR'
2026-07-06 16:15:44,442 [INFO] agents.scanner_agent — Scanner: scanning 'personal injury lawyer in Minneapolis MN' in Minneapolis, MN
2026-07-06 16:15:45,374 [INFO] agents.scanner_agent — Scanner [serpapi]: 20 results for 'personal injury lawyer in Minneapolis MN'
2026-07-06 16:15:49,374 [INFO] agents.scanner_agent — Scanner: scanning 'emergency plumber in Minneapolis MN' in Minneapolis, MN
2026-07-06 16:15:52,270 [INFO] agents.scanner_agent — Scanner [serpapi]: 20 results for 'emergency plumber in Minneapolis MN'
2026-07-06 16:15:56,270 [INFO] agents.scanner_agent — Scanner: scanning 'cosmetic dentist in Minneapolis MN' in Minneapolis, MN
2026-07-06 16:16:03,742 [INFO] agents.scanner_agent — Scanner [serpapi]: 20 results for 'cosmetic dentist in Minneapolis MN'
2026-07-06 16:16:07,742 [INFO] agents.scanner_agent — Scanner: scanning 'luxury real estate agent in Minneapolis MN' in Minneapolis, MN
2026-07-06 16:16:09,466 [INFO] agents.scanner_agent — Scanner [serpapi]: 20 results for 'luxury real estate agent in Minneapolis MN'
2026-07-06 16:16:13,467 [INFO] agents.scanner_agent — Scanner: scanning 'regenerative medicine clinic in Minneapolis MN' in Minneapolis, MN
2026-07-06 16:16:17,045 [INFO] agents.scanner_agent — Scanner [serpapi]: 14 results for 'regenerative medicine clinic in Minneapolis MN'
2026-07-06 16:16:21,046 [INFO] agents.scanner_agent — Scanner: scanning 'personal injury lawyer in San Antonio TX' in San Antonio, TX
2026-07-06 16:16:23,634 [INFO] agents.scanner_agent — Scanner [serpapi]: 20 results for 'personal injury lawyer in San Antonio TX'
2026-07-06 16:16:27,634 [INFO] agents.scanner_agent — Scanner: scanning 'emergency plumber in San Antonio TX' in San Antonio, TX
2026-07-06 16:16:29,039 [INFO] agents.scanner_agent — Scanner [serpapi]: 20 results for 'emergency plumber in San Antonio TX'
2026-07-06 16:16:33,039 [INFO] agents.scanner_agent — Scanner: scanning 'cosmetic dentist in San Antonio TX' in San Antonio, TX
2026-07-06 16:16:34,830 [INFO] agents.scanner_agent — Scanner [serpapi]: 20 results for 'cosmetic dentist in San Antonio TX'
2026-07-06 16:16:38,830 [INFO] agents.scanner_agent — Scanner: scanning 'luxury real estate agent in San Antonio TX' in San Antonio, TX
2026-07-06 16:16:41,103 [INFO] agents.scanner_agent — Scanner [serpapi]: 20 results for 'luxury real estate agent in San Antonio TX'
2026-07-06 16:16:45,104 [INFO] agents.scanner_agent — Scanner: scanning 'regenerative medicine clinic in San Antonio TX' in San Antonio, TX
2026-07-06 16:16:46,387 [INFO] agents.scanner_agent — Scanner [serpapi]: 20 results for 'regenerative medicine clinic in San Antonio TX'
2026-07-06 16:16:50,387 [INFO] agents.scanner_agent — Scanner: scanning 'personal injury lawyer in Orlando FL' in Orlando, FL
2026-07-06 16:16:51,462 [INFO] agents.scanner_agent — Scanner [serpapi]: 20 results for 'personal injury lawyer in Orlando FL'
2026-07-06 16:16:55,463 [INFO] agents.scanner_agent — Scanner: scanning 'emergency plumber in Orlando FL' in Orlando, FL
2026-07-06 16:16:56,879 [INFO] agents.scanner_agent — Scanner [serpapi]: 20 results for 'emergency plumber in Orlando FL'
2026-07-06 16:17:00,880 [INFO] agents.scanner_agent — Scanner: scanning 'cosmetic dentist in Orlando FL' in Orlando, FL
2026-07-06 16:17:01,960 [INFO] agents.scanner_agent — Scanner [serpapi]: 20 results for 'cosmetic dentist in Orlando FL'
2026-07-06 16:17:05,960 [INFO] agents.scanner_agent — Scanner: scanning 'luxury real estate agent in Orlando FL' in Orlando, FL
2026-07-06 16:17:07,697 [INFO] agents.scanner_agent — Scanner [serpapi]: 20 results for 'luxury real estate agent in Orlando FL'
2026-07-06 16:17:11,697 [INFO] agents.scanner_agent — Scanner: scanning 'regenerative medicine clinic in Orlando FL' in Orlando, FL
2026-07-06 16:17:12,746 [INFO] agents.scanner_agent — Scanner [serpapi]: 20 results for 'regenerative medicine clinic in Orlando FL'
2026-07-06 16:17:16,747 [INFO] agents.scanner_agent — Scanner: rotation group B — scanned 60, skipped 60 off-week combos
2026-07-06 16:17:16,747 [INFO] agents.scanner_agent — Scanner: monthly usage after this run — SerpAPI 180/245, Outscraper 0/95, ValueSERP 0/95
2026-07-06 16:17:16,747 [INFO] local_seo_orchestrator —       Scanned 60 categories
2026-07-06 16:17:16,747 [INFO] local_seo_orchestrator — [2/5] Analyzer Agent: detecting rank changes...
2026-07-06 16:17:17,047 [INFO] agents.analyzer_agent — Analyzer: found 0 rank drop alerts across 60 categories
2026-07-06 16:17:17,056 [INFO] local_seo_orchestrator —       Found 0 rank drop alerts
2026-07-06 16:17:17,061 [INFO] local_seo_orchestrator — No rank drops detected this week — pipeline complete
