2026-07-27 15:33:54,616 [INFO] local_seo_orchestrator — ============================================================
2026-07-27 15:33:54,616 [INFO] local_seo_orchestrator — Starting Search Sentinel pipeline
2026-07-27 15:33:54,616 [INFO] local_seo_orchestrator — Timestamp: 2026-07-27T15:33:54.616762+00:00
2026-07-27 15:33:54,616 [INFO] local_seo_orchestrator — ============================================================
2026-07-27 15:33:54,617 [INFO] local_seo_orchestrator — [1/5] Scanner Agent: fetching Google Maps rankings...
2026-07-27 15:33:54,617 [INFO] local_seo_orchestrator —       Rotation group A (ISO week 31); 0 subscriber categories always included
2026-07-27 15:33:54,617 [INFO] agents.scanner_agent — Scanner: scanning 'personal injury lawyer in New York NY' in New York, NY
2026-07-27 15:33:54,617 [INFO] agents.scanner_agent — Scanner: new billing period (2026-07-22) — resetting search usage counters
2026-07-27 15:33:56,082 [INFO] agents.scanner_agent — Scanner [serpapi]: 20 results for 'personal injury lawyer in New York NY'
2026-07-27 15:34:00,083 [INFO] agents.scanner_agent — Scanner: scanning 'emergency plumber in New York NY' in New York, NY
2026-07-27 15:34:01,377 [INFO] agents.scanner_agent — Scanner [serpapi]: 20 results for 'emergency plumber in New York NY'
2026-07-27 15:34:05,377 [INFO] agents.scanner_agent — Scanner: scanning 'cosmetic dentist in New York NY' in New York, NY
2026-07-27 15:34:06,382 [INFO] agents.scanner_agent — Scanner [serpapi]: 20 results for 'cosmetic dentist in New York NY'
2026-07-27 15:34:10,382 [INFO] agents.scanner_agent — Scanner: scanning 'luxury real estate agent in New York NY' in New York, NY
2026-07-27 15:34:11,801 [INFO] agents.scanner_agent — Scanner [serpapi]: 20 results for 'luxury real estate agent in New York NY'
2026-07-27 15:34:15,801 [INFO] agents.scanner_agent — Scanner: scanning 'regenerative medicine clinic in New York NY' in New York, NY
2026-07-27 15:34:17,634 [INFO] agents.scanner_agent — Scanner [serpapi]: 20 results for 'regenerative medicine clinic in New York NY'
2026-07-27 15:34:21,634 [INFO] agents.scanner_agent — Scanner: scanning 'personal injury lawyer in Los Angeles CA' in Los Angeles, CA
2026-07-27 15:34:24,177 [INFO] agents.scanner_agent — Scanner [serpapi]: 20 results for 'personal injury lawyer in Los Angeles CA'
2026-07-27 15:34:28,177 [INFO] agents.scanner_agent — Scanner: scanning 'emergency plumber in Los Angeles CA' in Los Angeles, CA
2026-07-27 15:34:29,970 [INFO] agents.scanner_agent — Scanner [serpapi]: 20 results for 'emergency plumber in Los Angeles CA'
2026-07-27 15:34:33,970 [INFO] agents.scanner_agent — Scanner: scanning 'cosmetic dentist in Los Angeles CA' in Los Angeles, CA
2026-07-27 15:34:35,376 [INFO] agents.scanner_agent — Scanner [serpapi]: 20 results for 'cosmetic dentist in Los Angeles CA'
2026-07-27 15:34:39,376 [INFO] agents.scanner_agent — Scanner: scanning 'luxury real estate agent in Los Angeles CA' in Los Angeles, CA
2026-07-27 15:34:41,270 [INFO] agents.scanner_agent — Scanner [serpapi]: 20 results for 'luxury real estate agent in Los Angeles CA'
2026-07-27 15:34:45,271 [INFO] agents.scanner_agent — Scanner: scanning 'regenerative medicine clinic in Los Angeles CA' in Los Angeles, CA
2026-07-27 15:34:46,182 [INFO] agents.scanner_agent — Scanner [serpapi]: 20 results for 'regenerative medicine clinic in Los Angeles CA'
2026-07-27 15:34:50,182 [INFO] agents.scanner_agent — Scanner: scanning 'personal injury lawyer in Chicago IL' in Chicago, IL
2026-07-27 15:34:51,555 [INFO] agents.scanner_agent — Scanner [serpapi]: 20 results for 'personal injury lawyer in Chicago IL'
2026-07-27 15:34:55,556 [INFO] agents.scanner_agent — Scanner: scanning 'emergency plumber in Chicago IL' in Chicago, IL
2026-07-27 15:34:57,694 [INFO] agents.scanner_agent — Scanner [serpapi]: 20 results for 'emergency plumber in Chicago IL'
2026-07-27 15:35:01,694 [INFO] agents.scanner_agent — Scanner: scanning 'cosmetic dentist in Chicago IL' in Chicago, IL
2026-07-27 15:35:07,858 [INFO] agents.scanner_agent — Scanner [serpapi]: 20 results for 'cosmetic dentist in Chicago IL'
2026-07-27 15:35:11,858 [INFO] agents.scanner_agent — Scanner: scanning 'luxury real estate agent in Chicago IL' in Chicago, IL
2026-07-27 15:35:12,744 [INFO] agents.scanner_agent — Scanner [serpapi]: 20 results for 'luxury real estate agent in Chicago IL'
2026-07-27 15:35:16,745 [INFO] agents.scanner_agent — Scanner: scanning 'regenerative medicine clinic in Chicago IL' in Chicago, IL
2026-07-27 15:35:18,051 [INFO] agents.scanner_agent — Scanner [serpapi]: 20 results for 'regenerative medicine clinic in Chicago IL'
2026-07-27 15:35:22,052 [INFO] agents.scanner_agent — Scanner: scanning 'personal injury lawyer in Austin TX' in Austin, TX
2026-07-27 15:35:24,333 [INFO] agents.scanner_agent — Scanner [serpapi]: 20 results for 'personal injury lawyer in Austin TX'
2026-07-27 15:35:28,333 [INFO] agents.scanner_agent — Scanner: scanning 'emergency plumber in Austin TX' in Austin, TX
2026-07-27 15:35:29,542 [INFO] agents.scanner_agent — Scanner [serpapi]: 20 results for 'emergency plumber in Austin TX'
2026-07-27 15:35:33,543 [INFO] agents.scanner_agent — Scanner: scanning 'cosmetic dentist in Austin TX' in Austin, TX
2026-07-27 15:35:36,177 [INFO] agents.scanner_agent — Scanner [serpapi]: 20 results for 'cosmetic dentist in Austin TX'
2026-07-27 15:35:40,177 [INFO] agents.scanner_agent — Scanner: scanning 'luxury real estate agent in Austin TX' in Austin, TX
2026-07-27 15:35:41,641 [INFO] agents.scanner_agent — Scanner [serpapi]: 20 results for 'luxury real estate agent in Austin TX'
2026-07-27 15:35:45,641 [INFO] agents.scanner_agent — Scanner: scanning 'regenerative medicine clinic in Austin TX' in Austin, TX
2026-07-27 15:35:47,020 [INFO] agents.scanner_agent — Scanner [serpapi]: 13 results for 'regenerative medicine clinic in Austin TX'
2026-07-27 15:35:51,020 [INFO] agents.scanner_agent — Scanner: scanning 'personal injury lawyer in Miami FL' in Miami, FL
2026-07-27 15:35:53,031 [INFO] agents.scanner_agent — Scanner [serpapi]: 20 results for 'personal injury lawyer in Miami FL'
2026-07-27 15:35:57,032 [INFO] agents.scanner_agent — Scanner: scanning 'emergency plumber in Miami FL' in Miami, FL
2026-07-27 15:35:57,936 [INFO] agents.scanner_agent — Scanner [serpapi]: 20 results for 'emergency plumber in Miami FL'
2026-07-27 15:36:01,937 [INFO] agents.scanner_agent — Scanner: scanning 'cosmetic dentist in Miami FL' in Miami, FL
2026-07-27 15:36:03,022 [INFO] agents.scanner_agent — Scanner [serpapi]: 20 results for 'cosmetic dentist in Miami FL'
2026-07-27 15:36:07,022 [INFO] agents.scanner_agent — Scanner: scanning 'luxury real estate agent in Miami FL' in Miami, FL
2026-07-27 15:36:08,502 [INFO] agents.scanner_agent — Scanner [serpapi]: 20 results for 'luxury real estate agent in Miami FL'
2026-07-27 15:36:12,503 [INFO] agents.scanner_agent — Scanner: scanning 'regenerative medicine clinic in Miami FL' in Miami, FL
2026-07-27 15:36:14,771 [INFO] agents.scanner_agent — Scanner [serpapi]: 20 results for 'regenerative medicine clinic in Miami FL'
2026-07-27 15:36:18,772 [INFO] agents.scanner_agent — Scanner: scanning 'personal injury lawyer in Dallas TX' in Dallas, TX
2026-07-27 15:36:20,066 [INFO] agents.scanner_agent — Scanner [serpapi]: 20 results for 'personal injury lawyer in Dallas TX'
2026-07-27 15:36:24,067 [INFO] agents.scanner_agent — Scanner: scanning 'emergency plumber in Dallas TX' in Dallas, TX
2026-07-27 15:36:25,261 [INFO] agents.scanner_agent — Scanner [serpapi]: 20 results for 'emergency plumber in Dallas TX'
2026-07-27 15:36:29,261 [INFO] agents.scanner_agent — Scanner: scanning 'cosmetic dentist in Dallas TX' in Dallas, TX
2026-07-27 15:36:30,276 [INFO] agents.scanner_agent — Scanner [serpapi]: 20 results for 'cosmetic dentist in Dallas TX'
2026-07-27 15:36:34,276 [INFO] agents.scanner_agent — Scanner: scanning 'luxury real estate agent in Dallas TX' in Dallas, TX
2026-07-27 15:36:35,617 [INFO] agents.scanner_agent — Scanner [serpapi]: 20 results for 'luxury real estate agent in Dallas TX'
2026-07-27 15:36:39,617 [INFO] agents.scanner_agent — Scanner: scanning 'regenerative medicine clinic in Dallas TX' in Dallas, TX
2026-07-27 15:36:40,602 [INFO] agents.scanner_agent — Scanner [serpapi]: 20 results for 'regenerative medicine clinic in Dallas TX'
2026-07-27 15:36:44,602 [INFO] agents.scanner_agent — Scanner: scanning 'personal injury lawyer in Phoenix AZ' in Phoenix, AZ
2026-07-27 15:36:46,798 [INFO] agents.scanner_agent — Scanner [serpapi]: 20 results for 'personal injury lawyer in Phoenix AZ'
2026-07-27 15:36:50,798 [INFO] agents.scanner_agent — Scanner: scanning 'emergency plumber in Phoenix AZ' in Phoenix, AZ
2026-07-27 15:36:52,368 [INFO] agents.scanner_agent — Scanner [serpapi]: 20 results for 'emergency plumber in Phoenix AZ'
2026-07-27 15:36:56,368 [INFO] agents.scanner_agent — Scanner: scanning 'cosmetic dentist in Phoenix AZ' in Phoenix, AZ
2026-07-27 15:36:57,558 [INFO] agents.scanner_agent — Scanner [serpapi]: 20 results for 'cosmetic dentist in Phoenix AZ'
2026-07-27 15:37:01,559 [INFO] agents.scanner_agent — Scanner: scanning 'luxury real estate agent in Phoenix AZ' in Phoenix, AZ
2026-07-27 15:37:02,804 [INFO] agents.scanner_agent — Scanner [serpapi]: 20 results for 'luxury real estate agent in Phoenix AZ'
2026-07-27 15:37:06,804 [INFO] agents.scanner_agent — Scanner: scanning 'regenerative medicine clinic in Phoenix AZ' in Phoenix, AZ
2026-07-27 15:37:13,122 [INFO] agents.scanner_agent — Scanner [serpapi]: 20 results for 'regenerative medicine clinic in Phoenix AZ'
2026-07-27 15:37:17,123 [INFO] agents.scanner_agent — Scanner: scanning 'personal injury lawyer in Denver CO' in Denver, CO
2026-07-27 15:37:21,974 [INFO] agents.scanner_agent — Scanner [serpapi]: 20 results for 'personal injury lawyer in Denver CO'
2026-07-27 15:37:25,975 [INFO] agents.scanner_agent — Scanner: scanning 'emergency plumber in Denver CO' in Denver, CO
2026-07-27 15:37:27,215 [INFO] agents.scanner_agent — Scanner [serpapi]: 20 results for 'emergency plumber in Denver CO'
2026-07-27 15:37:31,215 [INFO] agents.scanner_agent — Scanner: scanning 'cosmetic dentist in Denver CO' in Denver, CO
2026-07-27 15:37:33,476 [INFO] agents.scanner_agent — Scanner [serpapi]: 20 results for 'cosmetic dentist in Denver CO'
2026-07-27 15:37:37,476 [INFO] agents.scanner_agent — Scanner: scanning 'luxury real estate agent in Denver CO' in Denver, CO
2026-07-27 15:37:38,712 [INFO] agents.scanner_agent — Scanner [serpapi]: 20 results for 'luxury real estate agent in Denver CO'
2026-07-27 15:37:42,712 [INFO] agents.scanner_agent — Scanner: scanning 'regenerative medicine clinic in Denver CO' in Denver, CO
2026-07-27 15:37:44,484 [INFO] agents.scanner_agent — Scanner [serpapi]: 20 results for 'regenerative medicine clinic in Denver CO'
2026-07-27 15:37:48,484 [INFO] agents.scanner_agent — Scanner: scanning 'personal injury lawyer in Philadelphia PA' in Philadelphia, PA
2026-07-27 15:37:49,623 [INFO] agents.scanner_agent — Scanner [serpapi]: 20 results for 'personal injury lawyer in Philadelphia PA'
2026-07-27 15:37:53,624 [INFO] agents.scanner_agent — Scanner: scanning 'emergency plumber in Philadelphia PA' in Philadelphia, PA
2026-07-27 15:37:54,375 [INFO] agents.scanner_agent — Scanner [serpapi]: 20 results for 'emergency plumber in Philadelphia PA'
2026-07-27 15:37:58,375 [INFO] agents.scanner_agent — Scanner: scanning 'cosmetic dentist in Philadelphia PA' in Philadelphia, PA
2026-07-27 15:37:59,528 [INFO] agents.scanner_agent — Scanner [serpapi]: 20 results for 'cosmetic dentist in Philadelphia PA'
2026-07-27 15:38:03,528 [INFO] agents.scanner_agent — Scanner: scanning 'luxury real estate agent in Philadelphia PA' in Philadelphia, PA
2026-07-27 15:38:04,647 [INFO] agents.scanner_agent — Scanner [serpapi]: 20 results for 'luxury real estate agent in Philadelphia PA'
2026-07-27 15:38:08,648 [INFO] agents.scanner_agent — Scanner: scanning 'regenerative medicine clinic in Philadelphia PA' in Philadelphia, PA
2026-07-27 15:38:09,816 [INFO] agents.scanner_agent — Scanner [serpapi]: 20 results for 'regenerative medicine clinic in Philadelphia PA'
2026-07-27 15:38:13,817 [INFO] agents.scanner_agent — Scanner: scanning 'personal injury lawyer in Houston TX' in Houston, TX
2026-07-27 15:38:15,704 [INFO] agents.scanner_agent — Scanner [serpapi]: 20 results for 'personal injury lawyer in Houston TX'
2026-07-27 15:38:19,705 [INFO] agents.scanner_agent — Scanner: scanning 'emergency plumber in Houston TX' in Houston, TX
2026-07-27 15:38:22,355 [INFO] agents.scanner_agent — Scanner [serpapi]: 20 results for 'emergency plumber in Houston TX'
2026-07-27 15:38:26,356 [INFO] agents.scanner_agent — Scanner: scanning 'cosmetic dentist in Houston TX' in Houston, TX
2026-07-27 15:38:27,952 [INFO] agents.scanner_agent — Scanner [serpapi]: 20 results for 'cosmetic dentist in Houston TX'
2026-07-27 15:38:31,952 [INFO] agents.scanner_agent — Scanner: scanning 'luxury real estate agent in Houston TX' in Houston, TX
2026-07-27 15:38:33,887 [INFO] agents.scanner_agent — Scanner [serpapi]: 20 results for 'luxury real estate agent in Houston TX'
2026-07-27 15:38:37,887 [INFO] agents.scanner_agent — Scanner: scanning 'regenerative medicine clinic in Houston TX' in Houston, TX
2026-07-27 15:38:40,538 [INFO] agents.scanner_agent — Scanner [serpapi]: 20 results for 'regenerative medicine clinic in Houston TX'
2026-07-27 15:38:44,538 [INFO] agents.scanner_agent — Scanner: scanning 'personal injury lawyer in San Francisco CA' in San Francisco, CA
2026-07-27 15:38:45,624 [INFO] agents.scanner_agent — Scanner [serpapi]: 20 results for 'personal injury lawyer in San Francisco CA'
2026-07-27 15:38:49,624 [INFO] agents.scanner_agent — Scanner: scanning 'emergency plumber in San Francisco CA' in San Francisco, CA
2026-07-27 15:38:51,220 [INFO] agents.scanner_agent — Scanner [serpapi]: 20 results for 'emergency plumber in San Francisco CA'
2026-07-27 15:38:55,221 [INFO] agents.scanner_agent — Scanner: scanning 'cosmetic dentist in San Francisco CA' in San Francisco, CA
2026-07-27 15:38:56,167 [INFO] agents.scanner_agent — Scanner [serpapi]: 20 results for 'cosmetic dentist in San Francisco CA'
2026-07-27 15:39:00,167 [INFO] agents.scanner_agent — Scanner: scanning 'luxury real estate agent in San Francisco CA' in San Francisco, CA
2026-07-27 15:39:01,171 [INFO] agents.scanner_agent — Scanner [serpapi]: 20 results for 'luxury real estate agent in San Francisco CA'
2026-07-27 15:39:05,171 [INFO] agents.scanner_agent — Scanner: scanning 'regenerative medicine clinic in San Francisco CA' in San Francisco, CA
2026-07-27 15:39:06,451 [INFO] agents.scanner_agent — Scanner [serpapi]: 20 results for 'regenerative medicine clinic in San Francisco CA'
2026-07-27 15:39:10,451 [INFO] agents.scanner_agent — Scanner: scanning 'personal injury lawyer in Seattle WA' in Seattle, WA
2026-07-27 15:39:11,713 [INFO] agents.scanner_agent — Scanner [serpapi]: 20 results for 'personal injury lawyer in Seattle WA'
2026-07-27 15:39:15,714 [INFO] agents.scanner_agent — Scanner: scanning 'emergency plumber in Seattle WA' in Seattle, WA
2026-07-27 15:39:17,030 [INFO] agents.scanner_agent — Scanner [serpapi]: 20 results for 'emergency plumber in Seattle WA'
2026-07-27 15:39:21,030 [INFO] agents.scanner_agent — Scanner: scanning 'cosmetic dentist in Seattle WA' in Seattle, WA
2026-07-27 15:39:22,605 [INFO] agents.scanner_agent — Scanner [serpapi]: 20 results for 'cosmetic dentist in Seattle WA'
2026-07-27 15:39:26,606 [INFO] agents.scanner_agent — Scanner: scanning 'luxury real estate agent in Seattle WA' in Seattle, WA
2026-07-27 15:39:29,050 [INFO] agents.scanner_agent — Scanner [serpapi]: 20 results for 'luxury real estate agent in Seattle WA'
2026-07-27 15:39:33,050 [INFO] agents.scanner_agent — Scanner: scanning 'regenerative medicine clinic in Seattle WA' in Seattle, WA
2026-07-27 15:39:34,090 [INFO] agents.scanner_agent — Scanner [serpapi]: 8 results for 'regenerative medicine clinic in Seattle WA'
2026-07-27 15:39:38,090 [INFO] agents.scanner_agent — Scanner: rotation group A — scanned 60, skipped 60 off-week combos
2026-07-27 15:39:38,090 [INFO] agents.scanner_agent — Scanner: monthly usage after this run — SerpAPI 60/245, Outscraper 0/95, ValueSERP 0/95
2026-07-27 15:39:38,090 [INFO] local_seo_orchestrator —       Scanned 60 categories
2026-07-27 15:39:38,090 [INFO] local_seo_orchestrator — [2/5] Analyzer Agent: detecting rank changes...
2026-07-27 15:39:38,470 [INFO] agents.analyzer_agent — Analyzer: found 93 rank drop alerts across 60 categories
2026-07-27 15:39:38,477 [INFO] local_seo_orchestrator —       Found 93 rank drop alerts
2026-07-27 15:39:38,485 [INFO] local_seo_orchestrator — [3/5] Outreach Agent: sending teaser emails for 93 drops...
2026-07-27 15:39:39,263 [INFO] agents.outreach_agent — Outreach: no valid email for Rosenbaum Meier Personal Injury Lawyers (got: None)
2026-07-27 15:39:39,833 [INFO] agents.outreach_agent — Outreach: no valid email for Shulman & Hill - Brooklyn Personal Injury Lawyer (got: None)
2026-07-27 15:39:40,127 [INFO] agents.outreach_agent — Outreach: no valid email for LEVEN Real Estate (got: None)
2026-07-27 15:39:41,179 [INFO] agents.outreach_agent — Found email sblumstein@corcoran.com on https://www.corcoran.com/real-estate-agents/detail/sydney-blumstein/8719/regionId/1
2026-07-27 15:39:41,180 [INFO] agents.outreach_agent — Outreach: subject variant 1 for Sydney Blumstein New York Real Estate Expert
2026-07-27 15:39:41,398 [INFO] agents.email_sender — Resend: sent to sblumstein@corcoran.com (id=fc81dfa3-e5e9-4bc9-83e2-c8aba64c6aa5)
2026-07-27 15:39:41,399 [INFO] agents.outreach_agent — Outreach[resend]: teaser email sent to sblumstein@corcoran.com (Sydney Blumstein New York Real Estate Expert)
2026-07-27 15:39:45,392 [INFO] agents.outreach_agent — Outreach: no valid email for NŌVEM Real Estate | Top 1% NYC Realtors (got: None)
2026-07-27 15:39:45,564 [INFO] agents.outreach_agent — Found email noble@corcoran.com on https://nobleblackandpartners.com/?utm_source=gbp&utm_medium=organic
2026-07-27 15:39:45,565 [INFO] agents.outreach_agent — Outreach: subject variant 0 for Noble Black & Partners Real Estate
2026-07-27 15:39:45,672 [INFO] agents.email_sender — Resend: sent to noble@corcoran.com (id=1e6d65b4-9506-40a2-a6d8-cbeba80ce012)
2026-07-27 15:39:45,673 [INFO] agents.outreach_agent — Outreach[resend]: teaser email sent to noble@corcoran.com (Noble Black & Partners Real Estate)
2026-07-27 15:39:49,623 [INFO] agents.outreach_agent — Outreach: no valid email for Michael Bhagwandin - New York City - FIND Real Estate (got: None)
2026-07-27 15:39:49,915 [INFO] agents.outreach_agent — Found email 605a7baede844d278b89dc95ae0a9123@sentry-next.wixpress.com on http://www.regensportscare.com/
2026-07-27 15:39:49,916 [INFO] agents.outreach_agent — Outreach: no valid email for Regenerative SportsCare Institute (RSI+) (got: '605a7baede844d278b89dc95ae0a9123@sentry-next.wixpress.com')
2026-07-27 15:39:51,302 [INFO] agents.outreach_agent — Outreach: no valid email for Regenerative Health NY (got: None)
2026-07-27 15:39:52,358 [INFO] agents.outreach_agent — Outreach: no valid email for Stem Cell Therapy (got: None)
2026-07-27 15:39:52,939 [INFO] agents.outreach_agent — Outreach: no valid email for LA Century: Injury and Accident Lawyer (got: None)
2026-07-27 15:39:53,915 [INFO] agents.outreach_agent — Outreach: no valid email for Arash Law (got: None)
2026-07-27 15:39:59,717 [INFO] agents.outreach_agent — Outreach: no valid email for Roto-Rooter Plumbing & Water Cleanup (got: None)
2026-07-27 15:40:00,452 [INFO] agents.outreach_agent — Outreach: no valid email for Precision Emergency Plumber Los Angeles (got: None)
2026-07-27 15:40:01,129 [INFO] agents.outreach_agent — Outreach: no valid email for Monkey Wrench Plumbing, Heating, Air & Electric (got: None)
2026-07-27 15:40:01,758 [INFO] agents.outreach_agent — Found email customer_care@makeitrightsvc.com on http://makeitrightsvc.com/?utm_campaign=gmb
2026-07-27 15:40:01,760 [INFO] agents.outreach_agent — Outreach: subject variant 0 for Make It Right Services
2026-07-27 15:40:01,896 [INFO] agents.email_sender — Resend: sent to customer_care@makeitrightsvc.com (id=7bcc4b23-6e6d-409e-a579-c4c7b6b6e721)
2026-07-27 15:40:01,897 [INFO] agents.outreach_agent — Outreach[resend]: teaser email sent to customer_care@makeitrightsvc.com (Make It Right Services)
2026-07-27 15:40:06,157 [INFO] agents.outreach_agent — Outreach: no valid email for Lords of Plumbing (got: None)
2026-07-27 15:40:07,176 [INFO] agents.outreach_agent — Found email laurentmamann@gmail.com on http://laurentmamann.com/
2026-07-27 15:40:07,178 [INFO] agents.outreach_agent — Outreach: subject variant 2 for Laurent Mamann | Los Angeles Luxury Real Estate Agent
2026-07-27 15:40:07,845 [INFO] agents.email_sender — Resend: sent to laurentmamann@gmail.com (id=898a6ebd-5d64-4833-8b84-ed275ab850e4)
2026-07-27 15:40:07,846 [INFO] agents.outreach_agent — Outreach[resend]: teaser email sent to laurentmamann@gmail.com (Laurent Mamann | Los Angeles Luxury Real Estate Agent)
2026-07-27 15:40:11,163 [INFO] agents.outreach_agent — Found email grace@globuscollections.com on https://gracesellsla.com/
2026-07-27 15:40:11,165 [INFO] agents.outreach_agent — Outreach: subject variant 1 for Grace Globus
2026-07-27 15:40:11,263 [INFO] agents.email_sender — Resend: sent to grace@globuscollections.com (id=d0f690d9-9b68-468d-a3be-1a5b4f395687)
2026-07-27 15:40:11,264 [INFO] agents.outreach_agent — Outreach[resend]: teaser email sent to grace@globuscollections.com (Grace Globus)
2026-07-27 15:40:17,047 [INFO] agents.outreach_agent — Outreach: no valid email for Stem Cell Institute (got: None)
2026-07-27 15:40:19,613 [INFO] agents.outreach_agent — Outreach: no valid email for Pacific Pain & Regenerative Medicine - Los Angeles (got: None)
2026-07-27 15:40:19,999 [INFO] agents.outreach_agent — Found email info@drlox.com on https://www.drlox.com/los-angeles-california/
2026-07-27 15:40:20,001 [INFO] agents.outreach_agent — Outreach: subject variant 2 for Dennis M. Lox, M.D. - Sports and Regenerative Medicine Centers
2026-07-27 15:40:20,116 [INFO] agents.email_sender — Resend: sent to info@drlox.com (id=4faa287e-4d1f-4ab7-a1bf-5508b2b3b9dd)
2026-07-27 15:40:20,117 [INFO] agents.outreach_agent — Outreach[resend]: teaser email sent to info@drlox.com (Dennis M. Lox, M.D. - Sports and Regenerative Medicine Centers)
2026-07-27 15:40:24,925 [INFO] agents.outreach_agent — Outreach: no valid email for Stem Cell Doctors Of Beverly Hills (got: None)
2026-07-27 15:40:25,078 [INFO] agents.outreach_agent — Found email powellandpismaninjurylawyers@gmail.com on https://paulandsteve.com/?utm_source=google&utm_medium=organic&utm_campaign=gmb-chicago
2026-07-27 15:40:25,079 [INFO] agents.outreach_agent — Outreach: subject variant 0 for Powell and Pisman
2026-07-27 15:40:25,191 [INFO] agents.email_sender — Resend: sent to powellandpismaninjurylawyers@gmail.com (id=d7106e2b-be65-47b7-8ddc-0f3882ba7c9c)
2026-07-27 15:40:25,193 [INFO] agents.outreach_agent — Outreach[resend]: teaser email sent to powellandpismaninjurylawyers@gmail.com (Powell and Pisman)
2026-07-27 15:40:28,377 [INFO] agents.outreach_agent — Found email info@midwestinjurylawyers.com on https://midwestinjurylawyers.com/?utm_source=google&utm_medium=organic&utm_campaign=gbp-chicago
2026-07-27 15:40:28,378 [INFO] agents.outreach_agent — Outreach: subject variant 0 for Midwest Injury Lawyers
2026-07-27 15:40:28,478 [INFO] agents.email_sender — Resend: sent to info@midwestinjurylawyers.com (id=3ae990ef-f5f4-4eb9-a0ee-0278da273478)
2026-07-27 15:40:28,480 [INFO] agents.outreach_agent — Outreach[resend]: teaser email sent to info@midwestinjurylawyers.com (Midwest Injury Lawyers)
2026-07-27 15:40:32,257 [INFO] agents.outreach_agent — Outreach: no valid email for Rosenfeld Injury Lawyers LLC (got: None)
2026-07-27 15:40:32,397 [INFO] agents.outreach_agent — Outreach: no valid email for RegeneVive Health and Wellness (got: None)
2026-07-27 15:40:33,467 [INFO] agents.outreach_agent — Outreach: no valid email for Regenerative Cell Therapy Solutions (got: None)
2026-07-27 15:40:34,031 [INFO] agents.outreach_agent — Found email info@mcminnlaw.com on https://www.mcminnlaw.com/austin-personal-injury-lawyer/?utm_campaign=gmb&utm_medium=organic&utm_source=google
2026-07-27 15:40:34,032 [INFO] agents.outreach_agent — Outreach: subject variant 1 for McMinn Law Firm: Austin Personal Injury & Car Accident Lawyers
2026-07-27 15:40:34,116 [INFO] agents.email_sender — Resend: sent to info@mcminnlaw.com (id=54c55aab-64b2-4e9a-8b46-0bf6afff60cb)
2026-07-27 15:40:34,118 [INFO] agents.outreach_agent — Outreach[resend]: teaser email sent to info@mcminnlaw.com (McMinn Law Firm: Austin Personal Injury & Car Accident Lawyers)
2026-07-27 15:40:37,252 [INFO] agents.outreach_agent — Outreach: no valid email for Radiant Plumbing, Air Conditioning, & Electrical (got: None)
2026-07-27 15:40:38,348 [INFO] agents.outreach_agent — Outreach: no valid email for Team West Real Estate LLC. (got: None)
2026-07-27 15:40:40,466 [INFO] agents.outreach_agent — Found email info@gslawusa.com on https://www.injuryattorneyfla.com/
2026-07-27 15:40:40,467 [INFO] agents.outreach_agent — Outreach: skipping suppressed email info@gslawusa.com (Gerson and Schwartz Accident & Injury Lawyers)
2026-07-27 15:40:41,016 [INFO] agents.outreach_agent — Found email jonahwolfson@wolfsonlawfirm.com on https://www.wolfsonlawfirm.com/
2026-07-27 15:40:41,018 [INFO] agents.outreach_agent — Outreach: subject variant 0 for Wolfson & Leon
2026-07-27 15:40:41,105 [INFO] agents.email_sender — Resend: sent to jonahwolfson@wolfsonlawfirm.com (id=47c50f7c-6a59-4799-817d-612b69e72757)
2026-07-27 15:40:41,107 [INFO] agents.outreach_agent — Outreach[resend]: teaser email sent to jonahwolfson@wolfsonlawfirm.com (Wolfson & Leon)
2026-07-27 15:40:44,186 [INFO] agents.outreach_agent — Outreach: no valid email for Aronfeld Trial Lawyers (got: None)
2026-07-27 15:40:45,160 [INFO] agents.outreach_agent — Outreach: no valid email for Steinger, Greene & Feiner (got: None)
2026-07-27 15:40:45,545 [INFO] agents.outreach_agent — Found email john@email.com on https://www.perkinslawoffices.com/
2026-07-27 15:40:45,546 [INFO] agents.outreach_agent — Outreach: no valid email for Perkins Personal Injury Lawyers (got: 'john@email.com')
2026-07-27 15:40:45,547 [INFO] agents.suppression — Suppression: added john@email.com (reason: invalid_format)
2026-07-27 15:40:45,830 [INFO] agents.outreach_agent — Found email swarder@cimmp.com on https://mginjuryfirm.com/
2026-07-27 15:40:45,832 [INFO] agents.outreach_agent — Outreach: subject variant 0 for Mausner Group Injury Lawyers
2026-07-27 15:40:46,111 [INFO] agents.email_sender — Resend: sent to swarder@cimmp.com (id=a6014015-974e-479f-bbc1-6de5c60738b2)
2026-07-27 15:40:46,112 [INFO] agents.outreach_agent — Outreach[resend]: teaser email sent to swarder@cimmp.com (Mausner Group Injury Lawyers)
2026-07-27 15:40:49,228 [INFO] agents.outreach_agent — Outreach: no valid email for Emergency Plumbing Repair - Miami, FL (got: None)
2026-07-27 15:40:52,134 [INFO] agents.outreach_agent — Found email Info@drpattymiami.com on https://drpattymiami.com/
2026-07-27 15:40:52,136 [INFO] agents.outreach_agent — Outreach: subject variant 0 for Dr. Patty Miami Cosmetic Dentistry
2026-07-27 15:40:52,247 [INFO] agents.email_sender — Resend: sent to Info@drpattymiami.com (id=9b3b409d-2c59-49e7-8886-0d41fe8bb2fc)
2026-07-27 15:40:52,248 [INFO] agents.outreach_agent — Outreach[resend]: teaser email sent to Info@drpattymiami.com (Dr. Patty Miami Cosmetic Dentistry)
2026-07-27 15:41:00,580 [INFO] agents.outreach_agent — Found email info@miamidesignersmiles.com on http://www.miamidesignersmiles.com/?utm_campaign=gmb
2026-07-27 15:41:00,583 [INFO] agents.outreach_agent — Outreach: subject variant 0 for Miami Designer Smiles
2026-07-27 15:41:00,682 [INFO] agents.email_sender — Resend: sent to info@miamidesignersmiles.com (id=2b618134-3890-408b-b263-c412effa3dfe)
2026-07-27 15:41:00,683 [INFO] agents.outreach_agent — Outreach[resend]: teaser email sent to info@miamidesignersmiles.com (Miami Designer Smiles)
2026-07-27 15:41:03,858 [INFO] agents.outreach_agent — Found email abraham@abrahamash.com on https://abrahamash.com/
2026-07-27 15:41:03,859 [INFO] agents.outreach_agent — Outreach: subject variant 0 for Coldwell Banker Global Luxury | Abraham Ash | Broker Assoc.
2026-07-27 15:41:03,995 [INFO] agents.email_sender — Resend: sent to abraham@abrahamash.com (id=6eed8adc-7fc1-4242-bd4a-79f8b2a9608f)
2026-07-27 15:41:03,996 [INFO] agents.outreach_agent — Outreach[resend]: teaser email sent to abraham@abrahamash.com (Coldwell Banker Global Luxury | Abraham Ash | Broker Assoc.)
2026-07-27 15:41:08,113 [INFO] agents.outreach_agent — Outreach: no valid email for Jonathan Bigelman I Miami Luxury Real Estate (got: None)
2026-07-27 15:41:09,936 [INFO] agents.outreach_agent — Found email jennygonzalezre@gmail.com on https://www.jennygonzalezre.com/
2026-07-27 15:41:09,938 [INFO] agents.outreach_agent — Outreach: subject variant 1 for Luxury Real Estate | Miami | Jenny Gonzalez
2026-07-27 15:41:10,051 [INFO] agents.email_sender — Resend: sent to jennygonzalezre@gmail.com (id=1fee2dab-ec7d-4c0d-8dab-286585cd3ad7)
2026-07-27 15:41:10,053 [INFO] agents.outreach_agent — Outreach[resend]: teaser email sent to jennygonzalezre@gmail.com (Luxury Real Estate | Miami | Jenny Gonzalez)
2026-07-27 15:41:13,152 [INFO] agents.outreach_agent — Found email celulas@caa305.com on http://usastemcell.com/
2026-07-27 15:41:13,154 [INFO] agents.outreach_agent — Outreach: subject variant 0 for USA Stem Cell
2026-07-27 15:41:13,262 [INFO] agents.email_sender — Resend: sent to celulas@caa305.com (id=2ebb7b4b-805d-4ee3-96e7-ce1347d660d3)
2026-07-27 15:41:13,263 [INFO] agents.outreach_agent — Outreach[resend]: teaser email sent to celulas@caa305.com (USA Stem Cell)
2026-07-27 15:41:16,736 [INFO] agents.outreach_agent — Found email info@stemcellsgroup.com on http://www.stemcellsgroup.com/
2026-07-27 15:41:16,737 [INFO] agents.outreach_agent — Outreach: subject variant 2 for Global Stem Cells Group
2026-07-27 15:41:16,830 [INFO] agents.email_sender — Resend: sent to info@stemcellsgroup.com (id=38f7fbf3-f87c-46f6-afeb-1cbc1c64d34a)
2026-07-27 15:41:16,831 [INFO] agents.outreach_agent — Outreach[resend]: teaser email sent to info@stemcellsgroup.com (Global Stem Cells Group)
2026-07-27 15:41:20,168 [INFO] agents.outreach_agent — Outreach: no valid email for Morgan & Morgan (got: None)
2026-07-27 15:41:21,467 [INFO] agents.outreach_agent — Outreach: no valid email for Precision Emergency Plumber Dallas (got: None)
2026-07-27 15:41:22,825 [INFO] agents.outreach_agent — Outreach: no valid email for Royal Lane Dental Center - Best Dentist in Dallas | Clear Aligners and Veneers in Dallas (got: None)
2026-07-27 15:41:25,622 [INFO] agents.outreach_agent — Outreach: no valid email for Templeton Real Estate Group (got: None)
2026-07-27 15:41:25,914 [INFO] agents.outreach_agent — Found email john@klawteam.com on https://www.jkphoenixpersonalinjuryattorney.com/?utm_source=google&utm_medium=organic&utm_campaign=gmb-phoenix
2026-07-27 15:41:25,915 [INFO] agents.outreach_agent — Outreach: subject variant 1 for Kelly Law Team Phoenix
2026-07-27 15:41:26,027 [INFO] agents.email_sender — Resend: sent to john@klawteam.com (id=984aa735-ddf4-4bd4-800f-b76998d5058f)
2026-07-27 15:41:26,028 [INFO] agents.outreach_agent — Outreach[resend]: teaser email sent to john@klawteam.com (Kelly Law Team Phoenix)
2026-07-27 15:41:29,770 [INFO] agents.outreach_agent — Outreach: no valid email for Shapiro Law Team (got: None)
2026-07-27 15:41:29,972 [INFO] agents.outreach_agent — Found email user@domain.com on https://www.somersplumbers.net/
2026-07-27 15:41:29,973 [INFO] agents.outreach_agent — Outreach: no valid email for Somers Plumbers - Phoenix Plumbing Company (got: 'user@domain.com')
2026-07-27 15:41:36,165 [INFO] agents.outreach_agent — Outreach: no valid email for Rescue One Air Cooling, Heating & Plumbing (got: None)
2026-07-27 15:41:37,806 [INFO] agents.outreach_agent — Outreach: no valid email for Phoenix Comprehensive Dentistry (got: None)
2026-07-27 15:41:38,753 [INFO] agents.outreach_agent — Outreach: no valid email for Arizona Luxury Homes - HomeSmart AZ Luxury Real Estate (got: None)
2026-07-27 15:41:39,078 [INFO] agents.outreach_agent — Found email office@localluxuryre.com on https://localluxuryre.com/?utm_source=GBP&utm_medium=Scottsdale&utm_campaign=organic
2026-07-27 15:41:39,079 [INFO] agents.outreach_agent — Outreach: subject variant 0 for Local Luxury | Christie's International Real Estate - Scottsdale
2026-07-27 15:41:39,193 [INFO] agents.email_sender — Resend: sent to office@localluxuryre.com (id=75ce7428-9b04-4deb-84b9-0c0540f0648e)
2026-07-27 15:41:39,194 [INFO] agents.outreach_agent — Outreach[resend]: teaser email sent to office@localluxuryre.com (Local Luxury | Christie's International Real Estate - Scottsdale)
2026-07-27 15:41:43,374 [INFO] agents.outreach_agent — Found email wecare@liferenewingstemcells.com on https://www.liferenewingstemcells.com/
2026-07-27 15:41:43,376 [INFO] agents.outreach_agent — Outreach: subject variant 2 for Life Renewing Stem Cells
2026-07-27 15:41:43,487 [INFO] agents.email_sender — Resend: sent to wecare@liferenewingstemcells.com (id=6c9c2ee9-f872-464c-9f28-76b69ce60e6e)
2026-07-27 15:41:43,488 [INFO] agents.outreach_agent — Outreach[resend]: teaser email sent to wecare@liferenewingstemcells.com (Life Renewing Stem Cells)
2026-07-27 15:41:48,778 [INFO] agents.outreach_agent — Outreach: no valid email for Stem Cell Rejuvenation Center (got: None)
2026-07-27 15:41:49,022 [INFO] agents.outreach_agent — Found email john.doe@example.com on https://www.mrrooter.com/denver/?cid=LSTL_MRR000199&utm_source=gmb&utm_campaign=local&utm_medium=organic
2026-07-27 15:41:49,024 [INFO] agents.outreach_agent — Outreach: no valid email for Mr. Rooter Plumbing of Denver (got: 'john.doe@example.com')
2026-07-27 15:41:49,912 [INFO] agents.outreach_agent — Outreach: no valid email for Plumbers Near Me LLC (got: None)
2026-07-27 15:41:52,590 [INFO] agents.outreach_agent — Found email developer@educyber.com on http://aperfectplumber.com/
2026-07-27 15:41:52,592 [INFO] agents.outreach_agent — Outreach: subject variant 2 for A Perfect Plumber LLC
2026-07-27 15:41:52,773 [INFO] agents.email_sender — Resend: sent to developer@educyber.com (id=6edc39d1-19df-463b-8855-7c6b3b77037f)
2026-07-27 15:41:52,774 [INFO] agents.outreach_agent — Outreach[resend]: teaser email sent to developer@educyber.com (A Perfect Plumber LLC)
2026-07-27 15:42:07,395 [INFO] agents.outreach_agent — Found email office@denverdreamdentistry.com on https://denverdreamdentistry.com/
2026-07-27 15:42:07,397 [INFO] agents.outreach_agent — Outreach: subject variant 0 for Denver Dream Dentistry
2026-07-27 15:42:07,527 [INFO] agents.email_sender — Resend: sent to office@denverdreamdentistry.com (id=3cbf0583-6dc8-47a9-8a52-1fb05c8e9220)
2026-07-27 15:42:07,528 [INFO] agents.outreach_agent — Outreach[resend]: teaser email sent to office@denverdreamdentistry.com (Denver Dream Dentistry)
2026-07-27 15:42:10,806 [INFO] agents.outreach_agent — Outreach: no valid email for Serenity Dental Arts (got: None)
2026-07-27 15:42:11,016 [INFO] agents.outreach_agent — Found email phillyinjurylaw@gmail.com on https://philly-injury-law.com/
2026-07-27 15:42:11,017 [INFO] agents.outreach_agent — Outreach: subject variant 0 for Philadelphia Injury Lawyers P.C.
2026-07-27 15:42:11,132 [INFO] agents.email_sender — Resend: sent to phillyinjurylaw@gmail.com (id=800993b8-7edd-4658-a456-ddf36b8913cc)
2026-07-27 15:42:11,133 [INFO] agents.outreach_agent — Outreach[resend]: teaser email sent to phillyinjurylaw@gmail.com (Philadelphia Injury Lawyers P.C.)
2026-07-27 15:42:19,305 [INFO] agents.outreach_agent — Outreach: no valid email for Roto-Rooter Plumbing & Water Cleanup (got: None)
2026-07-27 15:42:23,051 [INFO] agents.outreach_agent — Outreach: no valid email for City Plumbing (got: None)
2026-07-27 15:42:23,438 [INFO] agents.outreach_agent — Found email service@gworksplumbing.com on https://www.gworksplumbing.com/
2026-07-27 15:42:23,440 [INFO] agents.outreach_agent — Outreach: subject variant 2 for Greater Works Plumbing
2026-07-27 15:42:23,557 [INFO] agents.email_sender — Resend: sent to service@gworksplumbing.com (id=36b1c8f0-c8bb-441f-afcd-f34ff9dea31d)
2026-07-27 15:42:23,558 [INFO] agents.outreach_agent — Outreach[resend]: teaser email sent to service@gworksplumbing.com (Greater Works Plumbing)
2026-07-27 15:42:27,683 [INFO] agents.outreach_agent — Found email INFO@DANIELS-PLUMBING.COM on https://daniels-plumbing.com/
2026-07-27 15:42:27,684 [INFO] agents.outreach_agent — Outreach: subject variant 0 for Daniels Plumbing, Drain Cleaning , Sewer Repair of Philadelphia
2026-07-27 15:42:27,786 [INFO] agents.email_sender — Resend: sent to INFO@DANIELS-PLUMBING.COM (id=cc55ca19-a42f-497e-8f65-2aeade02b98e)
2026-07-27 15:42:27,787 [INFO] agents.outreach_agent — Outreach[resend]: teaser email sent to INFO@DANIELS-PLUMBING.COM (Daniels Plumbing, Drain Cleaning , Sewer Repair of Philadelphia)
2026-07-27 15:42:34,424 [INFO] agents.outreach_agent — Outreach: no valid email for Philly Plumbing Pros (got: None)
2026-07-27 15:42:34,908 [INFO] agents.outreach_agent — Outreach: no valid email for Pennsylvania Center for Dental Excellence (got: None)
2026-07-27 15:42:37,818 [INFO] agents.outreach_agent — Outreach: no valid email for Regenerative Joint and Spine Center at Premier Orthopaedics (got: None)
2026-07-27 15:42:37,818 [INFO] agents.outreach_agent — Outreach: no valid email for Stem Cell Centers (got: None)
2026-07-27 15:42:42,329 [INFO] agents.outreach_agent — Outreach: no valid email for Philly Wellness Center (got: None)
2026-07-27 15:42:46,860 [INFO] agents.outreach_agent — Found email info@sutliffstout.com on https://www.sutliffstout.com/?utm_source=gbp&utm_campaign=Houston+TX
2026-07-27 15:42:46,862 [INFO] agents.outreach_agent — Outreach: subject variant 1 for Houston Car Accident and Personal Injury Lawyers – Sutliff & Stout
2026-07-27 15:42:46,962 [INFO] agents.email_sender — Resend: sent to info@sutliffstout.com (id=5c8953c7-8e86-466c-86e4-e73514069b3d)
2026-07-27 15:42:46,963 [INFO] agents.outreach_agent — Outreach[resend]: teaser email sent to info@sutliffstout.com (Houston Car Accident and Personal Injury Lawyers – Sutliff & Stout)
2026-07-27 15:42:50,089 [INFO] agents.outreach_agent — Found email office@elitedentalwellness.com on https://www.elitedentalwellness.com/?utm_source=organic&utm_medium=gbp&utm_id=local
2026-07-27 15:42:50,090 [INFO] agents.outreach_agent — Outreach: subject variant 0 for Elite Dental Wellness
2026-07-27 15:42:50,204 [INFO] agents.email_sender — Resend: sent to office@elitedentalwellness.com (id=a4cc4005-40ac-4489-bb1c-7c893fb9e3a3)
2026-07-27 15:42:50,205 [INFO] agents.outreach_agent — Outreach[resend]: teaser email sent to office@elitedentalwellness.com (Elite Dental Wellness)
2026-07-27 15:42:53,457 [INFO] agents.outreach_agent — Found email info@houstonuptowndentists.com on https://www.houstonuptowndentists.com/?utm_source=GMB_Listing&utm_medium=organic&utm_campaign=Website_URL
2026-07-27 15:42:53,458 [INFO] agents.outreach_agent — Outreach: subject variant 2 for Houston Uptown Dentists
2026-07-27 15:42:53,577 [INFO] agents.email_sender — Resend: sent to info@houstonuptowndentists.com (id=5a310ecd-1115-4a02-b8bd-690dce06b24a)
2026-07-27 15:42:53,578 [INFO] agents.outreach_agent — Outreach[resend]: teaser email sent to info@houstonuptowndentists.com (Houston Uptown Dentists)
2026-07-27 15:42:56,690 [INFO] agents.outreach_agent — Found email info@houstondentalesthetics.com on https://houstondentalesthetics.com/
2026-07-27 15:42:56,692 [INFO] agents.outreach_agent — Outreach: subject variant 2 for Houston Dental Esthetics
2026-07-27 15:42:56,805 [INFO] agents.email_sender — Resend: sent to info@houstondentalesthetics.com (id=05d1c1fb-bcd1-4201-99f7-244c77c44e99)
2026-07-27 15:42:56,806 [INFO] agents.outreach_agent — Outreach[resend]: teaser email sent to info@houstondentalesthetics.com (Houston Dental Esthetics)
2026-07-27 15:43:02,276 [INFO] agents.outreach_agent — Outreach: no valid email for The SOLD with Santos Group - ST&A Realtors - Houston Home Buying & Selling Experts (got: None)
2026-07-27 15:43:02,719 [INFO] agents.outreach_agent — Found email katy@mshoustonrealestate.com on https://designatedlocalexpert.com/mshouston/
2026-07-27 15:43:02,721 [INFO] agents.outreach_agent — Outreach: subject variant 2 for Ms. Houston Real Estate
2026-07-27 15:43:02,830 [INFO] agents.email_sender — Resend: sent to katy@mshoustonrealestate.com (id=fc73b3db-ea37-467e-92d1-37fc58fbadef)
2026-07-27 15:43:02,831 [INFO] agents.outreach_agent — Outreach[resend]: teaser email sent to katy@mshoustonrealestate.com (Ms. Houston Real Estate)
2026-07-27 15:43:15,609 [INFO] agents.outreach_agent — Outreach: no valid email for The Moore Real Estate Group in Houston, Texas - Cyndi Moore & Chris Moore (got: None)
2026-07-27 15:43:15,947 [INFO] agents.outreach_agent — Outreach: no valid email for REALTOWN Real Estate Group by May Pham | New Homes in Houston - Mua Ban Nha Texas | eXp Realty (got: None)
2026-07-27 15:43:17,649 [INFO] agents.outreach_agent — Found email ma@drweglein.com on http://www.houstonsportsdoctor.com/
2026-07-27 15:43:17,650 [INFO] agents.outreach_agent — Outreach: subject variant 1 for Dr. Adam Weglein
2026-07-27 15:43:17,757 [INFO] agents.email_sender — Resend: sent to ma@drweglein.com (id=e2249280-97d6-42ec-8686-57e1f72c8848)
2026-07-27 15:43:17,758 [INFO] agents.outreach_agent — Outreach[resend]: teaser email sent to ma@drweglein.com (Dr. Adam Weglein)
2026-07-27 15:43:22,581 [INFO] agents.outreach_agent — Outreach: no valid email for Omega Law Group Accident & Injury Attorneys (got: None)
2026-07-27 15:43:42,845 [INFO] agents.outreach_agent — Outreach: no valid email for San Francisco Personal Injury Attorney (got: None)
2026-07-27 15:43:47,231 [INFO] agents.outreach_agent — Outreach: no valid email for Sweet James Accident Attorneys (got: None)
2026-07-27 15:43:48,547 [INFO] agents.outreach_agent — Found email intakes@silvainjurylaw.com on https://silvainjurylaw.com/locations/san-francisco-personal-injury-attorneys/
2026-07-27 15:43:48,549 [INFO] agents.outreach_agent — Outreach: subject variant 1 for Silva Injury Law, Inc.
2026-07-27 15:43:48,646 [INFO] agents.email_sender — Resend: sent to intakes@silvainjurylaw.com (id=ad0460c0-9b25-45ba-a3d5-44a3671cc912)
2026-07-27 15:43:48,647 [INFO] agents.outreach_agent — Outreach[resend]: teaser email sent to intakes@silvainjurylaw.com (Silva Injury Law, Inc.)
2026-07-27 15:43:52,748 [INFO] agents.outreach_agent — Outreach: no valid email for Magic Plumbing Heating & Cooling (got: None)
2026-07-27 15:43:54,174 [INFO] agents.outreach_agent — Found email info@ruthkrishnan.com on https://www.ruthkrishnan.com/
2026-07-27 15:43:54,177 [INFO] agents.outreach_agent — Outreach: subject variant 2 for Ruth Krishnan - San Francisco Real Estate
2026-07-27 15:43:54,424 [INFO] agents.email_sender — Resend: sent to info@ruthkrishnan.com (id=514f1d5a-a57f-4360-bc47-bd8304097389)
2026-07-27 15:43:54,426 [INFO] agents.outreach_agent — Outreach[resend]: teaser email sent to info@ruthkrishnan.com (Ruth Krishnan - San Francisco Real Estate)
2026-07-27 15:43:57,426 [INFO] agents.outreach_agent — Outreach: no valid email for The Institute for Predictive Medicine and Longevity: Lonnele Ball, PhD (got: None)
2026-07-27 15:43:57,815 [INFO] agents.outreach_agent — Found email mattdubin@gmail.com on http://www.dubinlawoffice.com/
2026-07-27 15:43:57,817 [INFO] agents.outreach_agent — Outreach: subject variant 1 for Dubin Law Group
2026-07-27 15:43:57,921 [INFO] agents.email_sender — Resend: sent to mattdubin@gmail.com (id=23b1ec01-4b01-4b8f-a70a-70207fc0177b)
2026-07-27 15:43:57,922 [INFO] agents.outreach_agent — Outreach[resend]: teaser email sent to mattdubin@gmail.com (Dubin Law Group)
2026-07-27 15:44:01,189 [INFO] agents.outreach_agent — Found email info@www.westseattlesmileco.com on https://www.johnstondentalartistry.com/
2026-07-27 15:44:01,190 [INFO] agents.outreach_agent — Outreach: subject variant 1 for Johnston Dental Artistry
2026-07-27 15:44:01,301 [INFO] agents.email_sender — Resend: sent to info@www.westseattlesmileco.com (id=9aa2d68f-0788-4bb0-b676-37945958ed56)
2026-07-27 15:44:01,302 [INFO] agents.outreach_agent — Outreach[resend]: teaser email sent to info@www.westseattlesmileco.com (Johnston Dental Artistry)
2026-07-27 15:44:05,397 [INFO] agents.outreach_agent — Outreach: no valid email for Hines Group Real Estate/The Agency Seattle - Sandra Hines (got: None)
2026-07-27 15:44:06,568 [INFO] agents.outreach_agent — Outreach: no valid email for The Christophilis Team Real Estate - Best Realtors in Seattle, Washington (got: None)
2026-07-27 15:44:06,568 [INFO] agents.outreach_agent — Outreach batch complete: sent=35 (subscribers=0), no_email=58, failed=0
2026-07-27 15:44:06,568 [INFO] local_seo_orchestrator — [4/5] Fulfillment: registering 35 alerts for payment...
2026-07-27 15:44:06,617 [INFO] agents.fulfillment_agent — Fulfillment: registered 35 alerts for post-payment delivery
2026-07-27 15:44:06,618 [INFO] local_seo_orchestrator — [5/5] Monitor Agent: recording stats...
2026-07-27 15:44:07,563 [INFO] local_seo_orchestrator — ============================================================
2026-07-27 15:44:07,563 [INFO] local_seo_orchestrator — Pipeline complete. 93 rank drop alerts, emails sent.
2026-07-27 15:44:07,563 [INFO] local_seo_orchestrator — ============================================================
