2026-05-19 15:23:45,917 [INFO] local_seo_orchestrator — ============================================================
2026-05-19 15:23:45,917 [INFO] local_seo_orchestrator — Starting Search Sentinel pipeline
2026-05-19 15:23:45,917 [INFO] local_seo_orchestrator — Timestamp: 2026-05-19T15:23:45.917952+00:00
2026-05-19 15:23:45,918 [INFO] local_seo_orchestrator — ============================================================
2026-05-19 15:23:45,918 [INFO] local_seo_orchestrator — [1/5] Scanner Agent: fetching Google Maps rankings...
2026-05-19 15:23:45,918 [INFO] agents.scanner_agent — Scanner: scanning 'personal injury lawyer in New York NY' in New York, NY
2026-05-19 15:23:47,631 [INFO] agents.scanner_agent — Scanner [serpapi]: 20 results for 'personal injury lawyer in New York NY'
2026-05-19 15:23:51,631 [INFO] agents.scanner_agent — Scanner: scanning 'emergency plumber in New York NY' in New York, NY
2026-05-19 15:23:53,502 [INFO] agents.scanner_agent — Scanner [serpapi]: 20 results for 'emergency plumber in New York NY'
2026-05-19 15:23:57,502 [INFO] agents.scanner_agent — Scanner: scanning 'cosmetic dentist in New York NY' in New York, NY
2026-05-19 15:24:01,851 [INFO] agents.scanner_agent — Scanner [serpapi]: 20 results for 'cosmetic dentist in New York NY'
2026-05-19 15:24:05,851 [INFO] agents.scanner_agent — Scanner: scanning 'luxury real estate agent in New York NY' in New York, NY
2026-05-19 15:24:07,544 [INFO] agents.scanner_agent — Scanner [serpapi]: 20 results for 'luxury real estate agent in New York NY'
2026-05-19 15:24:11,544 [INFO] agents.scanner_agent — Scanner: scanning 'regenerative medicine clinic in New York NY' in New York, NY
2026-05-19 15:24:12,954 [INFO] agents.scanner_agent — Scanner [serpapi]: 20 results for 'regenerative medicine clinic in New York NY'
2026-05-19 15:24:16,954 [INFO] agents.scanner_agent — Scanner: scanning 'personal injury lawyer in Los Angeles CA' in Los Angeles, CA
2026-05-19 15:24:19,014 [INFO] agents.scanner_agent — Scanner [serpapi]: 20 results for 'personal injury lawyer in Los Angeles CA'
2026-05-19 15:24:23,015 [INFO] agents.scanner_agent — Scanner: scanning 'emergency plumber in Los Angeles CA' in Los Angeles, CA
2026-05-19 15:24:24,050 [INFO] agents.scanner_agent — Scanner [serpapi]: 20 results for 'emergency plumber in Los Angeles CA'
2026-05-19 15:24:28,050 [INFO] agents.scanner_agent — Scanner: scanning 'cosmetic dentist in Los Angeles CA' in Los Angeles, CA
2026-05-19 15:24:29,297 [INFO] agents.scanner_agent — Scanner [serpapi]: 20 results for 'cosmetic dentist in Los Angeles CA'
2026-05-19 15:24:33,297 [INFO] agents.scanner_agent — Scanner: scanning 'luxury real estate agent in Los Angeles CA' in Los Angeles, CA
2026-05-19 15:24:35,061 [INFO] agents.scanner_agent — Scanner [serpapi]: 20 results for 'luxury real estate agent in Los Angeles CA'
2026-05-19 15:24:39,061 [INFO] agents.scanner_agent — Scanner: scanning 'regenerative medicine clinic in Los Angeles CA' in Los Angeles, CA
2026-05-19 15:24:40,458 [INFO] agents.scanner_agent — Scanner [serpapi]: 20 results for 'regenerative medicine clinic in Los Angeles CA'
2026-05-19 15:24:44,458 [INFO] agents.scanner_agent — Scanner: scanning 'personal injury lawyer in Chicago IL' in Chicago, IL
2026-05-19 15:24:44,599 [WARNING] agents.scanner_agent — Scanner [serpapi]: 429 rate limit for 'personal injury lawyer in Chicago IL'. Falling back to next provider...
2026-05-19 15:24:46,189 [WARNING] agents.scanner_agent — Scanner [outscraper] error (attempt 2/3): 402 Client Error: PAYMENT REQUIRED for url: https://api.app.outscraper.com/maps/search-v3?query=personal+injury+lawyer+in+Chicago+IL&limit=20&async=false. Retrying in 5s...
2026-05-19 15:24:51,773 [WARNING] agents.scanner_agent — Scanner [outscraper] error (attempt 3/3): 402 Client Error: PAYMENT REQUIRED for url: https://api.app.outscraper.com/maps/search-v3?query=personal+injury+lawyer+in+Chicago+IL&limit=20&async=false. Retrying in 10s...
2026-05-19 15:25:03,855 [WARNING] agents.scanner_agent — Scanner [outscraper]: exhausted retries for 'personal injury lawyer in Chicago IL'. Trying next provider...
2026-05-19 15:25:03,856 [ERROR] agents.scanner_agent — Scanner: all providers failed for 'personal injury lawyer in Chicago IL'
2026-05-19 15:25:07,857 [INFO] agents.scanner_agent — Scanner: scanning 'emergency plumber in Chicago IL' in Chicago, IL
2026-05-19 15:25:07,992 [WARNING] agents.scanner_agent — Scanner [serpapi]: 429 rate limit for 'emergency plumber in Chicago IL'. Falling back to next provider...
2026-05-19 15:25:08,427 [WARNING] agents.scanner_agent — Scanner [outscraper] error (attempt 2/3): 402 Client Error: PAYMENT REQUIRED for url: https://api.app.outscraper.com/maps/search-v3?query=emergency+plumber+in+Chicago+IL&limit=20&async=false. Retrying in 5s...
2026-05-19 15:25:14,390 [WARNING] agents.scanner_agent — Scanner [outscraper] error (attempt 3/3): 402 Client Error: PAYMENT REQUIRED for url: https://api.app.outscraper.com/maps/search-v3?query=emergency+plumber+in+Chicago+IL&limit=20&async=false. Retrying in 10s...
2026-05-19 15:25:24,873 [WARNING] agents.scanner_agent — Scanner [outscraper]: exhausted retries for 'emergency plumber in Chicago IL'. Trying next provider...
2026-05-19 15:25:24,875 [ERROR] agents.scanner_agent — Scanner: all providers failed for 'emergency plumber in Chicago IL'
2026-05-19 15:25:28,875 [INFO] agents.scanner_agent — Scanner: scanning 'cosmetic dentist in Chicago IL' in Chicago, IL
2026-05-19 15:25:29,003 [WARNING] agents.scanner_agent — Scanner [serpapi]: 429 rate limit for 'cosmetic dentist in Chicago IL'. Falling back to next provider...
2026-05-19 15:25:29,448 [WARNING] agents.scanner_agent — Scanner [outscraper] error (attempt 2/3): 402 Client Error: PAYMENT REQUIRED for url: https://api.app.outscraper.com/maps/search-v3?query=cosmetic+dentist+in+Chicago+IL&limit=20&async=false. Retrying in 5s...
2026-05-19 15:25:34,932 [WARNING] agents.scanner_agent — Scanner [outscraper] error (attempt 3/3): 402 Client Error: PAYMENT REQUIRED for url: https://api.app.outscraper.com/maps/search-v3?query=cosmetic+dentist+in+Chicago+IL&limit=20&async=false. Retrying in 10s...
2026-05-19 15:25:45,669 [WARNING] agents.scanner_agent — Scanner [outscraper]: exhausted retries for 'cosmetic dentist in Chicago IL'. Trying next provider...
2026-05-19 15:25:45,670 [ERROR] agents.scanner_agent — Scanner: all providers failed for 'cosmetic dentist in Chicago IL'
2026-05-19 15:25:49,670 [INFO] agents.scanner_agent — Scanner: scanning 'luxury real estate agent in Chicago IL' in Chicago, IL
2026-05-19 15:25:49,823 [WARNING] agents.scanner_agent — Scanner [serpapi]: 429 rate limit for 'luxury real estate agent in Chicago IL'. Falling back to next provider...
2026-05-19 15:25:50,269 [WARNING] agents.scanner_agent — Scanner [outscraper] error (attempt 2/3): 402 Client Error: PAYMENT REQUIRED for url: https://api.app.outscraper.com/maps/search-v3?query=luxury+real+estate+agent+in+Chicago+IL&limit=20&async=false. Retrying in 5s...
2026-05-19 15:25:55,750 [WARNING] agents.scanner_agent — Scanner [outscraper] error (attempt 3/3): 402 Client Error: PAYMENT REQUIRED for url: https://api.app.outscraper.com/maps/search-v3?query=luxury+real+estate+agent+in+Chicago+IL&limit=20&async=false. Retrying in 10s...
2026-05-19 15:26:06,321 [WARNING] agents.scanner_agent — Scanner [outscraper]: exhausted retries for 'luxury real estate agent in Chicago IL'. Trying next provider...
2026-05-19 15:26:06,322 [ERROR] agents.scanner_agent — Scanner: all providers failed for 'luxury real estate agent in Chicago IL'
2026-05-19 15:26:10,322 [INFO] agents.scanner_agent — Scanner: scanning 'regenerative medicine clinic in Chicago IL' in Chicago, IL
2026-05-19 15:26:10,456 [WARNING] agents.scanner_agent — Scanner [serpapi]: 429 rate limit for 'regenerative medicine clinic in Chicago IL'. Falling back to next provider...
2026-05-19 15:26:10,897 [WARNING] agents.scanner_agent — Scanner [outscraper] error (attempt 2/3): 402 Client Error: PAYMENT REQUIRED for url: https://api.app.outscraper.com/maps/search-v3?query=regenerative+medicine+clinic+in+Chicago+IL&limit=20&async=false. Retrying in 5s...
2026-05-19 15:26:17,492 [WARNING] agents.scanner_agent — Scanner [outscraper] error (attempt 3/3): 402 Client Error: PAYMENT REQUIRED for url: https://api.app.outscraper.com/maps/search-v3?query=regenerative+medicine+clinic+in+Chicago+IL&limit=20&async=false. Retrying in 10s...
2026-05-19 15:26:28,110 [WARNING] agents.scanner_agent — Scanner [outscraper]: exhausted retries for 'regenerative medicine clinic in Chicago IL'. Trying next provider...
2026-05-19 15:26:28,111 [ERROR] agents.scanner_agent — Scanner: all providers failed for 'regenerative medicine clinic in Chicago IL'
2026-05-19 15:26:32,111 [INFO] agents.scanner_agent — Scanner: scanning 'personal injury lawyer in Austin TX' in Austin, TX
2026-05-19 15:26:32,243 [WARNING] agents.scanner_agent — Scanner [serpapi]: 429 rate limit for 'personal injury lawyer in Austin TX'. Falling back to next provider...
2026-05-19 15:26:32,772 [WARNING] agents.scanner_agent — Scanner [outscraper] error (attempt 2/3): 402 Client Error: PAYMENT REQUIRED for url: https://api.app.outscraper.com/maps/search-v3?query=personal+injury+lawyer+in+Austin+TX&limit=20&async=false. Retrying in 5s...
2026-05-19 15:26:38,234 [WARNING] agents.scanner_agent — Scanner [outscraper] error (attempt 3/3): 402 Client Error: PAYMENT REQUIRED for url: https://api.app.outscraper.com/maps/search-v3?query=personal+injury+lawyer+in+Austin+TX&limit=20&async=false. Retrying in 10s...
2026-05-19 15:26:48,681 [WARNING] agents.scanner_agent — Scanner [outscraper]: exhausted retries for 'personal injury lawyer in Austin TX'. Trying next provider...
2026-05-19 15:26:48,682 [ERROR] agents.scanner_agent — Scanner: all providers failed for 'personal injury lawyer in Austin TX'
2026-05-19 15:26:52,682 [INFO] agents.scanner_agent — Scanner: scanning 'emergency plumber in Austin TX' in Austin, TX
2026-05-19 15:26:52,808 [WARNING] agents.scanner_agent — Scanner [serpapi]: 429 rate limit for 'emergency plumber in Austin TX'. Falling back to next provider...
2026-05-19 15:26:53,330 [WARNING] agents.scanner_agent — Scanner [outscraper] error (attempt 2/3): 402 Client Error: PAYMENT REQUIRED for url: https://api.app.outscraper.com/maps/search-v3?query=emergency+plumber+in+Austin+TX&limit=20&async=false. Retrying in 5s...
2026-05-19 15:26:58,760 [WARNING] agents.scanner_agent — Scanner [outscraper] error (attempt 3/3): 402 Client Error: PAYMENT REQUIRED for url: https://api.app.outscraper.com/maps/search-v3?query=emergency+plumber+in+Austin+TX&limit=20&async=false. Retrying in 10s...
2026-05-19 15:27:09,208 [WARNING] agents.scanner_agent — Scanner [outscraper]: exhausted retries for 'emergency plumber in Austin TX'. Trying next provider...
2026-05-19 15:27:09,209 [ERROR] agents.scanner_agent — Scanner: all providers failed for 'emergency plumber in Austin TX'
2026-05-19 15:27:13,209 [INFO] agents.scanner_agent — Scanner: scanning 'cosmetic dentist in Austin TX' in Austin, TX
2026-05-19 15:27:13,335 [WARNING] agents.scanner_agent — Scanner [serpapi]: 429 rate limit for 'cosmetic dentist in Austin TX'. Falling back to next provider...
2026-05-19 15:27:13,775 [WARNING] agents.scanner_agent — Scanner [outscraper] error (attempt 2/3): 402 Client Error: PAYMENT REQUIRED for url: https://api.app.outscraper.com/maps/search-v3?query=cosmetic+dentist+in+Austin+TX&limit=20&async=false. Retrying in 5s...
2026-05-19 15:27:19,220 [WARNING] agents.scanner_agent — Scanner [outscraper] error (attempt 3/3): 402 Client Error: PAYMENT REQUIRED for url: https://api.app.outscraper.com/maps/search-v3?query=cosmetic+dentist+in+Austin+TX&limit=20&async=false. Retrying in 10s...
2026-05-19 15:27:29,655 [WARNING] agents.scanner_agent — Scanner [outscraper]: exhausted retries for 'cosmetic dentist in Austin TX'. Trying next provider...
2026-05-19 15:27:29,656 [ERROR] agents.scanner_agent — Scanner: all providers failed for 'cosmetic dentist in Austin TX'
2026-05-19 15:27:33,656 [INFO] agents.scanner_agent — Scanner: scanning 'luxury real estate agent in Austin TX' in Austin, TX
2026-05-19 15:27:33,787 [WARNING] agents.scanner_agent — Scanner [serpapi]: 429 rate limit for 'luxury real estate agent in Austin TX'. Falling back to next provider...
2026-05-19 15:27:34,231 [WARNING] agents.scanner_agent — Scanner [outscraper] error (attempt 2/3): 402 Client Error: PAYMENT REQUIRED for url: https://api.app.outscraper.com/maps/search-v3?query=luxury+real+estate+agent+in+Austin+TX&limit=20&async=false. Retrying in 5s...
2026-05-19 15:27:39,680 [WARNING] agents.scanner_agent — Scanner [outscraper] error (attempt 3/3): 402 Client Error: PAYMENT REQUIRED for url: https://api.app.outscraper.com/maps/search-v3?query=luxury+real+estate+agent+in+Austin+TX&limit=20&async=false. Retrying in 10s...
2026-05-19 15:27:50,254 [WARNING] agents.scanner_agent — Scanner [outscraper]: exhausted retries for 'luxury real estate agent in Austin TX'. Trying next provider...
2026-05-19 15:27:50,255 [ERROR] agents.scanner_agent — Scanner: all providers failed for 'luxury real estate agent in Austin TX'
2026-05-19 15:27:54,255 [INFO] agents.scanner_agent — Scanner: scanning 'regenerative medicine clinic in Austin TX' in Austin, TX
2026-05-19 15:27:54,385 [WARNING] agents.scanner_agent — Scanner [serpapi]: 429 rate limit for 'regenerative medicine clinic in Austin TX'. Falling back to next provider...
2026-05-19 15:27:55,370 [WARNING] agents.scanner_agent — Scanner [outscraper] error (attempt 2/3): 402 Client Error: PAYMENT REQUIRED for url: https://api.app.outscraper.com/maps/search-v3?query=regenerative+medicine+clinic+in+Austin+TX&limit=20&async=false. Retrying in 5s...
2026-05-19 15:28:01,133 [WARNING] agents.scanner_agent — Scanner [outscraper] error (attempt 3/3): 402 Client Error: PAYMENT REQUIRED for url: https://api.app.outscraper.com/maps/search-v3?query=regenerative+medicine+clinic+in+Austin+TX&limit=20&async=false. Retrying in 10s...
2026-05-19 15:28:11,583 [WARNING] agents.scanner_agent — Scanner [outscraper]: exhausted retries for 'regenerative medicine clinic in Austin TX'. Trying next provider...
2026-05-19 15:28:11,584 [ERROR] agents.scanner_agent — Scanner: all providers failed for 'regenerative medicine clinic in Austin TX'
2026-05-19 15:28:15,585 [INFO] agents.scanner_agent — Scanner: scanning 'personal injury lawyer in Miami FL' in Miami, FL
2026-05-19 15:28:15,719 [WARNING] agents.scanner_agent — Scanner [serpapi]: 429 rate limit for 'personal injury lawyer in Miami FL'. Falling back to next provider...
2026-05-19 15:28:16,162 [WARNING] agents.scanner_agent — Scanner [outscraper] error (attempt 2/3): 402 Client Error: PAYMENT REQUIRED for url: https://api.app.outscraper.com/maps/search-v3?query=personal+injury+lawyer+in+Miami+FL&limit=20&async=false. Retrying in 5s...
2026-05-19 15:28:21,599 [WARNING] agents.scanner_agent — Scanner [outscraper] error (attempt 3/3): 402 Client Error: PAYMENT REQUIRED for url: https://api.app.outscraper.com/maps/search-v3?query=personal+injury+lawyer+in+Miami+FL&limit=20&async=false. Retrying in 10s...
2026-05-19 15:28:32,045 [WARNING] agents.scanner_agent — Scanner [outscraper]: exhausted retries for 'personal injury lawyer in Miami FL'. Trying next provider...
2026-05-19 15:28:32,046 [ERROR] agents.scanner_agent — Scanner: all providers failed for 'personal injury lawyer in Miami FL'
2026-05-19 15:28:36,046 [INFO] agents.scanner_agent — Scanner: scanning 'emergency plumber in Miami FL' in Miami, FL
2026-05-19 15:28:36,174 [WARNING] agents.scanner_agent — Scanner [serpapi]: 429 rate limit for 'emergency plumber in Miami FL'. Falling back to next provider...
2026-05-19 15:28:36,620 [WARNING] agents.scanner_agent — Scanner [outscraper] error (attempt 2/3): 402 Client Error: PAYMENT REQUIRED for url: https://api.app.outscraper.com/maps/search-v3?query=emergency+plumber+in+Miami+FL&limit=20&async=false. Retrying in 5s...
2026-05-19 15:28:42,078 [WARNING] agents.scanner_agent — Scanner [outscraper] error (attempt 3/3): 402 Client Error: PAYMENT REQUIRED for url: https://api.app.outscraper.com/maps/search-v3?query=emergency+plumber+in+Miami+FL&limit=20&async=false. Retrying in 10s...
2026-05-19 15:28:52,580 [WARNING] agents.scanner_agent — Scanner [outscraper]: exhausted retries for 'emergency plumber in Miami FL'. Trying next provider...
2026-05-19 15:28:52,581 [ERROR] agents.scanner_agent — Scanner: all providers failed for 'emergency plumber in Miami FL'
2026-05-19 15:28:56,581 [INFO] agents.scanner_agent — Scanner: scanning 'cosmetic dentist in Miami FL' in Miami, FL
2026-05-19 15:28:56,723 [WARNING] agents.scanner_agent — Scanner [serpapi]: 429 rate limit for 'cosmetic dentist in Miami FL'. Falling back to next provider...
2026-05-19 15:28:57,498 [WARNING] agents.scanner_agent — Scanner [outscraper] error (attempt 2/3): 402 Client Error: PAYMENT REQUIRED for url: https://api.app.outscraper.com/maps/search-v3?query=cosmetic+dentist+in+Miami+FL&limit=20&async=false. Retrying in 5s...
2026-05-19 15:29:03,020 [WARNING] agents.scanner_agent — Scanner [outscraper] error (attempt 3/3): 402 Client Error: PAYMENT REQUIRED for url: https://api.app.outscraper.com/maps/search-v3?query=cosmetic+dentist+in+Miami+FL&limit=20&async=false. Retrying in 10s...
2026-05-19 15:29:13,494 [WARNING] agents.scanner_agent — Scanner [outscraper]: exhausted retries for 'cosmetic dentist in Miami FL'. Trying next provider...
2026-05-19 15:29:13,496 [ERROR] agents.scanner_agent — Scanner: all providers failed for 'cosmetic dentist in Miami FL'
2026-05-19 15:29:17,496 [INFO] agents.scanner_agent — Scanner: scanning 'luxury real estate agent in Miami FL' in Miami, FL
2026-05-19 15:29:17,623 [WARNING] agents.scanner_agent — Scanner [serpapi]: 429 rate limit for 'luxury real estate agent in Miami FL'. Falling back to next provider...
2026-05-19 15:29:18,052 [WARNING] agents.scanner_agent — Scanner [outscraper] error (attempt 2/3): 402 Client Error: PAYMENT REQUIRED for url: https://api.app.outscraper.com/maps/search-v3?query=luxury+real+estate+agent+in+Miami+FL&limit=20&async=false. Retrying in 5s...
2026-05-19 15:29:23,783 [WARNING] agents.scanner_agent — Scanner [outscraper] error (attempt 3/3): 402 Client Error: PAYMENT REQUIRED for url: https://api.app.outscraper.com/maps/search-v3?query=luxury+real+estate+agent+in+Miami+FL&limit=20&async=false. Retrying in 10s...
2026-05-19 15:29:34,387 [WARNING] agents.scanner_agent — Scanner [outscraper]: exhausted retries for 'luxury real estate agent in Miami FL'. Trying next provider...
2026-05-19 15:29:34,388 [ERROR] agents.scanner_agent — Scanner: all providers failed for 'luxury real estate agent in Miami FL'
2026-05-19 15:29:38,388 [INFO] agents.scanner_agent — Scanner: scanning 'regenerative medicine clinic in Miami FL' in Miami, FL
2026-05-19 15:29:38,516 [WARNING] agents.scanner_agent — Scanner [serpapi]: 429 rate limit for 'regenerative medicine clinic in Miami FL'. Falling back to next provider...
2026-05-19 15:29:38,963 [WARNING] agents.scanner_agent — Scanner [outscraper] error (attempt 2/3): 402 Client Error: PAYMENT REQUIRED for url: https://api.app.outscraper.com/maps/search-v3?query=regenerative+medicine+clinic+in+Miami+FL&limit=20&async=false. Retrying in 5s...
2026-05-19 15:29:44,932 [WARNING] agents.scanner_agent — Scanner [outscraper] error (attempt 3/3): 402 Client Error: PAYMENT REQUIRED for url: https://api.app.outscraper.com/maps/search-v3?query=regenerative+medicine+clinic+in+Miami+FL&limit=20&async=false. Retrying in 10s...
2026-05-19 15:29:55,425 [WARNING] agents.scanner_agent — Scanner [outscraper]: exhausted retries for 'regenerative medicine clinic in Miami FL'. Trying next provider...
2026-05-19 15:29:55,426 [ERROR] agents.scanner_agent — Scanner: all providers failed for 'regenerative medicine clinic in Miami FL'
2026-05-19 15:29:59,426 [INFO] agents.scanner_agent — Scanner: scanning 'personal injury lawyer in Dallas TX' in Dallas, TX
2026-05-19 15:29:59,558 [WARNING] agents.scanner_agent — Scanner [serpapi]: 429 rate limit for 'personal injury lawyer in Dallas TX'. Falling back to next provider...
2026-05-19 15:29:59,988 [WARNING] agents.scanner_agent — Scanner [outscraper] error (attempt 2/3): 402 Client Error: PAYMENT REQUIRED for url: https://api.app.outscraper.com/maps/search-v3?query=personal+injury+lawyer+in+Dallas+TX&limit=20&async=false. Retrying in 5s...
2026-05-19 15:30:05,435 [WARNING] agents.scanner_agent — Scanner [outscraper] error (attempt 3/3): 402 Client Error: PAYMENT REQUIRED for url: https://api.app.outscraper.com/maps/search-v3?query=personal+injury+lawyer+in+Dallas+TX&limit=20&async=false. Retrying in 10s...
2026-05-19 15:30:15,892 [WARNING] agents.scanner_agent — Scanner [outscraper]: exhausted retries for 'personal injury lawyer in Dallas TX'. Trying next provider...
2026-05-19 15:30:15,893 [ERROR] agents.scanner_agent — Scanner: all providers failed for 'personal injury lawyer in Dallas TX'
2026-05-19 15:30:19,893 [INFO] agents.scanner_agent — Scanner: scanning 'emergency plumber in Dallas TX' in Dallas, TX
2026-05-19 15:30:20,022 [WARNING] agents.scanner_agent — Scanner [serpapi]: 429 rate limit for 'emergency plumber in Dallas TX'. Falling back to next provider...
2026-05-19 15:30:21,030 [WARNING] agents.scanner_agent — Scanner [outscraper] error (attempt 2/3): 402 Client Error: PAYMENT REQUIRED for url: https://api.app.outscraper.com/maps/search-v3?query=emergency+plumber+in+Dallas+TX&limit=20&async=false. Retrying in 5s...
2026-05-19 15:30:26,473 [WARNING] agents.scanner_agent — Scanner [outscraper] error (attempt 3/3): 402 Client Error: PAYMENT REQUIRED for url: https://api.app.outscraper.com/maps/search-v3?query=emergency+plumber+in+Dallas+TX&limit=20&async=false. Retrying in 10s...
2026-05-19 15:30:36,899 [WARNING] agents.scanner_agent — Scanner [outscraper]: exhausted retries for 'emergency plumber in Dallas TX'. Trying next provider...
2026-05-19 15:30:36,900 [ERROR] agents.scanner_agent — Scanner: all providers failed for 'emergency plumber in Dallas TX'
2026-05-19 15:30:40,900 [INFO] agents.scanner_agent — Scanner: scanning 'cosmetic dentist in Dallas TX' in Dallas, TX
2026-05-19 15:30:41,029 [WARNING] agents.scanner_agent — Scanner [serpapi]: 429 rate limit for 'cosmetic dentist in Dallas TX'. Falling back to next provider...
2026-05-19 15:30:41,474 [WARNING] agents.scanner_agent — Scanner [outscraper] error (attempt 2/3): 402 Client Error: PAYMENT REQUIRED for url: https://api.app.outscraper.com/maps/search-v3?query=cosmetic+dentist+in+Dallas+TX&limit=20&async=false. Retrying in 5s...
2026-05-19 15:30:46,916 [WARNING] agents.scanner_agent — Scanner [outscraper] error (attempt 3/3): 402 Client Error: PAYMENT REQUIRED for url: https://api.app.outscraper.com/maps/search-v3?query=cosmetic+dentist+in+Dallas+TX&limit=20&async=false. Retrying in 10s...
2026-05-19 15:30:57,347 [WARNING] agents.scanner_agent — Scanner [outscraper]: exhausted retries for 'cosmetic dentist in Dallas TX'. Trying next provider...
2026-05-19 15:30:57,348 [ERROR] agents.scanner_agent — Scanner: all providers failed for 'cosmetic dentist in Dallas TX'
2026-05-19 15:31:01,348 [INFO] agents.scanner_agent — Scanner: scanning 'luxury real estate agent in Dallas TX' in Dallas, TX
2026-05-19 15:31:01,470 [WARNING] agents.scanner_agent — Scanner [serpapi]: 429 rate limit for 'luxury real estate agent in Dallas TX'. Falling back to next provider...
2026-05-19 15:31:02,254 [WARNING] agents.scanner_agent — Scanner [outscraper] error (attempt 2/3): 402 Client Error: PAYMENT REQUIRED for url: https://api.app.outscraper.com/maps/search-v3?query=luxury+real+estate+agent+in+Dallas+TX&limit=20&async=false. Retrying in 5s...
2026-05-19 15:31:07,686 [WARNING] agents.scanner_agent — Scanner [outscraper] error (attempt 3/3): 402 Client Error: PAYMENT REQUIRED for url: https://api.app.outscraper.com/maps/search-v3?query=luxury+real+estate+agent+in+Dallas+TX&limit=20&async=false. Retrying in 10s...
2026-05-19 15:31:18,129 [WARNING] agents.scanner_agent — Scanner [outscraper]: exhausted retries for 'luxury real estate agent in Dallas TX'. Trying next provider...
2026-05-19 15:31:18,130 [ERROR] agents.scanner_agent — Scanner: all providers failed for 'luxury real estate agent in Dallas TX'
2026-05-19 15:31:22,130 [INFO] agents.scanner_agent — Scanner: scanning 'regenerative medicine clinic in Dallas TX' in Dallas, TX
2026-05-19 15:31:22,282 [WARNING] agents.scanner_agent — Scanner [serpapi]: 429 rate limit for 'regenerative medicine clinic in Dallas TX'. Falling back to next provider...
2026-05-19 15:31:22,729 [WARNING] agents.scanner_agent — Scanner [outscraper] error (attempt 2/3): 402 Client Error: PAYMENT REQUIRED for url: https://api.app.outscraper.com/maps/search-v3?query=regenerative+medicine+clinic+in+Dallas+TX&limit=20&async=false. Retrying in 5s...
2026-05-19 15:31:28,163 [WARNING] agents.scanner_agent — Scanner [outscraper] error (attempt 3/3): 402 Client Error: PAYMENT REQUIRED for url: https://api.app.outscraper.com/maps/search-v3?query=regenerative+medicine+clinic+in+Dallas+TX&limit=20&async=false. Retrying in 10s...
2026-05-19 15:31:38,605 [WARNING] agents.scanner_agent — Scanner [outscraper]: exhausted retries for 'regenerative medicine clinic in Dallas TX'. Trying next provider...
2026-05-19 15:31:38,606 [ERROR] agents.scanner_agent — Scanner: all providers failed for 'regenerative medicine clinic in Dallas TX'
2026-05-19 15:31:42,607 [INFO] agents.scanner_agent — Scanner: scanning 'personal injury lawyer in Phoenix AZ' in Phoenix, AZ
2026-05-19 15:31:42,731 [WARNING] agents.scanner_agent — Scanner [serpapi]: 429 rate limit for 'personal injury lawyer in Phoenix AZ'. Falling back to next provider...
2026-05-19 15:31:43,181 [WARNING] agents.scanner_agent — Scanner [outscraper] error (attempt 2/3): 402 Client Error: PAYMENT REQUIRED for url: https://api.app.outscraper.com/maps/search-v3?query=personal+injury+lawyer+in+Phoenix+AZ&limit=20&async=false. Retrying in 5s...
2026-05-19 15:31:48,624 [WARNING] agents.scanner_agent — Scanner [outscraper] error (attempt 3/3): 402 Client Error: PAYMENT REQUIRED for url: https://api.app.outscraper.com/maps/search-v3?query=personal+injury+lawyer+in+Phoenix+AZ&limit=20&async=false. Retrying in 10s...
2026-05-19 15:31:59,624 [WARNING] agents.scanner_agent — Scanner [outscraper]: exhausted retries for 'personal injury lawyer in Phoenix AZ'. Trying next provider...
2026-05-19 15:31:59,625 [ERROR] agents.scanner_agent — Scanner: all providers failed for 'personal injury lawyer in Phoenix AZ'
2026-05-19 15:32:03,625 [INFO] agents.scanner_agent — Scanner: scanning 'emergency plumber in Phoenix AZ' in Phoenix, AZ
2026-05-19 15:32:03,763 [WARNING] agents.scanner_agent — Scanner [serpapi]: 429 rate limit for 'emergency plumber in Phoenix AZ'. Falling back to next provider...
2026-05-19 15:32:04,207 [WARNING] agents.scanner_agent — Scanner [outscraper] error (attempt 2/3): 402 Client Error: PAYMENT REQUIRED for url: https://api.app.outscraper.com/maps/search-v3?query=emergency+plumber+in+Phoenix+AZ&limit=20&async=false. Retrying in 5s...
2026-05-19 15:32:09,678 [WARNING] agents.scanner_agent — Scanner [outscraper] error (attempt 3/3): 402 Client Error: PAYMENT REQUIRED for url: https://api.app.outscraper.com/maps/search-v3?query=emergency+plumber+in+Phoenix+AZ&limit=20&async=false. Retrying in 10s...
2026-05-19 15:32:20,123 [WARNING] agents.scanner_agent — Scanner [outscraper]: exhausted retries for 'emergency plumber in Phoenix AZ'. Trying next provider...
2026-05-19 15:32:20,124 [ERROR] agents.scanner_agent — Scanner: all providers failed for 'emergency plumber in Phoenix AZ'
2026-05-19 15:32:24,124 [INFO] agents.scanner_agent — Scanner: scanning 'cosmetic dentist in Phoenix AZ' in Phoenix, AZ
2026-05-19 15:32:24,255 [WARNING] agents.scanner_agent — Scanner [serpapi]: 429 rate limit for 'cosmetic dentist in Phoenix AZ'. Falling back to next provider...
2026-05-19 15:32:24,706 [WARNING] agents.scanner_agent — Scanner [outscraper] error (attempt 2/3): 402 Client Error: PAYMENT REQUIRED for url: https://api.app.outscraper.com/maps/search-v3?query=cosmetic+dentist+in+Phoenix+AZ&limit=20&async=false. Retrying in 5s...
2026-05-19 15:32:30,153 [WARNING] agents.scanner_agent — Scanner [outscraper] error (attempt 3/3): 402 Client Error: PAYMENT REQUIRED for url: https://api.app.outscraper.com/maps/search-v3?query=cosmetic+dentist+in+Phoenix+AZ&limit=20&async=false. Retrying in 10s...
2026-05-19 15:32:40,697 [WARNING] agents.scanner_agent — Scanner [outscraper]: exhausted retries for 'cosmetic dentist in Phoenix AZ'. Trying next provider...
2026-05-19 15:32:40,698 [ERROR] agents.scanner_agent — Scanner: all providers failed for 'cosmetic dentist in Phoenix AZ'
2026-05-19 15:32:44,698 [INFO] agents.scanner_agent — Scanner: scanning 'luxury real estate agent in Phoenix AZ' in Phoenix, AZ
2026-05-19 15:32:44,826 [WARNING] agents.scanner_agent — Scanner [serpapi]: 429 rate limit for 'luxury real estate agent in Phoenix AZ'. Falling back to next provider...
2026-05-19 15:32:45,274 [WARNING] agents.scanner_agent — Scanner [outscraper] error (attempt 2/3): 402 Client Error: PAYMENT REQUIRED for url: https://api.app.outscraper.com/maps/search-v3?query=luxury+real+estate+agent+in+Phoenix+AZ&limit=20&async=false. Retrying in 5s...
2026-05-19 15:32:50,723 [WARNING] agents.scanner_agent — Scanner [outscraper] error (attempt 3/3): 402 Client Error: PAYMENT REQUIRED for url: https://api.app.outscraper.com/maps/search-v3?query=luxury+real+estate+agent+in+Phoenix+AZ&limit=20&async=false. Retrying in 10s...
2026-05-19 15:33:01,483 [WARNING] agents.scanner_agent — Scanner [outscraper]: exhausted retries for 'luxury real estate agent in Phoenix AZ'. Trying next provider...
2026-05-19 15:33:01,484 [ERROR] agents.scanner_agent — Scanner: all providers failed for 'luxury real estate agent in Phoenix AZ'
2026-05-19 15:33:05,485 [INFO] agents.scanner_agent — Scanner: scanning 'regenerative medicine clinic in Phoenix AZ' in Phoenix, AZ
2026-05-19 15:33:05,612 [WARNING] agents.scanner_agent — Scanner [serpapi]: 429 rate limit for 'regenerative medicine clinic in Phoenix AZ'. Falling back to next provider...
2026-05-19 15:33:06,037 [WARNING] agents.scanner_agent — Scanner [outscraper] error (attempt 2/3): 402 Client Error: PAYMENT REQUIRED for url: https://api.app.outscraper.com/maps/search-v3?query=regenerative+medicine+clinic+in+Phoenix+AZ&limit=20&async=false. Retrying in 5s...
2026-05-19 15:33:11,555 [WARNING] agents.scanner_agent — Scanner [outscraper] error (attempt 3/3): 402 Client Error: PAYMENT REQUIRED for url: https://api.app.outscraper.com/maps/search-v3?query=regenerative+medicine+clinic+in+Phoenix+AZ&limit=20&async=false. Retrying in 10s...
2026-05-19 15:33:22,065 [WARNING] agents.scanner_agent — Scanner [outscraper]: exhausted retries for 'regenerative medicine clinic in Phoenix AZ'. Trying next provider...
2026-05-19 15:33:22,066 [ERROR] agents.scanner_agent — Scanner: all providers failed for 'regenerative medicine clinic in Phoenix AZ'
2026-05-19 15:33:26,066 [INFO] agents.scanner_agent — Scanner: scanning 'personal injury lawyer in Denver CO' in Denver, CO
2026-05-19 15:33:26,195 [WARNING] agents.scanner_agent — Scanner [serpapi]: 429 rate limit for 'personal injury lawyer in Denver CO'. Falling back to next provider...
2026-05-19 15:33:27,037 [WARNING] agents.scanner_agent — Scanner [outscraper] error (attempt 2/3): 402 Client Error: PAYMENT REQUIRED for url: https://api.app.outscraper.com/maps/search-v3?query=personal+injury+lawyer+in+Denver+CO&limit=20&async=false. Retrying in 5s...
2026-05-19 15:33:32,643 [WARNING] agents.scanner_agent — Scanner [outscraper] error (attempt 3/3): 402 Client Error: PAYMENT REQUIRED for url: https://api.app.outscraper.com/maps/search-v3?query=personal+injury+lawyer+in+Denver+CO&limit=20&async=false. Retrying in 10s...
2026-05-19 15:33:43,396 [WARNING] agents.scanner_agent — Scanner [outscraper]: exhausted retries for 'personal injury lawyer in Denver CO'. Trying next provider...
2026-05-19 15:33:43,398 [ERROR] agents.scanner_agent — Scanner: all providers failed for 'personal injury lawyer in Denver CO'
2026-05-19 15:33:47,398 [INFO] agents.scanner_agent — Scanner: scanning 'emergency plumber in Denver CO' in Denver, CO
2026-05-19 15:33:47,527 [WARNING] agents.scanner_agent — Scanner [serpapi]: 429 rate limit for 'emergency plumber in Denver CO'. Falling back to next provider...
2026-05-19 15:33:48,384 [WARNING] agents.scanner_agent — Scanner [outscraper] error (attempt 2/3): 402 Client Error: PAYMENT REQUIRED for url: https://api.app.outscraper.com/maps/search-v3?query=emergency+plumber+in+Denver+CO&limit=20&async=false. Retrying in 5s...
2026-05-19 15:33:54,320 [WARNING] agents.scanner_agent — Scanner [outscraper] error (attempt 3/3): 402 Client Error: PAYMENT REQUIRED for url: https://api.app.outscraper.com/maps/search-v3?query=emergency+plumber+in+Denver+CO&limit=20&async=false. Retrying in 10s...
2026-05-19 15:34:04,770 [WARNING] agents.scanner_agent — Scanner [outscraper]: exhausted retries for 'emergency plumber in Denver CO'. Trying next provider...
2026-05-19 15:34:04,771 [ERROR] agents.scanner_agent — Scanner: all providers failed for 'emergency plumber in Denver CO'
2026-05-19 15:34:08,771 [INFO] agents.scanner_agent — Scanner: scanning 'cosmetic dentist in Denver CO' in Denver, CO
2026-05-19 15:34:08,902 [WARNING] agents.scanner_agent — Scanner [serpapi]: 429 rate limit for 'cosmetic dentist in Denver CO'. Falling back to next provider...
2026-05-19 15:34:09,599 [WARNING] agents.scanner_agent — Scanner [outscraper] error (attempt 2/3): 402 Client Error: PAYMENT REQUIRED for url: https://api.app.outscraper.com/maps/search-v3?query=cosmetic+dentist+in+Denver+CO&limit=20&async=false. Retrying in 5s...
2026-05-19 15:34:15,109 [WARNING] agents.scanner_agent — Scanner [outscraper] error (attempt 3/3): 402 Client Error: PAYMENT REQUIRED for url: https://api.app.outscraper.com/maps/search-v3?query=cosmetic+dentist+in+Denver+CO&limit=20&async=false. Retrying in 10s...
2026-05-19 15:34:25,556 [WARNING] agents.scanner_agent — Scanner [outscraper]: exhausted retries for 'cosmetic dentist in Denver CO'. Trying next provider...
2026-05-19 15:34:25,557 [ERROR] agents.scanner_agent — Scanner: all providers failed for 'cosmetic dentist in Denver CO'
2026-05-19 15:34:29,557 [INFO] agents.scanner_agent — Scanner: scanning 'luxury real estate agent in Denver CO' in Denver, CO
2026-05-19 15:34:29,689 [WARNING] agents.scanner_agent — Scanner [serpapi]: 429 rate limit for 'luxury real estate agent in Denver CO'. Falling back to next provider...
2026-05-19 15:34:30,469 [WARNING] agents.scanner_agent — Scanner [outscraper] error (attempt 2/3): 402 Client Error: PAYMENT REQUIRED for url: https://api.app.outscraper.com/maps/search-v3?query=luxury+real+estate+agent+in+Denver+CO&limit=20&async=false. Retrying in 5s...
2026-05-19 15:34:35,917 [WARNING] agents.scanner_agent — Scanner [outscraper] error (attempt 3/3): 402 Client Error: PAYMENT REQUIRED for url: https://api.app.outscraper.com/maps/search-v3?query=luxury+real+estate+agent+in+Denver+CO&limit=20&async=false. Retrying in 10s...
2026-05-19 15:34:46,365 [WARNING] agents.scanner_agent — Scanner [outscraper]: exhausted retries for 'luxury real estate agent in Denver CO'. Trying next provider...
2026-05-19 15:34:46,366 [ERROR] agents.scanner_agent — Scanner: all providers failed for 'luxury real estate agent in Denver CO'
2026-05-19 15:34:50,366 [INFO] agents.scanner_agent — Scanner: scanning 'regenerative medicine clinic in Denver CO' in Denver, CO
2026-05-19 15:34:50,501 [WARNING] agents.scanner_agent — Scanner [serpapi]: 429 rate limit for 'regenerative medicine clinic in Denver CO'. Falling back to next provider...
2026-05-19 15:34:50,934 [WARNING] agents.scanner_agent — Scanner [outscraper] error (attempt 2/3): 402 Client Error: PAYMENT REQUIRED for url: https://api.app.outscraper.com/maps/search-v3?query=regenerative+medicine+clinic+in+Denver+CO&limit=20&async=false. Retrying in 5s...
2026-05-19 15:34:56,369 [WARNING] agents.scanner_agent — Scanner [outscraper] error (attempt 3/3): 402 Client Error: PAYMENT REQUIRED for url: https://api.app.outscraper.com/maps/search-v3?query=regenerative+medicine+clinic+in+Denver+CO&limit=20&async=false. Retrying in 10s...
2026-05-19 15:35:06,913 [WARNING] agents.scanner_agent — Scanner [outscraper]: exhausted retries for 'regenerative medicine clinic in Denver CO'. Trying next provider...
2026-05-19 15:35:06,914 [ERROR] agents.scanner_agent — Scanner: all providers failed for 'regenerative medicine clinic in Denver CO'
2026-05-19 15:35:10,914 [INFO] agents.scanner_agent — Scanner: scanning 'personal injury lawyer in Philadelphia PA' in Philadelphia, PA
2026-05-19 15:35:11,044 [WARNING] agents.scanner_agent — Scanner [serpapi]: 429 rate limit for 'personal injury lawyer in Philadelphia PA'. Falling back to next provider...
2026-05-19 15:35:11,471 [WARNING] agents.scanner_agent — Scanner [outscraper] error (attempt 2/3): 402 Client Error: PAYMENT REQUIRED for url: https://api.app.outscraper.com/maps/search-v3?query=personal+injury+lawyer+in+Philadelphia+PA&limit=20&async=false. Retrying in 5s...
2026-05-19 15:35:16,918 [WARNING] agents.scanner_agent — Scanner [outscraper] error (attempt 3/3): 402 Client Error: PAYMENT REQUIRED for url: https://api.app.outscraper.com/maps/search-v3?query=personal+injury+lawyer+in+Philadelphia+PA&limit=20&async=false. Retrying in 10s...
2026-05-19 15:35:27,693 [WARNING] agents.scanner_agent — Scanner [outscraper]: exhausted retries for 'personal injury lawyer in Philadelphia PA'. Trying next provider...
2026-05-19 15:35:27,694 [ERROR] agents.scanner_agent — Scanner: all providers failed for 'personal injury lawyer in Philadelphia PA'
2026-05-19 15:35:31,694 [INFO] agents.scanner_agent — Scanner: scanning 'emergency plumber in Philadelphia PA' in Philadelphia, PA
2026-05-19 15:35:31,820 [WARNING] agents.scanner_agent — Scanner [serpapi]: 429 rate limit for 'emergency plumber in Philadelphia PA'. Falling back to next provider...
2026-05-19 15:35:32,928 [WARNING] agents.scanner_agent — Scanner [outscraper] error (attempt 2/3): 402 Client Error: PAYMENT REQUIRED for url: https://api.app.outscraper.com/maps/search-v3?query=emergency+plumber+in+Philadelphia+PA&limit=20&async=false. Retrying in 5s...
2026-05-19 15:35:38,482 [WARNING] agents.scanner_agent — Scanner [outscraper] error (attempt 3/3): 402 Client Error: PAYMENT REQUIRED for url: https://api.app.outscraper.com/maps/search-v3?query=emergency+plumber+in+Philadelphia+PA&limit=20&async=false. Retrying in 10s...
2026-05-19 15:35:49,119 [WARNING] agents.scanner_agent — Scanner [outscraper]: exhausted retries for 'emergency plumber in Philadelphia PA'. Trying next provider...
2026-05-19 15:35:49,120 [ERROR] agents.scanner_agent — Scanner: all providers failed for 'emergency plumber in Philadelphia PA'
2026-05-19 15:35:53,121 [INFO] agents.scanner_agent — Scanner: scanning 'cosmetic dentist in Philadelphia PA' in Philadelphia, PA
2026-05-19 15:35:53,249 [WARNING] agents.scanner_agent — Scanner [serpapi]: 429 rate limit for 'cosmetic dentist in Philadelphia PA'. Falling back to next provider...
2026-05-19 15:35:53,716 [WARNING] agents.scanner_agent — Scanner [outscraper] error (attempt 2/3): 402 Client Error: PAYMENT REQUIRED for url: https://api.app.outscraper.com/maps/search-v3?query=cosmetic+dentist+in+Philadelphia+PA&limit=20&async=false. Retrying in 5s...
2026-05-19 15:35:59,163 [WARNING] agents.scanner_agent — Scanner [outscraper] error (attempt 3/3): 402 Client Error: PAYMENT REQUIRED for url: https://api.app.outscraper.com/maps/search-v3?query=cosmetic+dentist+in+Philadelphia+PA&limit=20&async=false. Retrying in 10s...
2026-05-19 15:36:09,743 [WARNING] agents.scanner_agent — Scanner [outscraper]: exhausted retries for 'cosmetic dentist in Philadelphia PA'. Trying next provider...
2026-05-19 15:36:09,744 [ERROR] agents.scanner_agent — Scanner: all providers failed for 'cosmetic dentist in Philadelphia PA'
2026-05-19 15:36:13,744 [INFO] agents.scanner_agent — Scanner: scanning 'luxury real estate agent in Philadelphia PA' in Philadelphia, PA
2026-05-19 15:36:13,871 [WARNING] agents.scanner_agent — Scanner [serpapi]: 429 rate limit for 'luxury real estate agent in Philadelphia PA'. Falling back to next provider...
2026-05-19 15:36:14,313 [WARNING] agents.scanner_agent — Scanner [outscraper] error (attempt 2/3): 402 Client Error: PAYMENT REQUIRED for url: https://api.app.outscraper.com/maps/search-v3?query=luxury+real+estate+agent+in+Philadelphia+PA&limit=20&async=false. Retrying in 5s...
2026-05-19 15:36:19,760 [WARNING] agents.scanner_agent — Scanner [outscraper] error (attempt 3/3): 402 Client Error: PAYMENT REQUIRED for url: https://api.app.outscraper.com/maps/search-v3?query=luxury+real+estate+agent+in+Philadelphia+PA&limit=20&async=false. Retrying in 10s...
2026-05-19 15:36:30,207 [WARNING] agents.scanner_agent — Scanner [outscraper]: exhausted retries for 'luxury real estate agent in Philadelphia PA'. Trying next provider...
2026-05-19 15:36:30,208 [ERROR] agents.scanner_agent — Scanner: all providers failed for 'luxury real estate agent in Philadelphia PA'
2026-05-19 15:36:34,208 [INFO] agents.scanner_agent — Scanner: scanning 'regenerative medicine clinic in Philadelphia PA' in Philadelphia, PA
2026-05-19 15:36:34,339 [WARNING] agents.scanner_agent — Scanner [serpapi]: 429 rate limit for 'regenerative medicine clinic in Philadelphia PA'. Falling back to next provider...
2026-05-19 15:36:34,838 [WARNING] agents.scanner_agent — Scanner [outscraper] error (attempt 2/3): 402 Client Error: PAYMENT REQUIRED for url: https://api.app.outscraper.com/maps/search-v3?query=regenerative+medicine+clinic+in+Philadelphia+PA&limit=20&async=false. Retrying in 5s...
2026-05-19 15:36:40,281 [WARNING] agents.scanner_agent — Scanner [outscraper] error (attempt 3/3): 402 Client Error: PAYMENT REQUIRED for url: https://api.app.outscraper.com/maps/search-v3?query=regenerative+medicine+clinic+in+Philadelphia+PA&limit=20&async=false. Retrying in 10s...
2026-05-19 15:36:50,707 [WARNING] agents.scanner_agent — Scanner [outscraper]: exhausted retries for 'regenerative medicine clinic in Philadelphia PA'. Trying next provider...
2026-05-19 15:36:50,708 [ERROR] agents.scanner_agent — Scanner: all providers failed for 'regenerative medicine clinic in Philadelphia PA'
2026-05-19 15:36:54,708 [INFO] agents.scanner_agent — Scanner: scanning 'personal injury lawyer in Houston TX' in Houston, TX
2026-05-19 15:36:54,834 [WARNING] agents.scanner_agent — Scanner [serpapi]: 429 rate limit for 'personal injury lawyer in Houston TX'. Falling back to next provider...
2026-05-19 15:36:55,267 [WARNING] agents.scanner_agent — Scanner [outscraper] error (attempt 2/3): 402 Client Error: PAYMENT REQUIRED for url: https://api.app.outscraper.com/maps/search-v3?query=personal+injury+lawyer+in+Houston+TX&limit=20&async=false. Retrying in 5s...
2026-05-19 15:37:00,710 [WARNING] agents.scanner_agent — Scanner [outscraper] error (attempt 3/3): 402 Client Error: PAYMENT REQUIRED for url: https://api.app.outscraper.com/maps/search-v3?query=personal+injury+lawyer+in+Houston+TX&limit=20&async=false. Retrying in 10s...
2026-05-19 15:37:11,323 [WARNING] agents.scanner_agent — Scanner [outscraper]: exhausted retries for 'personal injury lawyer in Houston TX'. Trying next provider...
2026-05-19 15:37:11,324 [ERROR] agents.scanner_agent — Scanner: all providers failed for 'personal injury lawyer in Houston TX'
2026-05-19 15:37:15,324 [INFO] agents.scanner_agent — Scanner: scanning 'emergency plumber in Houston TX' in Houston, TX
2026-05-19 15:37:15,457 [WARNING] agents.scanner_agent — Scanner [serpapi]: 429 rate limit for 'emergency plumber in Houston TX'. Falling back to next provider...
2026-05-19 15:37:15,958 [WARNING] agents.scanner_agent — Scanner [outscraper] error (attempt 2/3): 402 Client Error: PAYMENT REQUIRED for url: https://api.app.outscraper.com/maps/search-v3?query=emergency+plumber+in+Houston+TX&limit=20&async=false. Retrying in 5s...
2026-05-19 15:37:21,480 [WARNING] agents.scanner_agent — Scanner [outscraper] error (attempt 3/3): 402 Client Error: PAYMENT REQUIRED for url: https://api.app.outscraper.com/maps/search-v3?query=emergency+plumber+in+Houston+TX&limit=20&async=false. Retrying in 10s...
2026-05-19 15:37:31,981 [WARNING] agents.scanner_agent — Scanner [outscraper]: exhausted retries for 'emergency plumber in Houston TX'. Trying next provider...
2026-05-19 15:37:31,982 [ERROR] agents.scanner_agent — Scanner: all providers failed for 'emergency plumber in Houston TX'
2026-05-19 15:37:35,982 [INFO] agents.scanner_agent — Scanner: scanning 'cosmetic dentist in Houston TX' in Houston, TX
2026-05-19 15:37:36,115 [WARNING] agents.scanner_agent — Scanner [serpapi]: 429 rate limit for 'cosmetic dentist in Houston TX'. Falling back to next provider...
2026-05-19 15:37:36,637 [WARNING] agents.scanner_agent — Scanner [outscraper] error (attempt 2/3): 402 Client Error: PAYMENT REQUIRED for url: https://api.app.outscraper.com/maps/search-v3?query=cosmetic+dentist+in+Houston+TX&limit=20&async=false. Retrying in 5s...
2026-05-19 15:37:42,081 [WARNING] agents.scanner_agent — Scanner [outscraper] error (attempt 3/3): 402 Client Error: PAYMENT REQUIRED for url: https://api.app.outscraper.com/maps/search-v3?query=cosmetic+dentist+in+Houston+TX&limit=20&async=false. Retrying in 10s...
2026-05-19 15:37:52,508 [WARNING] agents.scanner_agent — Scanner [outscraper]: exhausted retries for 'cosmetic dentist in Houston TX'. Trying next provider...
2026-05-19 15:37:52,509 [ERROR] agents.scanner_agent — Scanner: all providers failed for 'cosmetic dentist in Houston TX'
2026-05-19 15:37:56,509 [INFO] agents.scanner_agent — Scanner: scanning 'luxury real estate agent in Houston TX' in Houston, TX
2026-05-19 15:37:56,637 [WARNING] agents.scanner_agent — Scanner [serpapi]: 429 rate limit for 'luxury real estate agent in Houston TX'. Falling back to next provider...
2026-05-19 15:37:57,124 [WARNING] agents.scanner_agent — Scanner [outscraper] error (attempt 2/3): 402 Client Error: PAYMENT REQUIRED for url: https://api.app.outscraper.com/maps/search-v3?query=luxury+real+estate+agent+in+Houston+TX&limit=20&async=false. Retrying in 5s...
2026-05-19 15:38:02,658 [WARNING] agents.scanner_agent — Scanner [outscraper] error (attempt 3/3): 402 Client Error: PAYMENT REQUIRED for url: https://api.app.outscraper.com/maps/search-v3?query=luxury+real+estate+agent+in+Houston+TX&limit=20&async=false. Retrying in 10s...
2026-05-19 15:38:13,101 [WARNING] agents.scanner_agent — Scanner [outscraper]: exhausted retries for 'luxury real estate agent in Houston TX'. Trying next provider...
2026-05-19 15:38:13,102 [ERROR] agents.scanner_agent — Scanner: all providers failed for 'luxury real estate agent in Houston TX'
2026-05-19 15:38:17,103 [INFO] agents.scanner_agent — Scanner: scanning 'regenerative medicine clinic in Houston TX' in Houston, TX
2026-05-19 15:38:17,236 [WARNING] agents.scanner_agent — Scanner [serpapi]: 429 rate limit for 'regenerative medicine clinic in Houston TX'. Falling back to next provider...
2026-05-19 15:38:18,122 [WARNING] agents.scanner_agent — Scanner [outscraper] error (attempt 2/3): 402 Client Error: PAYMENT REQUIRED for url: https://api.app.outscraper.com/maps/search-v3?query=regenerative+medicine+clinic+in+Houston+TX&limit=20&async=false. Retrying in 5s...
2026-05-19 15:38:23,621 [WARNING] agents.scanner_agent — Scanner [outscraper] error (attempt 3/3): 402 Client Error: PAYMENT REQUIRED for url: https://api.app.outscraper.com/maps/search-v3?query=regenerative+medicine+clinic+in+Houston+TX&limit=20&async=false. Retrying in 10s...
2026-05-19 15:38:34,298 [WARNING] agents.scanner_agent — Scanner [outscraper]: exhausted retries for 'regenerative medicine clinic in Houston TX'. Trying next provider...
2026-05-19 15:38:34,299 [ERROR] agents.scanner_agent — Scanner: all providers failed for 'regenerative medicine clinic in Houston TX'
2026-05-19 15:38:38,299 [INFO] agents.scanner_agent — Scanner: scanning 'personal injury lawyer in San Francisco CA' in San Francisco, CA
2026-05-19 15:38:38,431 [WARNING] agents.scanner_agent — Scanner [serpapi]: 429 rate limit for 'personal injury lawyer in San Francisco CA'. Falling back to next provider...
2026-05-19 15:38:39,160 [WARNING] agents.scanner_agent — Scanner [outscraper] error (attempt 2/3): 402 Client Error: PAYMENT REQUIRED for url: https://api.app.outscraper.com/maps/search-v3?query=personal+injury+lawyer+in+San+Francisco+CA&limit=20&async=false. Retrying in 5s...
2026-05-19 15:38:44,615 [WARNING] agents.scanner_agent — Scanner [outscraper] error (attempt 3/3): 402 Client Error: PAYMENT REQUIRED for url: https://api.app.outscraper.com/maps/search-v3?query=personal+injury+lawyer+in+San+Francisco+CA&limit=20&async=false. Retrying in 10s...
2026-05-19 15:38:55,105 [WARNING] agents.scanner_agent — Scanner [outscraper]: exhausted retries for 'personal injury lawyer in San Francisco CA'. Trying next provider...
2026-05-19 15:38:55,106 [ERROR] agents.scanner_agent — Scanner: all providers failed for 'personal injury lawyer in San Francisco CA'
2026-05-19 15:38:59,106 [INFO] agents.scanner_agent — Scanner: scanning 'emergency plumber in San Francisco CA' in San Francisco, CA
2026-05-19 15:38:59,238 [WARNING] agents.scanner_agent — Scanner [serpapi]: 429 rate limit for 'emergency plumber in San Francisco CA'. Falling back to next provider...
2026-05-19 15:38:59,680 [WARNING] agents.scanner_agent — Scanner [outscraper] error (attempt 2/3): 402 Client Error: PAYMENT REQUIRED for url: https://api.app.outscraper.com/maps/search-v3?query=emergency+plumber+in+San+Francisco+CA&limit=20&async=false. Retrying in 5s...
2026-05-19 15:39:05,126 [WARNING] agents.scanner_agent — Scanner [outscraper] error (attempt 3/3): 402 Client Error: PAYMENT REQUIRED for url: https://api.app.outscraper.com/maps/search-v3?query=emergency+plumber+in+San+Francisco+CA&limit=20&async=false. Retrying in 10s...
2026-05-19 15:39:15,576 [WARNING] agents.scanner_agent — Scanner [outscraper]: exhausted retries for 'emergency plumber in San Francisco CA'. Trying next provider...
2026-05-19 15:39:15,577 [ERROR] agents.scanner_agent — Scanner: all providers failed for 'emergency plumber in San Francisco CA'
2026-05-19 15:39:19,577 [INFO] agents.scanner_agent — Scanner: scanning 'cosmetic dentist in San Francisco CA' in San Francisco, CA
2026-05-19 15:39:19,709 [WARNING] agents.scanner_agent — Scanner [serpapi]: 429 rate limit for 'cosmetic dentist in San Francisco CA'. Falling back to next provider...
2026-05-19 15:39:20,483 [WARNING] agents.scanner_agent — Scanner [outscraper] error (attempt 2/3): 402 Client Error: PAYMENT REQUIRED for url: https://api.app.outscraper.com/maps/search-v3?query=cosmetic+dentist+in+San+Francisco+CA&limit=20&async=false. Retrying in 5s...
2026-05-19 15:39:25,929 [WARNING] agents.scanner_agent — Scanner [outscraper] error (attempt 3/3): 402 Client Error: PAYMENT REQUIRED for url: https://api.app.outscraper.com/maps/search-v3?query=cosmetic+dentist+in+San+Francisco+CA&limit=20&async=false. Retrying in 10s...
2026-05-19 15:39:36,359 [WARNING] agents.scanner_agent — Scanner [outscraper]: exhausted retries for 'cosmetic dentist in San Francisco CA'. Trying next provider...
2026-05-19 15:39:36,360 [ERROR] agents.scanner_agent — Scanner: all providers failed for 'cosmetic dentist in San Francisco CA'
2026-05-19 15:39:40,360 [INFO] agents.scanner_agent — Scanner: scanning 'luxury real estate agent in San Francisco CA' in San Francisco, CA
2026-05-19 15:39:40,489 [WARNING] agents.scanner_agent — Scanner [serpapi]: 429 rate limit for 'luxury real estate agent in San Francisco CA'. Falling back to next provider...
2026-05-19 15:39:40,931 [WARNING] agents.scanner_agent — Scanner [outscraper] error (attempt 2/3): 402 Client Error: PAYMENT REQUIRED for url: https://api.app.outscraper.com/maps/search-v3?query=luxury+real+estate+agent+in+San+Francisco+CA&limit=20&async=false. Retrying in 5s...
2026-05-19 15:39:46,450 [WARNING] agents.scanner_agent — Scanner [outscraper] error (attempt 3/3): 402 Client Error: PAYMENT REQUIRED for url: https://api.app.outscraper.com/maps/search-v3?query=luxury+real+estate+agent+in+San+Francisco+CA&limit=20&async=false. Retrying in 10s...
2026-05-19 15:39:56,892 [WARNING] agents.scanner_agent — Scanner [outscraper]: exhausted retries for 'luxury real estate agent in San Francisco CA'. Trying next provider...
2026-05-19 15:39:56,893 [ERROR] agents.scanner_agent — Scanner: all providers failed for 'luxury real estate agent in San Francisco CA'
2026-05-19 15:40:00,893 [INFO] agents.scanner_agent — Scanner: scanning 'regenerative medicine clinic in San Francisco CA' in San Francisco, CA
2026-05-19 15:40:01,031 [WARNING] agents.scanner_agent — Scanner [serpapi]: 429 rate limit for 'regenerative medicine clinic in San Francisco CA'. Falling back to next provider...
2026-05-19 15:40:01,494 [WARNING] agents.scanner_agent — Scanner [outscraper] error (attempt 2/3): 402 Client Error: PAYMENT REQUIRED for url: https://api.app.outscraper.com/maps/search-v3?query=regenerative+medicine+clinic+in+San+Francisco+CA&limit=20&async=false. Retrying in 5s...
2026-05-19 15:40:06,986 [WARNING] agents.scanner_agent — Scanner [outscraper] error (attempt 3/3): 402 Client Error: PAYMENT REQUIRED for url: https://api.app.outscraper.com/maps/search-v3?query=regenerative+medicine+clinic+in+San+Francisco+CA&limit=20&async=false. Retrying in 10s...
2026-05-19 15:40:17,434 [WARNING] agents.scanner_agent — Scanner [outscraper]: exhausted retries for 'regenerative medicine clinic in San Francisco CA'. Trying next provider...
2026-05-19 15:40:17,436 [ERROR] agents.scanner_agent — Scanner: all providers failed for 'regenerative medicine clinic in San Francisco CA'
2026-05-19 15:40:21,436 [INFO] agents.scanner_agent — Scanner: scanning 'personal injury lawyer in Seattle WA' in Seattle, WA
2026-05-19 15:40:21,566 [WARNING] agents.scanner_agent — Scanner [serpapi]: 429 rate limit for 'personal injury lawyer in Seattle WA'. Falling back to next provider...
2026-05-19 15:40:22,011 [WARNING] agents.scanner_agent — Scanner [outscraper] error (attempt 2/3): 402 Client Error: PAYMENT REQUIRED for url: https://api.app.outscraper.com/maps/search-v3?query=personal+injury+lawyer+in+Seattle+WA&limit=20&async=false. Retrying in 5s...
2026-05-19 15:40:27,446 [WARNING] agents.scanner_agent — Scanner [outscraper] error (attempt 3/3): 402 Client Error: PAYMENT REQUIRED for url: https://api.app.outscraper.com/maps/search-v3?query=personal+injury+lawyer+in+Seattle+WA&limit=20&async=false. Retrying in 10s...
2026-05-19 15:40:37,881 [WARNING] agents.scanner_agent — Scanner [outscraper]: exhausted retries for 'personal injury lawyer in Seattle WA'. Trying next provider...
2026-05-19 15:40:37,881 [ERROR] agents.scanner_agent — Scanner: all providers failed for 'personal injury lawyer in Seattle WA'
2026-05-19 15:40:41,882 [INFO] agents.scanner_agent — Scanner: scanning 'emergency plumber in Seattle WA' in Seattle, WA
2026-05-19 15:40:42,009 [WARNING] agents.scanner_agent — Scanner [serpapi]: 429 rate limit for 'emergency plumber in Seattle WA'. Falling back to next provider...
2026-05-19 15:40:42,634 [WARNING] agents.scanner_agent — Scanner [outscraper] error (attempt 2/3): 402 Client Error: PAYMENT REQUIRED for url: https://api.app.outscraper.com/maps/search-v3?query=emergency+plumber+in+Seattle+WA&limit=20&async=false. Retrying in 5s...
2026-05-19 15:40:48,301 [WARNING] agents.scanner_agent — Scanner [outscraper] error (attempt 3/3): 402 Client Error: PAYMENT REQUIRED for url: https://api.app.outscraper.com/maps/search-v3?query=emergency+plumber+in+Seattle+WA&limit=20&async=false. Retrying in 10s...
2026-05-19 15:40:58,747 [WARNING] agents.scanner_agent — Scanner [outscraper]: exhausted retries for 'emergency plumber in Seattle WA'. Trying next provider...
2026-05-19 15:40:58,748 [ERROR] agents.scanner_agent — Scanner: all providers failed for 'emergency plumber in Seattle WA'
2026-05-19 15:41:02,748 [INFO] agents.scanner_agent — Scanner: scanning 'cosmetic dentist in Seattle WA' in Seattle, WA
2026-05-19 15:41:02,891 [WARNING] agents.scanner_agent — Scanner [serpapi]: 429 rate limit for 'cosmetic dentist in Seattle WA'. Falling back to next provider...
2026-05-19 15:41:03,409 [WARNING] agents.scanner_agent — Scanner [outscraper] error (attempt 2/3): 402 Client Error: PAYMENT REQUIRED for url: https://api.app.outscraper.com/maps/search-v3?query=cosmetic+dentist+in+Seattle+WA&limit=20&async=false. Retrying in 5s...
2026-05-19 15:41:09,299 [WARNING] agents.scanner_agent — Scanner [outscraper] error (attempt 3/3): 402 Client Error: PAYMENT REQUIRED for url: https://api.app.outscraper.com/maps/search-v3?query=cosmetic+dentist+in+Seattle+WA&limit=20&async=false. Retrying in 10s...
2026-05-19 15:41:20,068 [WARNING] agents.scanner_agent — Scanner [outscraper]: exhausted retries for 'cosmetic dentist in Seattle WA'. Trying next provider...
2026-05-19 15:41:20,069 [ERROR] agents.scanner_agent — Scanner: all providers failed for 'cosmetic dentist in Seattle WA'
2026-05-19 15:41:24,069 [INFO] agents.scanner_agent — Scanner: scanning 'luxury real estate agent in Seattle WA' in Seattle, WA
2026-05-19 15:41:24,218 [WARNING] agents.scanner_agent — Scanner [serpapi]: 429 rate limit for 'luxury real estate agent in Seattle WA'. Falling back to next provider...
2026-05-19 15:41:24,633 [WARNING] agents.scanner_agent — Scanner [outscraper] error (attempt 2/3): 402 Client Error: PAYMENT REQUIRED for url: https://api.app.outscraper.com/maps/search-v3?query=luxury+real+estate+agent+in+Seattle+WA&limit=20&async=false. Retrying in 5s...
2026-05-19 15:41:30,135 [WARNING] agents.scanner_agent — Scanner [outscraper] error (attempt 3/3): 402 Client Error: PAYMENT REQUIRED for url: https://api.app.outscraper.com/maps/search-v3?query=luxury+real+estate+agent+in+Seattle+WA&limit=20&async=false. Retrying in 10s...
2026-05-19 15:41:41,086 [WARNING] agents.scanner_agent — Scanner [outscraper]: exhausted retries for 'luxury real estate agent in Seattle WA'. Trying next provider...
2026-05-19 15:41:41,087 [ERROR] agents.scanner_agent — Scanner: all providers failed for 'luxury real estate agent in Seattle WA'
2026-05-19 15:41:45,087 [INFO] agents.scanner_agent — Scanner: scanning 'regenerative medicine clinic in Seattle WA' in Seattle, WA
2026-05-19 15:41:45,227 [WARNING] agents.scanner_agent — Scanner [serpapi]: 429 rate limit for 'regenerative medicine clinic in Seattle WA'. Falling back to next provider...
2026-05-19 15:41:45,675 [WARNING] agents.scanner_agent — Scanner [outscraper] error (attempt 2/3): 402 Client Error: PAYMENT REQUIRED for url: https://api.app.outscraper.com/maps/search-v3?query=regenerative+medicine+clinic+in+Seattle+WA&limit=20&async=false. Retrying in 5s...
2026-05-19 15:41:51,169 [WARNING] agents.scanner_agent — Scanner [outscraper] error (attempt 3/3): 402 Client Error: PAYMENT REQUIRED for url: https://api.app.outscraper.com/maps/search-v3?query=regenerative+medicine+clinic+in+Seattle+WA&limit=20&async=false. Retrying in 10s...
2026-05-19 15:42:01,717 [WARNING] agents.scanner_agent — Scanner [outscraper]: exhausted retries for 'regenerative medicine clinic in Seattle WA'. Trying next provider...
2026-05-19 15:42:01,718 [ERROR] agents.scanner_agent — Scanner: all providers failed for 'regenerative medicine clinic in Seattle WA'
2026-05-19 15:42:05,719 [INFO] agents.scanner_agent — Scanner: monthly usage after this run — SerpAPI 70/245, Outscraper 0/95, ValueSERP 0/95
2026-05-19 15:42:05,719 [INFO] local_seo_orchestrator —       Scanned 60 categories
2026-05-19 15:42:05,719 [INFO] local_seo_orchestrator — [2/5] Analyzer Agent: detecting rank changes...
2026-05-19 15:42:05,825 [INFO] agents.analyzer_agent — Analyzer: found 26 rank drop alerts across 60 categories
2026-05-19 15:42:05,828 [INFO] local_seo_orchestrator —       Found 26 rank drop alerts
2026-05-19 15:42:05,829 [INFO] local_seo_orchestrator — [3/5] Outreach Agent: sending teaser emails for 26 drops...
2026-05-19 15:42:07,057 [INFO] agents.outreach_agent — Outreach: no valid email for The Perecman Firm, P.L.L.C. (got: None)
2026-05-19 15:42:08,336 [INFO] agents.outreach_agent — Outreach: no valid email for Shulman & Hill - Manhattan Personal Injury Lawyer (got: None)
2026-05-19 15:42:09,318 [INFO] agents.outreach_agent — Outreach: no valid email for Shulman & Hill - Brooklyn Personal Injury Lawyer (got: None)
2026-05-19 15:42:10,041 [INFO] agents.outreach_agent — Outreach: no valid email for The Rothenberg Law Firm Accident And Injury Lawyers (got: None)
2026-05-19 15:42:10,898 [INFO] agents.outreach_agent — Outreach: no valid email for A&E NYC Plumbing (got: None)
2026-05-19 15:42:12,215 [INFO] agents.outreach_agent — Found email info@riteplumbingnyc.com on http://www.riteplumbingnyc.com/
2026-05-19 15:42:13,517 [INFO] agents.outreach_agent — Outreach: teaser email sent to info@riteplumbingnyc.com (Rite Plumbing & Heating Inc)
2026-05-19 15:42:20,128 [INFO] agents.outreach_agent — Outreach: no valid email for Emergency Plumbing Help Brooklyn (got: None)
2026-05-19 15:42:20,392 [INFO] agents.outreach_agent — Found email nystaff@faktordmd.com on https://faktordmd.com/new-york/?utm_source=GMBListing&utm_medium=Organic&utm_campaign=GMB
2026-05-19 15:42:21,363 [INFO] agents.outreach_agent — Outreach: teaser email sent to nystaff@faktordmd.com (FaktorDMD Cosmetic Dentistry & Implants - NYC)
2026-05-19 15:42:27,006 [INFO] agents.outreach_agent — Outreach: no valid email for Most NYC Realty 뉴욕부동산 (got: None)
2026-05-19 15:42:27,246 [INFO] agents.outreach_agent — Found email info@maximregen.com on https://maximregen.com/locations/new-york-city/?utm_source=google&utm_medium=organic&utm_campaign=gmb-nyc&utm_content=website
2026-05-19 15:42:28,301 [INFO] agents.outreach_agent — Outreach: teaser email sent to info@maximregen.com (Maxim ReGen)
2026-05-19 15:42:31,635 [INFO] agents.outreach_agent — Found email info@levinlegalhelp.com on https://www.levinlegalhelp.com/
2026-05-19 15:42:32,765 [INFO] agents.outreach_agent — Outreach: teaser email sent to info@levinlegalhelp.com (Law Offices of Jennie Levin, P.C.)
2026-05-19 15:42:36,226 [INFO] agents.outreach_agent — Found email info@themvp.com on https://themvp.com/?utm_source=gbp&utm_campaign=Los+Angeles
2026-05-19 15:42:37,189 [INFO] agents.outreach_agent — Outreach: teaser email sent to info@themvp.com (MVP Accident Attorneys)
2026-05-19 15:42:41,419 [INFO] agents.outreach_agent — Outreach: no valid email for J&Y Law Injury and Accident Attorneys (got: None)
2026-05-19 15:42:42,521 [INFO] agents.outreach_agent — Outreach: no valid email for Accident Attorney - Pourshalimy, PC - Los Angeles (got: None)
2026-05-19 15:42:47,752 [INFO] agents.outreach_agent — Found email info@247rooterservice.com on https://www.247rooterservice.com/
2026-05-19 15:42:48,699 [INFO] agents.outreach_agent — Outreach: teaser email sent to info@247rooterservice.com (24/7 Rooter Service)
2026-05-19 15:42:54,901 [INFO] agents.outreach_agent — Outreach: no valid email for SoCal Emergency Plumbing Los Angeles (got: None)
2026-05-19 15:42:57,063 [INFO] agents.outreach_agent — Outreach: no valid email for Beverly Grove Dentistry (got: None)
2026-05-19 15:42:57,295 [INFO] agents.outreach_agent — Found email info@centurysmilemaker.com on https://centurysmilemaker.com/
2026-05-19 15:42:58,317 [INFO] agents.outreach_agent — Outreach: teaser email sent to info@centurysmilemaker.com (Century Smile Maker)
2026-05-19 15:43:02,030 [INFO] agents.outreach_agent — Found email office@downtowndentalla.com on http://www.downtowndentalla.com/
2026-05-19 15:43:02,978 [INFO] agents.outreach_agent — Outreach: teaser email sent to office@downtowndentalla.com (Downtown Dental)
2026-05-19 15:43:06,912 [INFO] agents.outreach_agent — Found email info@domain.com on http://www.estheticdentistry.net/
2026-05-19 15:43:07,894 [INFO] agents.outreach_agent — Outreach: teaser email sent to info@domain.com (Esthetic Dentistry)
2026-05-19 15:43:10,993 [INFO] agents.outreach_agent — Outreach: no valid email for Pezzini Luxury Homes (got: None)
2026-05-19 15:43:13,736 [INFO] agents.outreach_agent — Found email team@sellinglaluxury.com on https://www.sellinglaluxury.com/
2026-05-19 15:43:14,706 [INFO] agents.outreach_agent — Outreach: teaser email sent to team@sellinglaluxury.com (Rodeo Realty)
2026-05-19 15:43:23,973 [INFO] agents.outreach_agent — Outreach: no valid email for L34 Group (got: None)
2026-05-19 15:43:26,188 [INFO] agents.outreach_agent — Outreach: no valid email for Joint Rehab and Sports Medical Center (got: None)
2026-05-19 15:43:29,760 [INFO] agents.outreach_agent — Outreach: no valid email for AMA Regenerative Medicine & Skincare (got: None)
2026-05-19 15:43:30,766 [INFO] agents.outreach_agent — Found email Care@AdvancedBioCell.com on https://advancedbiocell.com/
2026-05-19 15:43:31,778 [INFO] agents.outreach_agent — Outreach: teaser email sent to Care@AdvancedBioCell.com (Advanced BioCell)
2026-05-19 15:43:34,778 [INFO] agents.outreach_agent — Outreach batch complete: sent=11 (subscribers=0), no_email=15, failed=0
2026-05-19 15:43:34,779 [INFO] local_seo_orchestrator — [4/5] Fulfillment: registering 11 alerts for payment...
2026-05-19 15:43:34,784 [INFO] agents.fulfillment_agent — Fulfillment: registered 11 alerts for post-payment delivery
2026-05-19 15:43:34,784 [INFO] local_seo_orchestrator — [5/5] Monitor Agent: recording stats...
2026-05-19 15:43:35,816 [INFO] local_seo_orchestrator — ============================================================
2026-05-19 15:43:35,816 [INFO] local_seo_orchestrator — Pipeline complete. 26 rank drop alerts, emails sent.
2026-05-19 15:43:35,816 [INFO] local_seo_orchestrator — ============================================================
